06-26 17:08:36.510  3449  4993 D KeyguardControllerExtImpl: handleOccludedChanged occlude = false isKeyguardLocked = false executeTransition = false
06-26 17:08:36.510  3449  4993 D ActivityTaskManager: setAppVisibility(Token{972717 ActivityRecord{129449304 u0 com.google.android.dialer/com.android.dialer.incall.activity.ui.InCallActivity t41536}}, visible=true):  visible=false mVisibleRequested=false
06-26 17:08:36.510  3449  4993 D ActivityTaskManager: setVisibility(Token{972717 ActivityRecord{129449304 u0 com.google.android.dialer/com.android.dialer.incall.activity.ui.InCallActivity t41536}}, visible=true) defer commitVisibility for transition collecting
06-26 17:08:36.510  3449  4993 D ActivityTaskManager: setAppVisibility(Token{811134c ActivityRecord{157811165 u0 com.whatsapp/.Conversation t41535}}, visible=false):  visible=true mVisibleRequested=true
06-26 17:08:36.510  3449  4993 D ActivityTaskManager: setVisibility(Token{811134c ActivityRecord{157811165 u0 com.whatsapp/.Conversation t41535}}, visible=false) defer commitVisibility for transition collecting
06-26 17:08:36.511  3449  4993 D ActivityTaskManager: The isLandscapeFullscreenEnabled is: com.google.android.dialer/com.android.dialer.incall.activity.ui.InCallActivity
06-26 17:08:36.511  3449  4993 D ActivityTaskManager: The isLandscapeFullscreenEnabled is: com.google.android.dialer/com.android.dialer.incall.activity.ui.InCallActivity
06-26 17:08:36.511  3449  4993 D ActivityTaskManager: The isLandscapeFullscreenEnabled is: com.google.android.dialer/com.android.dialer.incall.activity.ui.InCallActivity
06-26 17:08:36.511  3449  4993 D FlexibleTaskController: isFullToFlexibleAnimating: false
06-26 17:08:36.511  3449  4993 D WindowManager: rotation(ROTATION_0) no changed  displayId = 0, lastOrientation = 2
06-26 17:08:36.511  3449  4993 D ActivityTaskManager: The isLandscapeFullscreenEnabled is: com.google.android.dialer/com.android.dialer.incall.activity.ui.InCallActivity
06-26 17:08:36.511  3449  4993 D ActivityTaskManager: The isLandscapeFullscreenEnabled is: com.google.android.dialer/com.android.dialer.incall.activity.ui.InCallActivity
06-26 17:08:36.511  3449  4993 D ActivityTaskManager: The isLandscapeFullscreenEnabled is: com.google.android.dialer/com.android.dialer.incall.activity.ui.InCallActivity
06-26 17:08:36.511  3449  4993 D ActivityTaskManager: The isLandscapeFullscreenEnabled is: com.google.android.dialer/com.android.dialer.incall.activity.ui.InCallActivity
06-26 17:08:36.511  3449  4993 D ActivityTaskManager: The isLandscapeFullscreenEnabled is: com.google.android.dialer/com.android.dialer.incall.activity.ui.InCallActivity
06-26 17:08:36.511  3449  4993 D ActivityTaskManager: The isLandscapeFullscreenEnabled is: com.google.android.dialer/com.android.dialer.incall.activity.ui.InCallActivity
06-26 17:08:36.511  3449  4993 D ActivityTaskManager: The isLandscapeFullscreenEnabled is: com.google.android.dialer/com.android.dialer.incall.activity.ui.InCallActivity
06-26 17:08:36.511  3449  4993 D ActivityTaskManager: The isLandscapeFullscreenEnabled is: com.google.android.dialer/com.android.dialer.incall.activity.ui.InCallActivity
06-26 17:08:36.511  3449  4993 D ActivityTaskManager: The isLandscapeFullscreenEnabled is: com.google.android.dialer/com.android.dialer.incall.activity.ui.InCallActivity
06-26 17:08:36.511  3449  4993 D ActivityTaskManager: setAppVisibility(Token{972717 ActivityRecord{129449304 u0 com.google.android.dialer/com.android.dialer.incall.activity.ui.InCallActivity t41536}}, visible=true):  visible=false mVisibleRequested=true
06-26 17:08:36.511  3449  4993 D ActivityTaskManager: setVisibility(Token{972717 ActivityRecord{129449304 u0 com.google.android.dialer/com.android.dialer.incall.activity.ui.InCallActivity t41536}}, visible=true) defer commitVisibility for transition collecting
06-26 17:08:36.511  3449  4993 D OplusDexOptimizeManager: basepath == oldPackagePath! com.google.android.dialer
06-26 17:08:36.511  3449  4993 D OplusFeatureColorMode: ColorMode getColorMode =0
06-26 17:08:36.511  3449  4993 D ColorDisplayServiceExtImpl: getWCGVersion1App, packageName=com.google.android.dialer, sSupportWCG1 = true, sSupportWCG3 = false, nRet = 0
06-26 17:08:36.511  3449  4993 D ActivityTaskManager: onWindowFocusChanged Task{a9b2f96 #41536 type=standard A=10286:com.google.android.dialer} would transfer to compact
06-26 17:08:36.511  3449  3752 I UserAwareMgr: handleTopAppChanged: com.google.android.dialer, pid: 13536, uid: 10286
06-26 17:08:36.511  3449  3752 I UserAwareMgr: can not find matched top app: com.google.android.dialer
06-26 17:08:36.512  3449  4993 D ActivityTaskManager: NFW_setLastResumedActivityUncheckLocked:true r:ActivityRecord{129449304 u0 com.google.android.dialer/com.android.dialer.incall.activity.ui.InCallActivity t41536} currentFocus:Window{e762bfe u0 SeedlingCard}
06-26 17:08:36.512  3449  4993 D WindowManager: NFW_findFocusedWindowIfNeeded:Window{e762bfe u0 SeedlingCard} mCurrentFocus:Window{e762bfe u0 SeedlingCard}
06-26 17:08:36.512  3449  4993 D WindowManager: NFW_findFocusedWindowIfNeeded:null mCurrentFocus:null
06-26 17:08:36.512  3449  4993 D FlexibleTaskController: onTaskFocusChanged prevTask:Task{7d4c520 #41535 type=standard A=10353:com.whatsapp} ,currentTask:Task{a9b2f96 #41536 type=standard A=10286:com.google.android.dialer}, reason: realStartActivityLocked - onActivityStateChanged
06-26 17:08:36.512  3449  4993 D OplusFlexibleDCSManager: onNextPkgChanged pkg = com.google.android.dialer
06-26 17:08:36.512  3449  4993 I OplusJoystickManager: handleApplicationSwitch deprecated!
06-26 17:08:36.512  3449  4993 I GameManagerServiceExt-GameManagerServiceExt: on FG change: com.whatsapp|com.google.android.dialer
06-26 17:08:36.512  3449  4993 I OplusAppSwitchManagerService: com.google.android.dialer notifyGcSupression , firstStart = false
06-26 17:08:36.512  3449  3818 D OplusAppSwitchListener: App Activity Change
06-26 17:08:36.512  3449  3818 D OplusAppSwitchListener: Detect com.whatsapp switch to background
06-26 17:08:36.512  3449  3818 D OplusFeatureReduceBrightness: onAppExit , info = com.whatsapp
06-26 17:08:36.513  3449  4993 D ActivityTaskManager: The isLandscapeFullscreenEnabled is: com.google.android.dialer/com.android.dialer.incall.activity.ui.InCallActivity
06-26 17:08:36.513  3449  3818 D OplusFeatureFoss: foss for pkg=com.whatsapp
06-26 17:08:36.513  3449  4993 D ActivityTaskManager: The isLandscapeFullscreenEnabled is: com.google.android.dialer/com.android.dialer.incall.activity.ui.InCallActivity
06-26 17:08:36.514  3449  4993 D DisplayModeDirector: setAppRequest displayId : 17  modeId: 0  requestedRefreshRate: 0.0  requestedMinRefreshRateRange: 0.0  requestedMaxRefreshRateRange: 0.0
06-26 17:08:36.514  3449  3818 D OplusFeatureFoss: onAppExit , info = com.whatsapp
06-26 17:08:36.514  3449  3818 D OplusAppSwitchListener: Detect com.google.android.dialer switch to foreground
06-26 17:08:36.514  3449  4993 D DisplayModeDirector: setAppRequest displayId : 0  modeId: 1  requestedRefreshRate: 0.0  requestedMinRefreshRateRange: 0.0  requestedMaxRefreshRateRange: 120.00001
06-26 17:08:36.515  3449  4993 I TaskOrganizerController: onTaskInfoChanged taskid 41535 config { mBounds=Rect(0, 0 - 1264, 2780) mAppBounds=Rect(0, 0 - 1264, 2780) mMaxBounds=Rect(0, 0 - 1264, 2780) mDisplayRotation=ROTATION_0 mWindowingMode=fullscreen mActivityType=standard mAlwaysOnTop=undefined mRotation=ROTATION_0}
06-26 17:08:36.516  3449  4993 D OplusVisibleTasks:  notifyTaskFocusChange no need.
06-26 17:08:36.516  3449  4993 D OplusFlexibleDragToSplitAnimController: visibleFlexibleTaskInfos delete:41535
06-26 17:08:36.516  3449  4993 E FlexibleWindowManagerService: notifyTaskObserverToAttachController not need to notify!
06-26 17:08:36.516  3449  4993 I FlexibleWindowManagerService: onFlexibleWindowTaskInfoChanged, return for cur task not embedded
06-26 17:08:36.517  3449  5493 V WindowManager: Relayout Window{cba0407 u0 Splash Screen com.google.android.dialer}: viewVisibility=0, oldvis=0, req=1264x2780 , apr = 0, , x=0, y=0
06-26 17:08:36.517  3449  5493 I WindowManager: Window{cba0407 u0 Splash Screen com.google.android.dialer} state from NO_SURFACE to DRAW_PENDING; reason: resetDrawState
06-26 17:08:36.517  3449  5493 D DisplayModeDirector: setAppRequest displayId : 17  modeId: 0  requestedRefreshRate: 0.0  requestedMinRefreshRateRange: 0.0  requestedMaxRefreshRateRange: 0.0
06-26 17:08:36.518  3449  5493 D DisplayModeDirector: setAppRequest displayId : 0  modeId: 1  requestedRefreshRate: 0.0  requestedMinRefreshRateRange: 0.0  requestedMaxRefreshRateRange: 120.00001
06-26 17:08:36.519  3449  5493 D WindowManager: NFW_findFocusedWindowIfNeeded:Window{e762bfe u0 SeedlingCard} mCurrentFocus:Window{e762bfe u0 SeedlingCard}
06-26 17:08:36.519  3449  5493 D WindowManager: NFW_findFocusedWindowIfNeeded:null mCurrentFocus:null
06-26 17:08:36.519  3449  5493 D ActivityTaskManager: The isLandscapeFullscreenEnabled is: com.google.android.dialer/com.android.dialer.incall.activity.ui.InCallActivity
06-26 17:08:36.519  3449  5493 D ActivityTaskManager: The isLandscapeFullscreenEnabled is: com.google.android.dialer/com.android.dialer.incall.activity.ui.InCallActivity
06-26 17:08:36.520  5213  5282 W VRI[dialer]: updateBlastSurfaceIfNeeded, surfaceSize:Point(1264, 2780), lastSurfaceSize:Point(0, 0), format:-3, blastBufferQueue:null
06-26 17:08:36.520 13536 31526 I DisplayManager: Choreographer implicitly registered for the refresh rate.
06-26 17:08:36.521  3449  3818 D OplusFeatureFoss: Foss Ratio = 0.15 enable = false id = 2
06-26 17:08:36.522 13536 13536 D ResourcesManagerExtImpl: applyConfigurationToAppResourcesLocked app.getDisplayId() return callback.displayId:0
06-26 17:08:36.522  3449  7399 D OplusEapManager: mTargetExitName :com.whatsapp
06-26 17:08:36.528  3449  3765 E OplusThermalStats: Error getting package info: com.google.android.dialer
06-26 17:08:36.529  3449  7399 D OplusAppSwitchRuleInfo: generateAppEnterInfo - launch_source_type =  , launch_source_traceid = 
06-26 17:08:36.529  3449  8421 D WindowManager: onSyncFinishedDrawing: Window{cba0407 u0 Splash Screen com.google.android.dialer}
06-26 17:08:36.529  3449  8421 I WindowManager: finishDrawing skipLayout:false,syncSeqId=0,mPrepareSyncSeqId=0 Window{cba0407 u0 Splash Screen com.google.android.dialer} com.android.server.wm.WindowManagerService.finishDrawingWindow:3230 com.android.server.wm.Session.finishDrawing:403 android.view.IWindowSession$Stub.onTransact:807 
06-26 17:08:36.529  3449  8421 I WindowManager: Window{cba0407 u0 Splash Screen com.google.android.dialer} state from DRAW_PENDING to COMMIT_DRAW_PENDING; reason: finishDrawingLocked
06-26 17:08:36.529  3449  7399 D ActivityTaskManager: The isLandscapeFullscreenEnabled is: com.google.android.dialer/com.android.dialer.incall.activity.ui.InCallActivity
06-26 17:08:36.529  3449  7399 D ActivityTaskManager: The isLandscapeFullscreenEnabled is: com.google.android.dialer/com.android.dialer.incall.activity.ui.InCallActivity
06-26 17:08:36.529  5213  5282 W VRI[dialer]: handleResized, msg:, frameChanged:false, configChanged:false, displayChanged:false, attachedFrameChanged:false, compatScaleChanged:false, pendingDragResizing=false
06-26 17:08:36.529  3449  3743 D DisplayModeDirector: setAppRequest displayId : 17  modeId: 0  requestedRefreshRate: 0.0  requestedMinRefreshRateRange: 0.0  requestedMaxRefreshRateRange: 0.0
06-26 17:08:36.530  3449  7399 D ActivityTaskManager: The isLandscapeFullscreenEnabled is: com.google.android.dialer/com.android.dialer.incall.activity.ui.InCallActivity
06-26 17:08:36.530  3449  7399 D OplusEapManager: mTargetEnterName :com.google.android.dialer
06-26 17:08:36.530  3449  3743 I WindowManager: Window{cba0407 u0 Splash Screen com.google.android.dialer} state from COMMIT_DRAW_PENDING to READY_TO_SHOW; reason: commitFinishDrawingLocked
06-26 17:08:36.530  3449  3743 D ActivityTaskManager: onStartingWindowDrawn: app=ProcessRecord{e2df741 13536:com.google.android.dialer/u0a286}, mStartingData=SplashScreenStartingData{d01f35d removeAfterTransaction= 0}, finishing=false,mLaunchedFromBubble=false, mVisibleRequested=true, mDisplayContent=Display{#0 state=ON size=1264x2780 ROTATION_0}, isZoomMode=false
06-26 17:08:36.530  3449  7399 D OplusAppSwitchRuleInfo: generateAppEnterInfo - launch_source_type =  , launch_source_traceid = 
06-26 17:08:36.530  3449  7399 D ActivityTaskManager: The isLandscapeFullscreenEnabled is: com.google.android.dialer/com.android.dialer.incall.activity.ui.InCallActivity
06-26 17:08:36.530  3449  7399 D ActivityTaskManager: The isLandscapeFullscreenEnabled is: com.google.android.dialer/com.android.dialer.incall.activity.ui.InCallActivity
06-26 17:08:36.530  3449  3743 D DisplayModeDirector: setAppRequest displayId : 0  modeId: 1  requestedRefreshRate: 0.0  requestedMinRefreshRateRange: 0.0  requestedMaxRefreshRateRange: 120.00001
06-26 17:08:36.530  3449  7399 D ActivityTaskManager: The isLandscapeFullscreenEnabled is: com.google.android.dialer/com.android.dialer.incall.activity.ui.InCallActivity
06-26 17:08:36.530  3449  7399 D OplusAppSwitchRuleInfo: generateAppEnterInfo - launch_source_type =  , launch_source_traceid = 
06-26 17:08:36.530  3449  3742 D BatteryStatsImplExtImpl: pausedBatteryLevel:50 activityFocusedTimeInMin:0
06-26 17:08:36.530  3449  7399 D ActivityTaskManager: The isLandscapeFullscreenEnabled is: com.google.android.dialer/com.android.dialer.incall.activity.ui.InCallActivity
06-26 17:08:36.531  3449  7399 D ActivityTaskManager: The isLandscapeFullscreenEnabled is: com.google.android.dialer/com.android.dialer.incall.activity.ui.InCallActivity
06-26 17:08:36.531  3449  7399 D ActivityTaskManager: The isLandscapeFullscreenEnabled is: com.google.android.dialer/com.android.dialer.incall.activity.ui.InCallActivity
06-26 17:08:36.531  3449  3743 D ActivityTaskManager: commitVisibility: ActivityRecord{129449304 u0 com.google.android.dialer/com.android.dialer.incall.activity.ui.InCallActivity t41536}: visible=true visibleRequested=true, isInTransition=true 
06-26 17:08:36.531  3449  3743 I WindowManager: Window{cba0407 u0 Splash Screen com.google.android.dialer} state from READY_TO_SHOW to HAS_DRAWN; reason: performShowLocked
06-26 17:08:36.531  3449  3743 I WindowStateExtImpl: onSurfaceShowChange show = true mPackageName = com.google.android.dialer parentPkgName = com.google.android.dialer
06-26 17:08:36.531  3449  7399 D OplusAppSwitchRuleInfo: generateAppEnterInfo - launch_source_type =  , launch_source_traceid = 
06-26 17:08:36.531  3449  7399 D ActivityTaskManager: The isLandscapeFullscreenEnabled is: com.google.android.dialer/com.android.dialer.incall.activity.ui.InCallActivity
06-26 17:08:36.531  3449  3743 D CoreBackPreview:  return markWindowHasDrawn mComposed: false  mWaitTransition: false
06-26 17:08:36.531  3449  3743 E OplusAppQuickStart_AppQuickStartController: not start from launcher transition:205
06-26 17:08:36.532  3449  3743 D OplusTransitionAnimationManager: activityRecordCount0fullScreenArBeHindStartingWindow null
06-26 17:08:36.532  3449  3743 D OplusTransitionAnimationManager: activityRecordCount0fullScreenArBeHindStartingWindow null
06-26 17:08:36.533  3449  3743 D OplusTransitionAnimationManager: markCanUseSpringSlideAnim for TransitionRecord{834c991 id=205 track=0 type=OPEN flags=0x0 state=2 c=[
06-26 17:08:36.533  3449  3743 D OplusTransitionAnimationManager:    ChangeInfo{b0a30f6 container=ActivityRecord{129449304 u0 com.google.android.dialer/com.android.dialer.incall.activity.ui.InCallActivity t41536} flags=0x0}
06-26 17:08:36.533  3449  3743 D OplusTransitionAnimationManager:    ChangeInfo{285fcf7 container=Task{7d4c520 #41535 type=standard A=10353:com.whatsapp} flags=0x10}
06-26 17:08:36.533  3449  3743 D OplusTransitionAnimationManager:    ChangeInfo{42a2764 container=Display{#0 state=ON size=1264x2780 ROTATION_0} flags=0x0}
06-26 17:08:36.533  3449  3743 D OplusTransitionAnimationManager:    ChangeInfo{94b6dcd container=ActivityRecord{157811165 u0 com.whatsapp/.Conversation t41535} flags=0x0}
06-26 17:08:36.533  3449  3743 D OplusTransitionAnimationManager:    ChangeInfo{a206682 container=Task{a9b2f96 #41536 type=standard A=10286:com.google.android.dialer} flags=0x10}
06-26 17:08:36.533  3449  3743 D OplusTransitionAnimationManager:    ChangeInfo{9937193 container=DefaultTaskDisplayArea@193165965 flags=0x0}
06-26 17:08:36.533  3449  3743 D OplusTransitionAnimationManager: ]
06-26 17:08:36.533  3449  3743 D OplusTransitionAnimationManager: }
06-26 17:08:36.533  3449  3743 D QuickBackInputPolicy: resetInputInterceptState for remoteTransition: false
06-26 17:08:36.534 13536 13536 D OplusPredictiveBackController: should not HookOnBackInvokedCallbackEnabled for application com.android.dialer.incall.activity.ui.InCallActivity@7cb1981 hasOnBackInvokedCallBackEnabled
06-26 17:08:36.534  3449  3820 D VRR [OPlusRefreshRateService]: handleFrontAppChange pkgName: com.google.android.dialer
06-26 17:08:36.534  3449  3820 D VRR [OPlusSAManager]: updateAutoMinfps for 4630946652107814787 with nits: 10.858397, mHistOK true, mAmbientOK true, mCctOK true, mIrOK true, mBrightnessOK true, isPkgOK true, SA min fps: 0
06-26 17:08:36.534  3449  3743 W WindowManager: captureTaskSnapshot mSnapshotMode= 0 source=Task{7d4c520 #41535 type=standard A=10353:com.whatsapp}
06-26 17:08:36.534  5213  5390 V WindowManagerShell: onTransitionReady(transaction=14813342252431)
06-26 17:08:36.534  3449  3743 D TaskSnapshotControllerExtImpl: createTaskSnapshot isCompatMode:false, isCompactWindow:false
06-26 17:08:36.534  3449  3743 W AbsAppSnapshotControllerExtImpl: updateExcludeLayers, addExcludeLayerList is null or empty, return excludeLayers
06-26 17:08:36.531  3449  7399 D ActivityTaskManager: The isLandscapeFullscreenEnabled is: com.google.android.dialer/com.android.dialer.incall.activity.ui.InCallActivity
06-26 17:08:36.535  3449  7399 D ActivityTaskManager: The isLandscapeFullscreenEnabled is: com.google.android.dialer/com.android.dialer.incall.activity.ui.InCallActivity
06-26 17:08:36.535  3449  7399 D OplusAppSwitchRuleInfo: generateAppEnterInfo - launch_source_type =  , launch_source_traceid = 
06-26 17:08:36.535  3449  7399 D ActivityTaskManager: The isLandscapeFullscreenEnabled is: com.google.android.dialer/com.android.dialer.incall.activity.ui.InCallActivity
06-26 17:08:36.535  3449  7399 D ActivityTaskManager: The isLandscapeFullscreenEnabled is: com.google.android.dialer/com.android.dialer.incall.activity.ui.InCallActivity
06-26 17:08:36.536  3449  7399 D ActivityTaskManager: The isLandscapeFullscreenEnabled is: com.google.android.dialer/com.android.dialer.incall.activity.ui.InCallActivity
06-26 17:08:36.536  3449  7399 D OplusAppSwitchRuleInfo: generateAppEnterInfo - launch_source_type =  , launch_source_traceid = 
06-26 17:08:36.536  3449  7399 D ActivityTaskManager: The isLandscapeFullscreenEnabled is: com.google.android.dialer/com.android.dialer.incall.activity.ui.InCallActivity
06-26 17:08:36.536  3449  7399 D ActivityTaskManager: The isLandscapeFullscreenEnabled is: com.google.android.dialer/com.android.dialer.incall.activity.ui.InCallActivity
06-26 17:08:36.536  3449  7399 D ActivityTaskManager: The isLandscapeFullscreenEnabled is: com.google.android.dialer/com.android.dialer.incall.activity.ui.InCallActivity
06-26 17:08:36.536  5213  5262 V WindowManagerShell: onTransitionReady (#205) android.os.BinderProxy@8f9178: {id=205 t=OPEN f=0x0 trk=0 r=[0@Point(0, 0)] c=[
06-26 17:08:36.536  5213  5262 V WindowManagerShell:         {m=OPEN f=NONE leash=Surface(name=Task=41536)/@0x90cdff2 sb=Rect(0, 0 - 1264, 2780) eb=Rect(0, 0 - 1264, 2780) epz=Point(1264, 2780) d=0 taskParent=-1},
06-26 17:08:36.536  5213  5262 V WindowManagerShell:         {m=TO_BACK f=NONE leash=Surface(name=Task=41535)/@0xde34643 sb=Rect(0, 0 - 1264, 2780) eb=Rect(0, 0 - 1264, 2780) epz=Point(1264, 2780) d=0 taskParent=-1}
06-26 17:08:36.536  5213  5262 V WindowManagerShell:     ] 
06-26 17:08:36.536  5213  5262 V WindowManagerShell: extendInfo=[
06-26 17:08:36.536  5213  5262 V WindowManagerShell:  OplusTransitionExtendedInfo{mTmpFinishT=null, mInOplusCompatMode=false, mIsProcessRunning=false, mHasMismatchBoundsTarget=false, mRecentsController=null, mRemoteTransition=null, mIsTranslucentActivityToHome=false, mAvoidInterceptKeyEventToHome=false, mIsFromHome=false, mParentLeash=null, mBackAnimClosingLeash=null, mReparentToRecentsSurface=null, mIsOplusAnimRes=false, mKeepBgForContinuous=false, mIsBalAllow=false, mTaskNotInRecent=false, mIsPredictiveBackAnim=false, mIsMergedWithPredictive=false, mIsLaunchFromSpruce=false, mIsLaunchFromDrive=false, mGlobalSearchPageSwitch=false, mNeedNoAlphaGlobalSearchScene=false, mAssistScreenShowing=false, mSwipeUpBrowserScreenShowing=false, mUserIdTransition=0
06-26 17:08:36.536  5213  5262 V WindowManagerShell: , mInRemoteScene=false, mInPreReady=false, mPreStart=false, mToken=null, mAbortByRemoteFromHome=false, mShellApplyToken=null, mRequestTransitionTaskId=41536, mAbortTransitionOnShell=0, mStartFromShortcut=false, mRemovedTaskId=-1, mTransitionInterruptType=0, mMergeSecondTaskId=-1, mIsStartAheadSpruce=false, mTaskIdStartFromRecents=0, mTransitionId=205, mCanUseSpringSlideAnim=true, mTransitionLaunchFrom=2, mFoldChangeType=-1, mAnimStartingPosition=[0, 0, 0, 0], mIsOpeningStkDialogActivity=false, mSecondaryHomeToFrontWhenUnFolding=false, mIsNeedApplyStartTForEmbedded=false
06-26 17:08:36.536  5213  5262 V WindowManagerShell: , mNeedCanvasExitAnim=false, mMergeSecondTaskAnimation=false, mIsLaunchUnityStart=false, mIsLaunchFromAssistantByDefault=false, mSkipRemoteTransitionfalse, mPromoteTaskWhenKeyguard-1, mIsStartFromKeyguard=false, mMatchRemoteFilter=false flags=0x0, mFlexibleTaskIdList=[], mExpectEndRectState=-1, mFlexibleWindowForRecentTasks=false, mRecentTaskIdList=[], mWCT=null, mIsOpenMergeToInValidPredictive=false, mRootLayerZOrderArray={}}]}
06-26 17:08:36.536  3449  7399 D OplusAppSwitchRuleInfo: generateAppEnterInfo - launch_source_type =  , launch_source_traceid = 
06-26 17:08:36.536  3449  7399 D ActivityTaskManager: The isLandscapeFullscreenEnabled is: com.google.android.dialer/com.android.dialer.incall.activity.ui.InCallActivity
06-26 17:08:36.536  3449  7399 D ActivityTaskManager: The isLandscapeFullscreenEnabled is: com.google.android.dialer/com.android.dialer.incall.activity.ui.InCallActivity
06-26 17:08:36.536  3449  7399 D ActivityTaskManager: The isLandscapeFullscreenEnabled is: com.google.android.dialer/com.android.dialer.incall.activity.ui.InCallActivity
06-26 17:08:36.536  5213  5262 V WindowManagerShell: Playing animation for (#205) android.os.BinderProxy@8f9178@0
06-26 17:08:36.536  3449  7399 D OplusAppSwitchRuleInfo: generateAppEnterInfo - launch_source_type =  , launch_source_traceid = 
06-26 17:08:36.536  3449  7399 D ActivityTaskManager: The isLandscapeFullscreenEnabled is: com.google.android.dialer/com.android.dialer.incall.activity.ui.InCallActivity
06-26 17:08:36.536  3449  7399 D ActivityTaskManager: The isLandscapeFullscreenEnabled is: com.google.android.dialer/com.android.dialer.incall.activity.ui.InCallActivity
06-26 17:08:36.537  5213  5262 V WindowManagerShell:  try firstHandler com.android.wm.shell.transition.DefaultMixedHandler@86bc5bf
06-26 17:08:36.537  3449  7399 D ActivityTaskManager: The isLandscapeFullscreenEnabled is: com.google.android.dialer/com.android.dialer.incall.activity.ui.InCallActivity
06-26 17:08:36.537  5213  5262 V WindowManagerShell: Mixed transition for opening an intent with a remote transition and PIP or Desktop #205
06-26 17:08:36.537  5213  5262 V WindowManagerShell: tryAnimateOpenIntentWithRemoteAndPipOrDesktop
06-26 17:08:36.537  5213  5262 V WindowManagerShell:  Delegate animation for (#205) to RemoteTransition { remoteTransition = com.oplus.wrapper.window.RemoteTransition$1@2f221b7, appThread = null, debugName = SysUIPluginLaunch }
06-26 17:08:36.537  3449  7399 D OplusAppSwitchRuleInfo: generateAppEnterInfo - launch_source_type =  , launch_source_traceid = 
06-26 17:08:36.540  3449  7399 D ActivityTaskManager: The isLandscapeFullscreenEnabled is: com.google.android.dialer/com.android.dialer.incall.activity.ui.InCallActivity
06-26 17:08:36.540  3449  7399 D ActivityTaskManager: The isLandscapeFullscreenEnabled is: com.google.android.dialer/com.android.dialer.incall.activity.ui.InCallActivity
06-26 17:08:36.540  3449  7399 D ActivityTaskManager: The isLandscapeFullscreenEnabled is: com.google.android.dialer/com.android.dialer.incall.activity.ui.InCallActivity
06-26 17:08:36.540  3449  6596 D BackgroundInstallControlService: Package event received: 0
06-26 17:08:36.542  3449  3743 D TaskSnapshotCache: putSnapshot mRunningCache top= ActivityRecord{157811165 u0 com.whatsapp/.Conversation t41535}, mTaskId=41535, snapshot=TaskSnapshot{ mId=1782473916534 mCaptureTime=10553071760389 mTopActivityComponent=com.whatsapp/.Conversation mSnapshot=android.hardware.HardwareBuffer@1f993ef (1264x2780) mColorSpace=sRGB IEC61966-2.1 (id=0, model=RGB) mOrientation=1 mRotation=0 mTaskSize=Point(1264, 2780) mOplusCompatMode=false mTopActivityBounds=[0,0][1264,2780] mHasDimLayer=false mContentInsets=[0,140][0,56] mLetterboxInsets=[0,0][0,0] mIsLowResolution=false mIsRealSnapshot=true mWindowingMode=1 mAppearance=0 mIsTranslucent=false mHasImeSurface=false mInternalReferences=2 mUiMode=21 mSnapshotColor=0 mSnapshotBundle=Bundle[{}], mAppIdMap size= 3
06-26 17:08:36.542  5213  5262 V WindowManagerShell:  animated by firstHandler
06-26 17:08:36.543  3449  7399 D OplusAppSwitchRuleInfo: generateActivityEnterInfo - launch_source_type =  , launch_source_traceid = 
06-26 17:08:36.544  3449  3739 V WindowManager: Sent Transition (#205) createdAt=06-26 17:08:36.495 via request=TransitionRequestInfo { type = OPEN, triggerTask = TaskInfo{userId=0 taskId=41536 effectiveUid=10286 displayId=0 isRunning=true baseIntent=Intent { act=com.android.dialer.incall.statusbarnotification.buttonintentANSWER flg=0x108c0000 cmp=com.google.android.dialer/com.android.dialer.incall.activity.ui.InCallActivity mCallingUid=1000 mRealCallingUid=10235 mRealCallingPid=5213 } baseActivity=ComponentInfo{com.google.android.dialer/com.android.dialer.incall.activity.ui.InCallActivity} topActivity=ComponentInfo{com.google.android.dialer/com.android.dialer.incall.activity.ui.InCallActivity} origActivity=null realActivity=ComponentInfo{com.google.android.dialer/com.android.dialer.incall.activity.ui.InCallActivity}
06-26 17:08:36.544  3449  3739 V WindowManager:  numActivities=1 lastActiveTime=10553034 supportsSplitScreenMultiWindow=true supportsMultiWindow=true supportsPocketStudioMultiWindow=true isInFlexibleEmbedded = false uid = 10286 pid = 0 resizeMode=2 isResizeable=true minWidth=-1 minHeight=-1 defaultMinSize=220 token=WCT{RemoteToken{1758985 Task{a9b2f96 #41536 type=standard A=10286:com.google.android.dialer}}} topActivityType=1 pictureInPictureParams=null shouldDockBigOverlays=false launchIntoPipHostTaskId=-1 lastParentTaskIdBeforePip=-1 displayCutoutSafeInsets=Rect(0, 140 - 0, 0)
06-26 17:08:36.544  3449  3739 V WindowManager:  topActivityInfo=ActivityInfo{d043da com.android.dialer.incall.activity.ui.InCallActivity} launchCookies=[] positionInParent=Point(0, 0) parentTaskId=-1 isFocused=false isVisible=false isVisibleRequested=false isTopActivityNoDisplay=false isSleeping=false locusId=null displayAreaFeatureId=1 isTopActivityTransparent=false isActivityStackTransparent=false lastNonFullscreenBounds=Rect(323, 800 - 941, 2064) capturedLink=null capturedLinkTimestamp=0 requestedVisibleTypes=-9 topActivityRequestOpenInBrowserEducationTimestamp=0
06-26 17:08:36.544  3449  3739 V WindowManager:  appCompatTaskInfo=AppCompatTaskInfo { topActivityInSizeCompat=false topActivityInOplusCompatMode=false eligibleForLetterboxEducation= false isLetterboxEducationEnabled= false isLetterboxDoubleTapEnabled= false eligibleForUserAspectRatioButton= false topActivityBoundsLetterboxed= false isFromLetterboxDoubleTap= false topActivityLetterboxVerticalPosition= -1 topActivityLetterboxHorizontalPosition= -1 topActivityLetterboxWidth=-1 topActivityLetterboxHeight=-1 topActivityAppBounds=Rect(0, 0 - 1264, 2780) isUserFullscreenOverrideEnabled=false isSystemFullscreenOverrideEnabled=false hasMinAspectRatioOverride=false topActivityLetterboxBounds=null cameraCompatTaskInfo=CameraCompatTaskInfo { freeformCameraCompatMode=inactive}} topActivityMainWindowFrame=null topActivityLetterboxInsets=Rect(0, 0 - 0, 0)
06-26 17:08:36.544  3449  3739 V WindowManager:  mOplusExtraBundle = Bundle[{androidx.flexible.taskFrame=Rect(0, 0 - 0, 0), androidx.flexible.Alpha=1.0, androidx.activity.task.attach.blur=0, androidx.flexible.task_snapshot_mode=0, androidx.activity.LaunchInsensible=0, androidx.activity.LaunchCornerRadius=0, key_flexible_task_state=0, topActivitySupportAppInnerSplit=false, key_flexible_task_animating_type=-1, key_flexible_task_root_activity_processname=com.google.android.dialer, androidx.activity.LaunchScenario=0, is_oplus_clone_task=false, flexible_super_mini_state=false, topRunningActivityHash=129449304, flexible.floatwindow.is_multi_instance=false, androidx.activity.LaunchScale=1.0, androidx.activity.LaunchShadowRadius=0, is_transient_hide_for_task_info=false, androidx.activity.key_flexible_task_pending_exit_to=0, key_flexible_task_root_activity_pid=0, key_flexible_task_root_activity_uid=10286}]}, pipChange = null, remoteTransition = RemoteTransition { remoteTransition = android.window.IRemoteTransition$Stub$Proxy@1f5800b, appThread = null, debugName = SysUIPluginLaunch }, displayChange = null, flags = 0, debugId = 205 }
06-26 17:08:36.544  3449  3739 V WindowManager:     startWCT=WindowContainerTransaction { changes= {} hops= [] errorCallbackToken=null taskFragmentOrganizer=null }
06-26 17:08:36.544  3449  3739 V WindowManager:     info={id=205 t=OPEN f=0x0 trk=0 r=[0@Point(0, 0)] c=[
06-26 17:08:36.544  3449  3739 V WindowManager:         {WCT{RemoteToken{1758985 Task{a9b2f96 #41536 type=standard A=10286:com.google.android.dialer}}} m=OPEN f=NONE leash=Surface(name=Task=41536)/@0x61c47b8 sb=Rect(0, 0 - 1264, 2780) eb=Rect(0, 0 - 1264, 2780) epz=Point(1264, 2780) d=0 taskParent=-1},
06-26 17:08:36.544  3449  3739 V WindowManager:         {WCT{RemoteToken{1ac304f Task{7d4c520 #41535 type=standard A=10353:com.whatsapp}}} m=TO_BACK f=NONE leash=Surface(name=Task=41535)/@0xecc1803 sb=Rect(0, 0 - 1264, 2780) eb=Rect(0, 0 - 1264, 2780) epz=Point(1264, 2780) d=0 taskParent=-1}
06-26 17:08:36.544  3449  3739 V WindowManager:     ] 
06-26 17:08:36.544  3449  3739 V WindowManager: extendInfo=[
06-26 17:08:36.544  3449  3739 V WindowManager:  OplusTransitionExtendedInfo{mTmpFinishT=null, mInOplusCompatMode=false, mIsProcessRunning=false, mHasMismatchBoundsTarget=false, mRecentsController=null, mRemoteTransition=null, mIsTranslucentActivityToHome=false, mAvoidInterceptKeyEventToHome=false, mIsFromHome=false, mParentLeash=null, mBackAnimClosingLeash=null, mReparentToRecentsSurface=null, mIsOplusAnimRes=false, mKeepBgForContinuous=false, mIsBalAllow=false, mTaskNotInRecent=false, mIsPredictiveBackAnim=false, mIsMergedWithPredictive=false, mIsLaunchFromSpruce=false, mIsLaunchFromDrive=false, mGlobalSearchPageSwitch=false, mNeedNoAlphaGlobalSearchScene=false, mAssistScreenShowing=false, mSwipeUpBrowserScreenShowing=false, mUserIdTransition=0
06-26 17:08:36.544  3449  3739 V WindowManager: , mInRemoteScene=false, mInPreReady=false, mPreStart=false, mToken=null, mAbortByRemoteFromHome=false, mShellApplyToken=null, mRequestTransitionTaskId=41536, mAbortTransitionOnShell=0, mStartFromShortcut=false, mRemovedTaskId=-1, mTransitionInterruptType=0, mMergeSecondTaskId=-1, mIsStartAheadSpruce=false, mTaskIdStartFromRecents=0, mTransitionId=205, mCanUseSpringSlideAnim=true, mTransitionLaunchFrom=2, mFoldChangeType=-1, mAnimStartingPosition=[0, 0, 0, 0], mIsOpeningStkDialogActivity=false, mSecondaryHomeToFrontWhenUnFolding=false, mIsNeedApplyStartTForEmbedded=false
06-26 17:08:36.544  3449  3739 V WindowManager: , mNeedCanvasExitAnim=false, mMergeSecondTaskAnimation=false, mIsLaunchUnityStart=false, mIsLaunchFromAssistantByDefault=false, mSkipRemoteTransitionfalse, mPromoteTaskWhenKeyguard-1, mIsStartFromKeyguard=false, mMatchRemoteFilter=false flags=0x0, mFlexibleTaskIdList=[], mExpectEndRectState=-1, mFlexibleWindowForRecentTasks=false, mRecentTaskIdList=[], mWCT=null, mIsOpenMergeToInValidPredictive=false, mRootLayerZOrderArray={}}]}
06-26 17:08:36.545  3449  3743 D FlexibleWindowManagerService: onFlexibleWindowTaskAppeared: task = 41536, visible = true
06-26 17:08:36.545  3449  3743 D OplusVisibleTasks:  notifyTasksNumChange no need to notify.
06-26 17:08:36.545  3449  3743 D OplusFlexibleWindowMinimizedManagerHelper: onTaskAppered taskInfo:41536
06-26 17:08:36.545  3449  3743 D OplusFlexibleDragToSplitAnimController: visibleFlexibleTaskInfos delete:41536
06-26 17:08:36.545  3449  3743 E FlexibleWindowManagerService: notifyTaskObserverToAttachController not need to notify!
06-26 17:08:36.545  3449  3743 D FlexibleWindowManagerService: should not dispatch appeared task Task{a9b2f96 #41536 type=standard A=10286:com.google.android.dialer}
06-26 17:08:36.546  3449  3743 D DisplayModeDirector: setAppRequest displayId : 17  modeId: 0  requestedRefreshRate: 0.0  requestedMinRefreshRateRange: 0.0  requestedMaxRefreshRateRange: 0.0
06-26 17:08:36.547  3449  3743 D DisplayModeDirector: setAppRequest displayId : 0  modeId: 1  requestedRefreshRate: 0.0  requestedMinRefreshRateRange: 0.0  requestedMaxRefreshRateRange: 120.00001
06-26 17:08:36.547  3449  3743 I TaskOrganizerController: onTaskInfoChanged taskid 41536 config { mBounds=Rect(0, 0 - 1264, 2780) mAppBounds=Rect(0, 0 - 1264, 2780) mMaxBounds=Rect(0, 0 - 1264, 2780) mDisplayRotation=ROTATION_0 mWindowingMode=fullscreen mActivityType=standard mAlwaysOnTop=undefined mRotation=ROTATION_0}
06-26 17:08:36.547  3449  3743 D OplusFlexibleDragToSplitAnimController: visibleFlexibleTaskInfos delete:41536
06-26 17:08:36.547  3449  3743 E FlexibleWindowManagerService: notifyTaskObserverToAttachController not need to notify!
06-26 17:08:36.547  3449  3743 I FlexibleWindowManagerService: onFlexibleWindowTaskInfoChanged, return for cur task not embedded
06-26 17:08:36.547  3449  3742 D OplusBatteryManager: getPsyBatteryRm: 2694
06-26 17:08:36.547  3449  3742 D BatteryStatsImplExtImpl: resumedUid:10286 resumedBatteryLevel:50  resumedPackage:com.google.android.dialer  resumedBatteryRealtimeCapacity:2694
06-26 17:08:36.548  3449  4993 I BLASTSyncEngine: onCommitted syncId: 205, timeout: false ran: false
06-26 17:08:36.551  5213  5213 W VRI[SeedlingCard]: updateBlastSurfaceIfNeeded, surfaceSize:Point(1264, 2780), lastSurfaceSize:Point(1264, 2780), format:-3, blastBufferQueue:android.graphics.BLASTBufferQueue@61b66aa
06-26 17:08:36.551  3449  3743 I TaskOrganizerController: onTaskInfoChanged taskid 41536 config { mBounds=Rect(0, 0 - 1264, 2780) mAppBounds=Rect(0, 0 - 1264, 2780) mMaxBounds=Rect(0, 0 - 1264, 2780) mDisplayRotation=ROTATION_0 mWindowingMode=fullscreen mActivityType=standard mAlwaysOnTop=undefined mRotation=ROTATION_0}
06-26 17:08:36.551  3449  3743 D OplusFlexibleDragToSplitAnimController: visibleFlexibleTaskInfos delete:41536
06-26 17:08:36.551  3449  3743 E FlexibleWindowManagerService: notifyTaskObserverToAttachController not need to notify!
06-26 17:08:36.551  3449  3743 I FlexibleWindowManagerService: onFlexibleWindowTaskInfoChanged, return for cur task not embedded
06-26 17:08:36.551  3449  6596 D BackgroundInstallControlService: Package event received: 0
06-26 17:08:36.551  3449  8421 V WindowManager: Relayout Window{e762bfe u0 SeedlingCard}: viewVisibility=0, oldvis=0, req=1264x2780 , apr = 0, , x=0, y=0
06-26 17:08:36.551  3449  8421 D DisplayModeDirector: setAppRequest displayId : 17  modeId: 0  requestedRefreshRate: 0.0  requestedMinRefreshRateRange: 0.0  requestedMaxRefreshRateRange: 0.0
06-26 17:08:36.552  3449  8421 D DisplayModeDirector: setAppRequest displayId : 0  modeId: 1  requestedRefreshRate: 0.0  requestedMinRefreshRateRange: 0.0  requestedMaxRefreshRateRange: 120.00001
06-26 17:08:36.552  3449  8421 I TaskOrganizerController: onTaskInfoChanged taskid 41536 config { mBounds=Rect(0, 0 - 1264, 2780) mAppBounds=Rect(0, 0 - 1264, 2780) mMaxBounds=Rect(0, 0 - 1264, 2780) mDisplayRotation=ROTATION_0 mWindowingMode=fullscreen mActivityType=standard mAlwaysOnTop=undefined mRotation=ROTATION_0}
06-26 17:08:36.553  3449  8421 D OplusFlexibleDragToSplitAnimController: visibleFlexibleTaskInfos delete:41536
06-26 17:08:36.553  3449  8421 E FlexibleWindowManagerService: notifyTaskObserverToAttachController not need to notify!
06-26 17:08:36.553  3449  8421 I FlexibleWindowManagerService: onFlexibleWindowTaskInfoChanged, return for cur task not embedded
06-26 17:08:36.553  3449  8421 D WindowManager: NFW_findFocusedWindowIfNeeded:null mCurrentFocus:Window{e762bfe u0 SeedlingCard}
06-26 17:08:36.553  3449  8421 D WindowManager: attachImeScreenshotOnTargetIfNeeded, mImeHiding = false, requestedVisibleTypes = -9
06-26 17:08:36.553  3449  8421 V WindowManager: Changing focus from Window{e762bfe u0 SeedlingCard} to null,diplayid=0
06-26 17:08:36.555  3449  8421 D WindowManager: NFW_findFocusedWindowIfNeeded:null mCurrentFocus:null
06-26 17:08:36.555  3449  8421 D ActivityTaskManager: The isLandscapeFullscreenEnabled is: com.google.android.dialer/com.android.dialer.incall.activity.ui.InCallActivity
06-26 17:08:36.555  3449  8421 D ActivityTaskManager: The isLandscapeFullscreenEnabled is: com.google.android.dialer/com.android.dialer.incall.activity.ui.InCallActivity
06-26 17:08:36.557  3449  3742 D FlexibleTaskController: check task which not have enough child, isInSingleWhiteList:false isCloneTask:false
06-26 17:08:36.558  3449  3742 D OplusFloorRefreshRateController: onSeedlingCardStateChange state=0
06-26 17:08:36.564  3449  4993 I GameManagerServiceExt-GameMiniProgramManagerService: updateTaskLabel: com.google.android.dialer, , com.android.dialer.incall.activity.ui.InCallActivity, uid: 10286, pid: 13536, label: Ongoing call, taskId: 41536, mTaskID: 0
06-26 17:08:36.574 13536 13536 D ActivityThread: ComponentInfo{com.google.android.dialer/com.android.dialer.incall.activity.ui.InCallActivity} checkFinished=false 2
06-26 17:08:36.574 13536 13536 D ResourcesManagerExtImpl: applyConfigurationToAppResourcesLocked app.getDisplayId() return callback.displayId:0
06-26 17:08:36.575  3449  8421 E SettingsState: invalid override flag name smart_suggestion_supported_modes
06-26 17:08:36.576  3449  8421 E SettingsState: invalid override flag name package_and_activity_allowlist_for_triggering_fill_request
06-26 17:08:36.576  3449  8421 E SettingsState: invalid override flag name compat_mode_allowed_packages
06-26 17:08:36.576  3449  8421 E SettingsState: invalid override flag name include_all_views_in_assist_structure
06-26 17:08:36.576  3449  8421 E SettingsState: invalid override flag name autofill_save_dialog_portrait_body_height_max_percent
06-26 17:08:36.576  3449  8421 E SettingsState: invalid override flag name package_deny_list_for_unimportant_view
06-26 17:08:36.576  3449  8421 E SettingsState: invalid override flag name augmented_autofill_mode
06-26 17:08:36.576  3449  8421 E SettingsState: invalid override flag name non_autofillable_ime_action_ids
06-26 17:08:36.576  3449  8421 E SettingsState: invalid override flag name include_all_autofill_type_not_none_views_in_assist_structure
06-26 17:08:36.576  3449  8421 E SettingsState: invalid override flag name autofill_save_dialog_landscape_body_height_max_percent
06-26 17:08:36.576  3449  8421 E SettingsState: invalid override flag name trigger_fill_request_on_filtered_important_views
06-26 17:08:36.576  3449  8421 E SettingsState: invalid override flag name should_enable_autofill_on_all_view_types
06-26 17:08:36.576  3449  8421 E SettingsState: invalid override flag name multiline_filter_enabled
06-26 17:08:36.576  3449  8421 E SettingsState: invalid override flag name trigger_fill_request_on_unimportant_view
06-26 17:08:36.585 13536 13536 D OplusInputMethodUtil: init sDebug to false, init sDebugIme to false, init sAlwaysOn to false
06-26 17:08:36.585 13536 13536 D OplusInputMethodUtil: updateDebugToClass InputMethodManager.DEBUG = false
06-26 17:08:36.585 13536 13536 D OplusInputMethodUtil: updateDebugToClass ImeFocusController.DEBUG = false
06-26 17:08:36.585 13536 13536 D OplusInputMethodUtil: updateDebugToClass OnBackInvokedDispatcher.DEBUG = false
06-26 17:08:36.585 13536 13536 D OplusInputMethodUtil: updateDebugToClass InsetsController.DEBUG = false
06-26 17:08:36.585 13536 13536 D OplusInputMethodUtil: updateDebugToClass BaseInputConnection.DEBUG = false
06-26 17:08:36.590  3449  3752 W UserAwareMgr: process owner is not matched: 10, threadName: RenderThread, pid: 13536,tid=31526,owner=fg1
06-26 17:08:36.592  3449  3752 E UserAwareMgr: thread size exceed: {threadName='CallCmThread', tid=3449, reporterPid=3449, currentThreadCount=1, maxThreadCount=1, extendTids=[]}
06-26 17:08:36.594  3449  3752 W UserAwareMgr: process owner is not matched: 10, threadName: HwUiTask, pid: 13536,tid=31535,owner=fg1
06-26 17:08:36.594  3449  3752 W UserAwareMgr: process owner is not matched: 10, threadName: HwUiTask, pid: 13536,tid=31536,owner=fg1
06-26 17:08:36.596  3449  3507 I WindowManager: addWindow: New client android.os.BinderProxy@87527c4 : window=Window{197d6ad u0 com.google.android.dialer/com.android.dialer.incall.activity.ui.InCallActivity}
06-26 17:08:36.597  3449  3743 I TaskOrganizerController: onTaskInfoChanged taskid 41536 config { mBounds=Rect(0, 0 - 1264, 2780) mAppBounds=Rect(0, 0 - 1264, 2780) mMaxBounds=Rect(0, 0 - 1264, 2780) mDisplayRotation=ROTATION_0 mWindowingMode=fullscreen mActivityType=standard mAlwaysOnTop=undefined mRotation=ROTATION_0}
06-26 17:08:36.597 13536 13536 D ResourcesManagerExtImpl: applyConfigurationToAppResourcesLocked app.getDisplayId() return callback.displayId:0
06-26 17:08:36.597  3449  3743 D OplusFlexibleDragToSplitAnimController: visibleFlexibleTaskInfos delete:41536
06-26 17:08:36.598  3449  3743 E FlexibleWindowManagerService: notifyTaskObserverToAttachController not need to notify!
06-26 17:08:36.598  3449  3743 I FlexibleWindowManagerService: onFlexibleWindowTaskInfoChanged, return for cur task not embedded
06-26 17:08:36.602  3449  3507 V WindowManager: Relayout Window{197d6ad u0 com.google.android.dialer/com.android.dialer.incall.activity.ui.InCallActivity}: viewVisibility=0, oldvis=4, req=1264x2780 , apr = 0, , x=0, y=0
06-26 17:08:36.603  3449  3507 I WindowManager: Window{197d6ad u0 com.google.android.dialer/com.android.dialer.incall.activity.ui.InCallActivity} state from NO_SURFACE to DRAW_PENDING; reason: resetDrawState
06-26 17:08:36.604  3449  3507 D DisplayModeDirector: setAppRequest displayId : 17  modeId: 0  requestedRefreshRate: 0.0  requestedMinRefreshRateRange: 0.0  requestedMaxRefreshRateRange: 0.0
06-26 17:08:36.605  3449  3507 D DisplayModeDirector: setAppRequest displayId : 0  modeId: 1  requestedRefreshRate: 0.0  requestedMinRefreshRateRange: 0.0  requestedMaxRefreshRateRange: 120.00001
06-26 17:08:36.605  3449  3507 D WindowManager: NFW_findFocusedWindowIfNeeded:Window{197d6ad u0 com.google.android.dialer/com.android.dialer.incall.activity.ui.InCallActivity} mCurrentFocus:null
06-26 17:08:36.606  3449  3507 V WindowManager: Changing focus from null to Window{197d6ad u0 com.google.android.dialer/com.android.dialer.incall.activity.ui.InCallActivity},diplayid=0
06-26 17:08:36.606  3449  3820 D VRR [OPlusSurfaceFlingerController]:  setComplexSceneEnable : false
06-26 17:08:36.607  3449  3507 D WindowManager: NFW_findFocusedWindowIfNeeded:null mCurrentFocus:null
06-26 17:08:36.607  3449  3507 D ActivityTaskManager: The isLandscapeFullscreenEnabled is: com.google.android.dialer/com.android.dialer.incall.activity.ui.InCallActivity
06-26 17:08:36.607  3449  3507 D ActivityTaskManager: The isLandscapeFullscreenEnabled is: com.google.android.dialer/com.android.dialer.incall.activity.ui.InCallActivity
06-26 17:08:36.608 13536 13536 D VRI[InCallActivity]: relayoutWindow result, sizeChanged:true, surfaceControlChanged:true, transformHintChanged:false, mSurfaceSize:Point(1264, 2780), mLastSurfaceSize:Point(0, 0), mWidth:-1, mHeight:-1, requestedWidth:1264, requestedHeight:2780, transformHint:0, installOrientation:0, displayRotation:0, isSurfaceValid:true, attr.flag:-2120122112, tmpFrames:ClientWindowFrames{frame=[0,0][1264,2780] display=[0,0][1264,2780] parentFrame=[0,0][0,0]}, relayoutResult:3, relayoutAsync:false, mSyncSeqId:0
06-26 17:08:36.608  3449  5493 D CoreBackPreview: Window{197d6ad u0 com.google.android.dialer/com.android.dialer.incall.activity.ui.InCallActivity}: Setting back callback OnBackInvokedCallbackInfo{mCallback=android.window.IOnBackInvokedCallback$Stub$Proxy@b9a2148, mPriority=0, mIsAnimationCallback=false, mOverrideBehavior=0}
06-26 17:08:36.609 13536 13536 W VRI[InCallActivity]: updateBlastSurfaceIfNeeded, surfaceSize:Point(1264, 2780), lastSurfaceSize:Point(0, 0), format:-1, blastBufferQueue:null
06-26 17:08:36.618  3449  5771 D OplusFeatureAOD: notifySfUnBlockScreenOn
06-26 17:08:36.618  3449  3810 D OplusPowerManagerHelper: handleMessage:102
06-26 17:08:36.618  3449  3810 D OplusPowerManagerHelper: MSG_STOP_DEAM
06-26 17:08:36.618  3449  5771 D OplusPowerManagerHelper: scheduleNotifyStopDream
06-26 17:08:36.620  3449  5771 D PowerManagerService: userActivityNoUpdateLocked: groupId=0, eventTime=7244485, event=other, flags=0x0, uid=1000
06-26 17:08:36.627  3449  8420 D FlexibleTaskController: check task which not have enough child, isInSingleWhiteList:false isCloneTask:false
06-26 17:08:36.627  3449  5771 D OplusAONSmartDim: onWakeLockReleaseLocked: lock=36230597, flags=0x2000001a, packageName=com.android.server.telecom, tag="Telecom_WakeLock_FULL", ws=null, uid=1000, pid=3449
06-26 17:08:36.632  3449  5771 D PowerManagerService: userActivityNoUpdateLocked: groupId=0, eventTime=7244497, event=other, flags=0x1, uid=1000
06-26 17:08:36.632  3449  5783 D ActivityTaskManager: Requested Orientation r = ActivityRecord{129449304 u0 com.google.android.dialer/com.android.dialer.incall.activity.ui.InCallActivity t41536}, requestedOrientation = SCREEN_ORIENTATION_PORTRAIT (1)
06-26 17:08:36.632  3449  5783 D ActivityTaskManager: The isLandscapeFullscreenEnabled is: com.google.android.dialer/com.android.dialer.incall.activity.ui.InCallActivity
06-26 17:08:36.632  3449  5783 D ActivityTaskManager: The isLandscapeFullscreenEnabled is: com.google.android.dialer/com.android.dialer.incall.activity.ui.InCallActivity
06-26 17:08:36.632  3449  5783 D ActivityTaskManager: The isLandscapeFullscreenEnabled is: com.google.android.dialer/com.android.dialer.incall.activity.ui.InCallActivity
06-26 17:08:36.632  3449  5783 D OplusRotationAnimationManager: block ActivityRecord{129449304 u0 com.google.android.dialer/com.android.dialer.incall.activity.ui.InCallActivity t41536} requested orientation 1 when remote from SpruceLauncher/SysUI playing
06-26 17:08:36.633  3449  5795 I WindowManager: Window{197d6ad u0 com.google.android.dialer/com.android.dialer.incall.activity.ui.InCallActivity} state from DRAW_PENDING to COMMIT_DRAW_PENDING; reason: finishDrawingLocked
06-26 17:08:36.634  3449  3743 D DisplayModeDirector: setAppRequest displayId : 17  modeId: 0  requestedRefreshRate: 0.0  requestedMinRefreshRateRange: 0.0  requestedMaxRefreshRateRange: 0.0
06-26 17:08:36.634  3449  3743 I WindowManager: Window{197d6ad u0 com.google.android.dialer/com.android.dialer.incall.activity.ui.InCallActivity} state from COMMIT_DRAW_PENDING to READY_TO_SHOW; reason: commitFinishDrawingLocked
06-26 17:08:36.635  3449  3743 D CoreBackPreview:  return markWindowHasDrawn mComposed: false  mWaitTransition: false
06-26 17:08:36.635  3449  3743 D ActivityTaskManager: Finish StartingWindow: ActivityRecord{129449304 u0 com.google.android.dialer/com.android.dialer.incall.activity.ui.InCallActivity t41536}first real window is shown
06-26 17:08:36.635  3449  3743 D ActivityTaskManager: removeStartingWindowAnimation starting ActivityRecord{129449304 u0 com.google.android.dialer/com.android.dialer.incall.activity.ui.InCallActivity t41536} startingWindow=null ,startingView=com.android.server.wm.StartingSurfaceController$StartingSurface@ffc7ad5,Callers=com.android.server.wm.ActivityRecord.removeStartingWindow:3403 com.android.server.wm.ActivityRecord.onFirstWindowDrawn:8091 com.android.server.wm.WindowState.performShowLocked:4963 com.android.server.wm.WindowStateAnimator.commitFinishDrawingLocked:403 com.android.server.wm.DisplayContent.lambda$new$8:1159 
06-26 17:08:36.635  3449  3743 D OplusStartingWindowManager: interceptRemoveStartingWindow: packageName=com.google.android.dialer,  componentName=com.google.android.dialer/com.android.dialer.incall.activity.ui.InCallActivity, isSnapshot=false, startingSurfaceRunnable=null, isDrawCompleted=false, hasSurfaceView=false, inTransition=true
06-26 17:08:36.635  3449  3743 D OplusSplitScreenManagerService: notifyRemoveStartingWindow mOplusSpiltScreenDnDUI is null, just return!
06-26 17:08:36.635  3449  3743 D OplusStartingWindowManager: interceptRemoveStartingWindow: hasSplashWindowFlag() return false for activity=ActivityRecord{129449304 u0 com.google.android.dialer/com.android.dialer.incall.activity.ui.InCallActivity t41536}
06-26 17:08:36.636  3449  3743 D QuickBackInputPolicy: setAppLaunchEndTime update timePair=Pair{ActivityRecord{129449304 u0 com.google.android.dialer/com.android.dialer.incall.activity.ui.InCallActivity t41536} 7244501}
06-26 17:08:36.637 13536 13536 E OplusCustomizeRestrictionManager: sInstance is null, start a new sInstance
