--------- beginning of crash
01-06 00:20:32.313  1162  1162 F libc    : Fatal signal 6 (SIGABRT), code -1 (SI_QUEUE) in tid 1162 (init), pid 1162 (init)
01-06 00:20:32.332  1162  1162 F libc    : Crash due to signal: crash_dump helper failed to exec, or was killed
06-26 14:13:20.939  6721  6721 F libc    : Fatal signal 6 (SIGABRT), code -1 (SI_QUEUE) in tid 6721 (init), pid 6721 (init)
06-26 14:13:21.232  6721  6721 F libc    : Crash due to signal: crash_dump helper failed to exec, or was killed
06-26 16:33:38.061 18214 18214 E AndroidRuntime: FATAL EXCEPTION: main
06-26 16:33:38.061 18214 18214 E AndroidRuntime: Process: com.zenithflows.ims, PID: 18214
06-26 16:33:38.061 18214 18214 E AndroidRuntime: java.lang.RuntimeException: Unable to instantiate activity ComponentInfo{com.zenithflows.ims/com.zenithflows.ims.MainActivity}: java.lang.ClassNotFoundException: Didn't find class "com.zenithflows.ims.MainActivity" on path: DexPathList[[zip file "/data/app/~~S3CXeM47tZOXVWxcQhaYCw==/com.zenithflows.ims-mUKl5Y2Tg07XcNda2yXpoQ==/base.apk"],nativeLibraryDirectories=[/data/app/~~S3CXeM47tZOXVWxcQhaYCw==/com.zenithflows.ims-mUKl5Y2Tg07XcNda2yXpoQ==/lib/arm64, /system/lib64, /system_ext/lib64]]
06-26 16:33:38.061 18214 18214 E AndroidRuntime: 	at android.app.ActivityThread.performLaunchActivity(ActivityThread.java:4532)
06-26 16:33:38.061 18214 18214 E AndroidRuntime: 	at android.app.ActivityThread.handleLaunchActivity(ActivityThread.java:4846)
06-26 16:33:38.061 18214 18214 E AndroidRuntime: 	at android.app.servertransaction.LaunchActivityItem.execute(LaunchActivityItem.java:242)
06-26 16:33:38.061 18214 18214 E AndroidRuntime: 	at android.app.servertransaction.TransactionExecutor.executeNonLifecycleItem(TransactionExecutor.java:138)
06-26 16:33:38.061 18214 18214 E AndroidRuntime: 	at android.app.servertransaction.TransactionExecutor.executeTransactionItems(TransactionExecutor.java:108)
06-26 16:33:38.061 18214 18214 E AndroidRuntime: 	at android.app.servertransaction.TransactionExecutor.execute(TransactionExecutor.java:85)
06-26 16:33:38.061 18214 18214 E AndroidRuntime: 	at android.app.ActivityThread$H.handleMessage(ActivityThread.java:3130)
06-26 16:33:38.061 18214 18214 E AndroidRuntime: 	at android.os.Handler.dispatchMessage(Handler.java:116)
06-26 16:33:38.061 18214 18214 E AndroidRuntime: 	at android.os.Looper.loopOnce(Looper.java:306)
06-26 16:33:38.061 18214 18214 E AndroidRuntime: 	at android.os.Looper.loop(Looper.java:416)
06-26 16:33:38.061 18214 18214 E AndroidRuntime: 	at android.app.ActivityThread.main(ActivityThread.java:9999)
06-26 16:33:38.061 18214 18214 E AndroidRuntime: 	at java.lang.reflect.Method.invoke(Native Method)
06-26 16:33:38.061 18214 18214 E AndroidRuntime: 	at com.android.internal.os.RuntimeInit$MethodAndArgsCaller.run(RuntimeInit.java:613)
06-26 16:33:38.061 18214 18214 E AndroidRuntime: 	at com.android.internal.os.ZygoteInit.main(ZygoteInit.java:1074)
06-26 16:33:38.061 18214 18214 E AndroidRuntime: Caused by: java.lang.ClassNotFoundException: Didn't find class "com.zenithflows.ims.MainActivity" on path: DexPathList[[zip file "/data/app/~~S3CXeM47tZOXVWxcQhaYCw==/com.zenithflows.ims-mUKl5Y2Tg07XcNda2yXpoQ==/base.apk"],nativeLibraryDirectories=[/data/app/~~S3CXeM47tZOXVWxcQhaYCw==/com.zenithflows.ims-mUKl5Y2Tg07XcNda2yXpoQ==/lib/arm64, /system/lib64, /system_ext/lib64]]
06-26 16:33:38.061 18214 18214 E AndroidRuntime: 	at dalvik.system.BaseDexClassLoader.findClass(BaseDexClassLoader.java:259)
06-26 16:33:38.061 18214 18214 E AndroidRuntime: 	at java.lang.ClassLoader.loadClass(ClassLoader.java:644)
06-26 16:33:38.061 18214 18214 E AndroidRuntime: 	at java.lang.ClassLoader.loadClass(ClassLoader.java:580)
06-26 16:33:38.061 18214 18214 E AndroidRuntime: 	at android.app.AppComponentFactory.instantiateActivity(AppComponentFactory.java:95)
06-26 16:33:38.061 18214 18214 E AndroidRuntime: 	at androidx.core.app.CoreComponentFactory.instantiateActivity(CoreComponentFactory.java:44)
06-26 16:33:38.061 18214 18214 E AndroidRuntime: 	at android.app.Instrumentation.newActivity(Instrumentation.java:1463)
06-26 16:33:38.061 18214 18214 E AndroidRuntime: 	at android.app.ActivityThread.performLaunchActivity(ActivityThread.java:4519)
06-26 16:33:38.061 18214 18214 E AndroidRuntime: 	... 13 more
--------- beginning of system
06-26 17:08:02.161  3449  4992 D FlexibleTaskTransitionController:  finishTransition pendingRecentToFlexibleTask:null,isRotationTransition:false ,pendingRecentToFlexible:null ,transition:TransitionRecord{a99a592 id=202 track=0 type=TO_FRONT flags=0x80 state=4 c=[
06-26 17:08:02.161  3449  4992 D FlexibleTaskTransitionController:    ChangeInfo{4ca2b63 container=Task{1ce2d9f #1 type=home} flags=0x30}
06-26 17:08:02.161  3449  4992 D FlexibleTaskTransitionController:    ChangeInfo{4ded360 container=ActivityRecord{76800959 u0 com.android.launcher/.Launcher t2} flags=0x0}
06-26 17:08:02.161  3449  4992 D FlexibleTaskTransitionController:    ChangeInfo{3877019 container=WallpaperWindowToken{81730f1 showWhenLocked=false} flags=0x0}
06-26 17:08:02.161  3449  4992 D FlexibleTaskTransitionController:    ChangeInfo{12888de container=Display{#0 state=ON size=1264x2780 ROTATION_0} flags=0x0}
06-26 17:08:02.161  3449  4992 D FlexibleTaskTransitionController:    ChangeInfo{1aa1abf container=Task{9eb0965 #41534 type=standard A=10353:com.whatsapp} flags=0x4}
06-26 17:08:02.161  3449  4992 D FlexibleTaskTransitionController:    ChangeInfo{84dc58c container=DefaultTaskDisplayArea@193165965 flags=0x0}
06-26 17:08:02.161  3449  4992 D FlexibleTaskTransitionController:    ChangeInfo{195f4d5 container=Task{c605442 #2 type=home I=com.android.launcher/.Launcher} flags=0x30}
06-26 17:08:02.161  3449  4992 D FlexibleTaskTransitionController: ]
06-26 17:08:02.161  3449  4992 D FlexibleTaskTransitionController: }
06-26 17:08:02.161  3449  4992 D OplusShortcutContinuesTransitionPolicy: finishTransition transition=TransitionRecord{a99a592 id=202 track=0 type=TO_FRONT flags=0x80 state=4 c=[
06-26 17:08:02.161  3449  4992 D OplusShortcutContinuesTransitionPolicy:    ChangeInfo{4ca2b63 container=Task{1ce2d9f #1 type=home} flags=0x30}
06-26 17:08:02.161  3449  4992 D OplusShortcutContinuesTransitionPolicy:    ChangeInfo{4ded360 container=ActivityRecord{76800959 u0 com.android.launcher/.Launcher t2} flags=0x0}
06-26 17:08:02.161  3449  4992 D OplusShortcutContinuesTransitionPolicy:    ChangeInfo{3877019 container=WallpaperWindowToken{81730f1 showWhenLocked=false} flags=0x0}
06-26 17:08:02.161  3449  4992 D OplusShortcutContinuesTransitionPolicy:    ChangeInfo{12888de container=Display{#0 state=ON size=1264x2780 ROTATION_0} flags=0x0}
06-26 17:08:02.161  3449  4992 D OplusShortcutContinuesTransitionPolicy:    ChangeInfo{1aa1abf container=Task{9eb0965 #41534 type=standard A=10353:com.whatsapp} flags=0x4}
06-26 17:08:02.161  3449  4992 D OplusShortcutContinuesTransitionPolicy:    ChangeInfo{84dc58c container=DefaultTaskDisplayArea@193165965 flags=0x0}
06-26 17:08:02.161  3449  4992 D OplusShortcutContinuesTransitionPolicy:    ChangeInfo{195f4d5 container=Task{c605442 #2 type=home I=com.android.launcher/.Launcher} flags=0x30}
06-26 17:08:02.161  3449  4992 D OplusShortcutContinuesTransitionPolicy: ]
06-26 17:08:02.161  3449  4992 D OplusShortcutContinuesTransitionPolicy: }
06-26 17:08:02.162  3449  4992 D ActivityTaskManager: setVisibility after transition for:ActivityRecord{204421200 u0 com.whatsapp/.Conversation t41534}
06-26 17:08:02.162  3449  4992 D TransitionControllerExtImpl: NFW_send RECOMPUTE_FOCUS in finishTransition
06-26 17:08:02.162  5213  5262 D ShellTaskOrganizer: onTransitionFinish, isRecent:true
06-26 17:08:02.162  5213  5262 V WindowManagerShell: Track 0 became idle
06-26 17:08:02.162  5213  5262 V WindowManagerShell: All active transition animations finished
06-26 17:08:02.162  5213  5262 V ShellRecents: [162925310] RecentsController.cleanup
06-26 17:08:02.162  3449  3743 D DisplayModeDirector: setAppRequest displayId : 17  modeId: 0  requestedRefreshRate: 0.0  requestedMinRefreshRateRange: 0.0  requestedMaxRefreshRateRange: 0.0
06-26 17:08:02.163  5213  5262 V ShellRecents: RecentsController.setInputConsumerEnabled: skip, cb?=false enabled?=false
06-26 17:08:02.163  3449  3743 D DisplayModeDirector: setAppRequest displayId : 0  modeId: 1  requestedRefreshRate: 0.0  requestedMinRefreshRateRange: 0.0  requestedMaxRefreshRateRange: 120.00001
06-26 17:08:02.163  3449  3820 D VRR [OPlusRefreshRateService]:  setDirectorStates [flag: 1, state: 0, directorStateOff: 0]
06-26 17:08:02.164  3449  3743 I TaskOrganizerController: onTaskInfoChanged taskid 41534 config { mBounds=Rect(0, 0 - 1264, 2780) mAppBounds=Rect(0, 0 - 1264, 2780) mMaxBounds=Rect(0, 0 - 1264, 2780) mDisplayRotation=ROTATION_0 mWindowingMode=fullscreen mActivityType=standard mAlwaysOnTop=undefined mRotation=ROTATION_0}
06-26 17:08:02.164  3449  3743 D OplusFlexibleDragToSplitAnimController: visibleFlexibleTaskInfos delete:41534
06-26 17:08:02.164  3449  3743 E FlexibleWindowManagerService: notifyTaskObserverToAttachController not need to notify!
06-26 17:08:02.164  3449  3743 I FlexibleWindowManagerService: onFlexibleWindowTaskInfoChanged, return for cur task not embedded
06-26 17:08:02.166  3449  8418 D Transition: finishTransaction-onCommitted syncId=202
06-26 17:08:02.171  3449  8418 D PresentationStatsEventLogger: Not setting no presentation reason because it already exists
06-26 17:08:02.171  3449  8418 W PresentationStatsEventLogger: Empty dataset. Autofill ignoring log
06-26 17:08:02.173  3449  3742 D QuickBackInputPolicy: hasMultiChildrenInTask: false
06-26 17:08:02.173  3449  3742 D WindowManager: NFW_findFocusedWindowIfNeeded:Window{26cee7f u0 com.android.launcher/com.android.launcher.Launcher} mCurrentFocus:Window{26cee7f u0 com.android.launcher/com.android.launcher.Launcher}
06-26 17:08:02.173  3449  3742 D WindowManager: NFW_findFocusedWindowIfNeeded:null mCurrentFocus:null
06-26 17:08:02.175  3449  6596 D BackgroundInstallControlService: Package event received: 0
06-26 17:08:02.178  3449  4992 V WindowManager: Relayout Window{9341a4f u0 com.whatsapp/com.whatsapp.Conversation}: viewVisibility=4, oldvis=0, req=1264x2780 , apr = 0, , x=0, y=0
06-26 17:08:02.178  3449  4992 D DisplayModeDirector: setAppRequest displayId : 17  modeId: 0  requestedRefreshRate: 0.0  requestedMinRefreshRateRange: 0.0  requestedMaxRefreshRateRange: 0.0
06-26 17:08:02.179  3449  4992 D DisplayModeDirector: setAppRequest displayId : 0  modeId: 1  requestedRefreshRate: 0.0  requestedMinRefreshRateRange: 0.0  requestedMaxRefreshRateRange: 120.00001
06-26 17:08:02.179  3449  4992 D QuickBackInputPolicy: hasMultiChildrenInTask: false
06-26 17:08:02.179  3449  4992 D WindowManager: NFW_findFocusedWindowIfNeeded:Window{26cee7f u0 com.android.launcher/com.android.launcher.Launcher} mCurrentFocus:Window{26cee7f u0 com.android.launcher/com.android.launcher.Launcher}
06-26 17:08:02.179  3449  4992 D WindowManager: NFW_findFocusedWindowIfNeeded:null mCurrentFocus:null
06-26 17:08:02.179  3449  4992 D ActivityTaskManager: The isLandscapeFullscreenEnabled is: com.android.launcher/.Launcher
06-26 17:08:02.180 10303 10303 D VRI[Conversation]: relayoutWindow result, sizeChanged:false, surfaceControlChanged:true, transformHintChanged:false, mSurfaceSize:Point(1264, 2780), mLastSurfaceSize:Point(1264, 2780), mWidth:1264, mHeight:2780, requestedWidth:1264, requestedHeight:2780, transformHint:0, installOrientation:0, displayRotation:0, isSurfaceValid:false, attr.flag:-2122252032, tmpFrames:ClientWindowFrames{frame=[0,0][1264,2780] display=[0,0][1264,2780] parentFrame=[0,0][0,0]}, relayoutResult:2, relayoutAsync:false, mSyncSeqId:0
06-26 17:08:02.181  3449  3752 I UserAwareMgr: handleAppChangedToBg, pkgName: com.whatsapp, pid: 10303
06-26 17:08:02.185  3449  4992 D WindowManager: NFW_setClientVisible:ActivityRecord{204421200 u0 com.whatsapp/.Conversation t41534} clientVisible:false
06-26 17:08:02.186  3449  4992 I WindowManager: Window{9341a4f u0 com.whatsapp/com.whatsapp.Conversation} state from HAS_DRAWN to DRAW_PENDING; reason: resetDrawState
06-26 17:08:02.186  3449  4992 I WindowManager: Window{9341a4f u0 com.whatsapp/com.whatsapp.Conversation} state from DRAW_PENDING to NO_SURFACE; reason: destroySurface
06-26 17:08:02.188  3449  4992 D OplusStartingWindowManager: skip remove starting window for activity = ActivityRecord{204421200 u0 com.whatsapp/.Conversation t41534} ,ar != topActivityContainsStartingWindow on activityStopped
06-26 17:08:02.191  3449  3742 V WindowManager: Unknown focus tokens, dropping reportFocusChanged
06-26 17:08:02.192  3449  4605 D InputMethodManagerService: isSecurity: attribute.packageName = com.android.launcher mCurMethodId = com.google.android.inputmethod.latin/com.android.inputmethod.latin.LatinIME isSecurity = false ( enable = false needShow = false inBlackList = false isExist = true )
06-26 17:08:02.194  3449  4923 D PowerManagerService: userActivityNoUpdateLocked: groupId=0, eventTime=7210053, event=touch, flags=0x0, uid=1000
06-26 17:08:02.195  3449  4923 D PowerManagerService: userActivityNoUpdateLocked: groupId=0, eventTime=7210053, event=touch, flags=0x0, uid=1000
06-26 17:08:02.197  3449  3743 D DisplayModeDirector: setAppRequest displayId : 17  modeId: 0  requestedRefreshRate: 0.0  requestedMinRefreshRateRange: 0.0  requestedMaxRefreshRateRange: 0.0
06-26 17:08:02.199  3449  5814 W PackageConfigPersister: App-specific configuration not found for packageName: com.android.launcher and userId: 0
06-26 17:08:02.199  3449  3743 D DisplayModeDirector: setAppRequest displayId : 0  modeId: 1  requestedRefreshRate: 0.0  requestedMinRefreshRateRange: 0.0  requestedMaxRefreshRateRange: 120.00001
06-26 17:08:02.200  3449  6596 D BackgroundInstallControlService: Package event received: 0
06-26 17:08:02.246  3449  3752 W UserAwareMgr: event can not be released, id: 1014, count: 2, releasePid: 3449
06-26 17:08:02.663  4907  4907 D AppWidgetHostView: inflateAsync(rvToApply), appWidgetId: 8
06-26 17:08:02.682  3449  4842 D HmbirdWinInfoManager: hmbirdFullWinInfos.size() != 1
06-26 17:08:02.765  3449 10553 D PowerManagerService: userActivityNoUpdateLocked: groupId=0, eventTime=7210626, event=touch, flags=0x0, uid=1000
06-26 17:08:02.770  3449 10553 D PowerManagerService: userActivityNoUpdateLocked: groupId=0, eventTime=7210626, event=touch, flags=0x0, uid=1000
06-26 17:08:02.773  3449  5811 D ActivityTaskManager: Skipping, invisible task: Task{c605442 #2 type=home I=com.android.launcher/.Launcher}
06-26 17:08:02.773  3449  5811 D ActivityTaskManager: after skip size:3,pre-Filtered:com.whatsapp # com.zenithflows.ims # com.instagram.android # 
06-26 17:08:02.774  3449  5811 I FlexibleTaskController: destroyFlexibleTaskSurface() called with: transaction = [Task{9eb0965 #41534 type=standard A=10353:com.whatsapp}], reason = [RemoveTask]
06-26 17:08:02.776  3449  5811 D ActivityTaskManager: notifyTaskRemoved, task: Task{9eb0965 #41534 type=standard A=10353:com.whatsapp} trace:com.android.server.wm.RecentTasks.notifyTaskRemoved:571 com.android.server.wm.RecentTasks.remove:1517 com.android.server.wm.ActivityTaskSupervisor.cleanUpRemovedTask:2181 com.android.server.wm.ActivityTaskSupervisor.removeTask:2145 com.android.server.wm.ActivityTaskSupervisor.removeTask:2060 
06-26 17:08:02.777  3449  5811 D SnapshotCache: removeRunningEntry id: 41534, callers=com.android.server.wm.SnapshotCache.onIdRemoved:126 com.android.server.wm.TaskSnapshotController.removeAndDeleteSnapshot:408 com.android.server.wm.Task.removedFromRecents:1464 
06-26 17:08:02.778  3449  8565 E TaskPersister: File error accessing recents directory (directory doesn't exist?).
06-26 17:08:02.782  3449  8418 D CoreBackPreview: Window{ddd199a u0 com.whatsapp/com.whatsapp.home.ui.HomeActivity}: Setting back callback null
06-26 17:08:02.784  3449  8418 D DisplayModeDirector: setAppRequest displayId : 17  modeId: 0  requestedRefreshRate: 0.0  requestedMinRefreshRateRange: 0.0  requestedMaxRefreshRateRange: 0.0
06-26 17:08:02.785  3449  8418 D DisplayModeDirector: setAppRequest displayId : 0  modeId: 1  requestedRefreshRate: 0.0  requestedMinRefreshRateRange: 0.0  requestedMaxRefreshRateRange: 120.00001
06-26 17:08:02.785  3449  8418 D QuickBackInputPolicy: hasMultiChildrenInTask: false
06-26 17:08:02.785  3449  8418 D WindowManager: NFW_findFocusedWindowIfNeeded:Window{26cee7f u0 com.android.launcher/com.android.launcher.Launcher} mCurrentFocus:Window{26cee7f u0 com.android.launcher/com.android.launcher.Launcher}
06-26 17:08:02.785  3449  8418 D WindowManager: NFW_findFocusedWindowIfNeeded:null mCurrentFocus:null
06-26 17:08:02.786  3449  4471 W UsageStatsService: Unexpected activity event reported! (com.whatsapp/com.whatsapp.home.ui.HomeActivity event : 23 instanceId : 252573242)
06-26 17:08:02.787  3449  5493 D ActivityTaskManager: removeAppToken: ActivityRecord{255309102 u0 com.whatsapp/.home.ui.HomeActivity t41534 f}} delayed=false parent=Task{9eb0965 #41534 type=standard A=10353:com.whatsapp} animating=false Callers=com.android.server.wm.DisplayContent.removeAppToken:1764 com.android.server.wm.ActivityRecord.removeFromHistory:4987 com.android.server.wm.ActivityRecord.destroyed:5077 com.android.server.wm.ActivityClientController.activityDestroyed:339 
06-26 17:08:02.787  3449  8418 W FillRequestEventLogger: Shouldn't be logging AutofillFillRequestReported again for same event
06-26 17:08:02.787  3449  8418 W FillResponseEventLogger: Shouldn't be logging AutofillFillRequestReported again for same event
06-26 17:08:02.787  3449  8418 W PresentationStatsEventLogger: Shouldn't be logging AutofillPresentationEventReported again for same event
06-26 17:08:02.788  3449  8418 D AutofillSession: clearPendingIntentLocked
06-26 17:08:02.789  3449  5493 D ActivityTaskManager: The isLandscapeFullscreenEnabled is: com.android.launcher/.Launcher
06-26 17:08:02.790  3449  3449 I ServiceConnector.Impl: unbindJobThread: connection = ServiceConnector@79(Intent { act=android.service.autofill.AutofillService xflg=0x4 cmp=com.google.android.gms/.autofill.service.AutofillService mCallingUid=1000 }, user: 0)[Unbinding...]service = null mBinding = false
06-26 17:08:02.790  3449  3449 E ServiceConnector.Impl: Failed to unbind: java.lang.IllegalArgumentException: Service not registered: ServiceConnector@79(Intent { act=android.service.autofill.AutofillService xflg=0x4 cmp=com.google.android.gms/.autofill.service.AutofillService mCallingUid=1000 }, user: 0)[Unbinding...]
06-26 17:08:02.790  3449  3449 I ServiceConnector.Impl: unbindJobThread: connection = ServiceConnector@992(Intent { act=android.service.autofill.AutofillService cmp=com.android.credentialmanager/.autofill.CredentialAutofillService }, user: 0)[Unbinding...]service = null mBinding = false
06-26 17:08:02.790  3449  3449 E ServiceConnector.Impl: Failed to unbind: java.lang.IllegalArgumentException: Service not registered: ServiceConnector@992(Intent { act=android.service.autofill.AutofillService cmp=com.android.credentialmanager/.autofill.CredentialAutofillService }, user: 0)[Unbinding...]
06-26 17:08:02.792  3449  3743 I TaskOrganizerController: onTaskInfoChanged taskid 41534 config { mBounds=Rect(0, 0 - 1264, 2780) mAppBounds=Rect(0, 0 - 1264, 2780) mMaxBounds=Rect(0, 0 - 1264, 2780) mDisplayRotation=ROTATION_0 mWindowingMode=fullscreen mActivityType=standard mAlwaysOnTop=undefined mRotation=ROTATION_0}
06-26 17:08:02.793  3449  3743 D OplusFlexibleDragToSplitAnimController: visibleFlexibleTaskInfos delete:41534
06-26 17:08:02.793  3449  3743 E FlexibleWindowManagerService: notifyTaskObserverToAttachController not need to notify!
06-26 17:08:02.793  3449  3743 I FlexibleWindowManagerService: onFlexibleWindowTaskInfoChanged, return for cur task not embedded
06-26 17:08:02.793  3449  5493 D DisplayModeDirector: setAppRequest displayId : 17  modeId: 0  requestedRefreshRate: 0.0  requestedMinRefreshRateRange: 0.0  requestedMaxRefreshRateRange: 0.0
06-26 17:08:02.794  3449  5493 D DisplayModeDirector: setAppRequest displayId : 0  modeId: 1  requestedRefreshRate: 0.0  requestedMinRefreshRateRange: 0.0  requestedMaxRefreshRateRange: 120.00001
06-26 17:08:02.794  3449  5493 D QuickBackInputPolicy: hasMultiChildrenInTask: false
06-26 17:08:02.794  3449  5493 D WindowManager: NFW_findFocusedWindowIfNeeded:Window{26cee7f u0 com.android.launcher/com.android.launcher.Launcher} mCurrentFocus:Window{26cee7f u0 com.android.launcher/com.android.launcher.Launcher}
06-26 17:08:02.794  3449  5493 D WindowManager: NFW_findFocusedWindowIfNeeded:null mCurrentFocus:null
06-26 17:08:02.795  3449  5553 W WindowManager: Failed looking up window session=Session{938c949 10303:u0a10353} callers=com.android.server.wm.WindowManagerService.windowForClientLocked:7039 com.android.server.wm.Session.setOnBackInvokedCallbackInfo:1106 android.view.IWindowSession$Stub.onTransact:1179 
06-26 17:08:02.795  3449  5553 I WindowManager: setOnBackInvokedCallback(): No window state for package:com.whatsapp
06-26 17:08:02.796  3449  5493 D ActivityTaskManager: removeAppToken: ActivityRecord{204421200 u0 com.whatsapp/.Conversation t41534 f}} delayed=false parent=Task{9eb0965 #41534 type=standard A=10353:com.whatsapp} animating=false Callers=com.android.server.wm.DisplayContent.removeAppToken:1764 com.android.server.wm.ActivityRecord.removeFromHistory:4987 com.android.server.wm.ActivityRecord.destroyed:5077 com.android.server.wm.ActivityClientController.activityDestroyed:339 
06-26 17:08:02.797  3449  5493 D OplusMirageWindowManagerService: onTaskRemoved displayid:0 taskId:41534 callers:com.android.server.wm.MirageWindowManagerExtImpl.onTaskRemoved:47 com.android.server.wm.TaskDisplayArea.removeChildTask:391 com.android.server.wm.TaskDisplayArea.removeChild:380 com.android.server.wm.WindowContainer.removeImmediately:1099 com.android.server.wm.TaskFragment.removeImmediately:3773 
06-26 17:08:02.798  3449  5493 D ActivityTaskManager: The isLandscapeFullscreenEnabled is: com.android.launcher/.Launcher
06-26 17:08:02.798  3449  4471 W UsageStatsService: Unexpected activity event reported! (com.whatsapp/com.whatsapp.Conversation event : 23 instanceId : 230313806)
06-26 17:08:02.800  3449  3743 D OplusFlexibleWindowMinimizedManagerHelper: onTaskVanished taskInfo:41534 task:Task{9eb0965 #41534 type=standard A=10353:com.whatsapp}
06-26 17:08:02.800  3449  3743 D OplusFlexibleDragToSplitAnimController: visibleFlexibleTaskInfos delete:41534
06-26 17:08:02.800  3449  3743 D FlexibleTaskController: no need releaseFlexibleCaptionView or destroyFlexibleDragLeash when non-caption-view-task vanished, task=Task{9eb0965 #41534 type=standard A=10353:com.whatsapp}
06-26 17:08:02.800  3449  3743 D FlexibleWindowManagerService: notifyFlexibleTaskVanish taskId : 41534 is not taskEmbedded
06-26 17:08:02.800  3449  3743 D FlexibleWindowManagerService: onFlexibleWindowTaskVanished: task = 41534,size:0
06-26 17:08:02.800  3449  3743 D OplusFlexibleWindowMinimizedManagerHelper: onTaskVanished taskInfo:41534 task:Task{9eb0965 #41534 type=standard A=10353:com.whatsapp}
06-26 17:08:02.800  3449  3743 D OplusFlexibleDragToSplitAnimController: visibleFlexibleTaskInfos delete:41534
06-26 17:08:02.800  3449  3743 D FlexibleTaskController: no need releaseFlexibleCaptionView or destroyFlexibleDragLeash when non-caption-view-task vanished, task=Task{9eb0965 #41534 type=standard A=10353:com.whatsapp}
06-26 17:08:02.800  3449  3743 D FlexibleWindowManagerService: notifyFlexibleTaskVanish taskId : 41534 is not taskEmbedded
06-26 17:08:02.800  3449  3743 D FlexibleWindowManagerService: onFlexibleWindowTaskVanished: task = 41534,size:0
06-26 17:08:02.801  5213  5262 D FlexibleSeekBarManager: removeAlpha for taskId=41534
06-26 17:08:02.803  3449  8418 D ActivityTaskManager: Skipping, invisible task: Task{c605442 #2 type=home I=com.android.launcher/.Launcher}
06-26 17:08:02.803  3449  8418 D ActivityTaskManager: after skip size:2,pre-Filtered:com.zenithflows.ims # com.instagram.android # 
06-26 17:08:03.478  3449 16358 D PowerManagerService: userActivityNoUpdateLocked: groupId=0, eventTime=7211335, event=touch, flags=0x0, uid=1000
06-26 17:08:03.481  3449 16358 D PowerManagerService: userActivityNoUpdateLocked: groupId=0, eventTime=7211335, event=touch, flags=0x0, uid=1000
06-26 17:08:03.492  3449  3752 I UserAwareMgr: event is already released: SceneEvent{id=2023, maxWorkDurationMs=2000, caller='[launcher]', eventFlags=0, fbPriority=1, keyThreads=[KeyThread{name=TaskIconCache, owner=self, schedPolicy=ux, priority=ANIMATOR, maxThreadCount=1}, KeyThread{name=TaskThumbnailCache, owner=self, schedPolicy=ux, priority=ANIMATOR, maxThreadCount=1}], vipBinderGroup=null}, callingPid: 4907, appPid: 0
06-26 17:08:03.526  3449  3752 I UserAwareMgr: event is already released: SceneEvent{id=2007, maxWorkDurationMs=2000, caller='[launcher]', eventFlags=0, fbPriority=1, keyThreads=[KeyThread{name=HwUiTask, owner=self, schedPolicy=ux, priority=ANIMATOR, maxThreadCount=1}, KeyThread{name=UIThread, owner=self, schedPolicy=ux, priority=ANIMATOR, maxThreadCount=1}, KeyThread{name=RenderThread, owner=self, schedPolicy=ux, priority=ANIMATOR, maxThreadCount=1}, KeyThread{name=GLThread, owner=self, schedPolicy=ux, priority=ANIMATOR, maxThreadCount=1}, KeyThread{name=UrgentTransactionHelper, owner=self, schedPolicy=ux, priority=LIGHT, maxThreadCount=1}], vipBinderGroup=null}, callingPid: 4907, appPid: 0
06-26 17:08:03.529  3449  4992 D OplusFlexibleWindowMinimizedManagerHelper: needExitMinimizedBeforeStartRecent mode:-1
06-26 17:08:03.529  3449  4992 E OplusSplitScreenManagerService: checkCallingFromSystemUI, caller is not SystemUI, callerUid=10231, SystemUI uid=10235
06-26 17:08:03.529  3449  4992 D FlexibleTaskController: onStartActivityFromRecents task:Task{bcab373 #41529 type=standard A=10361:com.instagram.android}, options:ActivityOptions(204875187), mPackageName=null, mAnimationType=13, mStartX=0, mStartY=0, mWidth=0, mHeight=0, mLaunchDisplayId=0 ,taskForceMaximized:false ,isFlexibleTask:false ,pendingLaunchZoom:false ,zoomLaunchFlags:3
06-26 17:08:03.529  3449  4992 I TaskFragmentExtImpl: reset pause in recents anim for mTaskFragment: Task{bcab373 #41529 type=standard A=10361:com.instagram.android}
06-26 17:08:03.529  3449  4992 D FlexibleTaskController: shouldKeepFlexibleTask flexibleTask not active.
06-26 17:08:03.529  3449  4992 E OplusAppQuickStart_AppQuickStartController: notifyStartActivityFromRecents task:Task{bcab373 #41529 type=standard A=10361:com.instagram.android} mStartFromRecents:true mStartFromSlide:false callingUid:10231
06-26 17:08:03.529  3449  4992 I ActivityTaskManager: moveTaskToFrontLocked callingPid:3449, callingUid:1000, taskId:41529
06-26 17:08:03.529  3449  4992 W ActivityTaskManager: callingPackage for (uid=-1, pid=-1) has no WPC
06-26 17:08:03.529  3449  3752 W QosScheduler: executeSceneQosStrategy failed! qos feature no enable
06-26 17:08:03.530  3449  4992 D ContinuousTransitionController: tasId: 41529 start from recents, mark on transition: 203
06-26 17:08:03.532  3449  4992 D OplusDexSceneManager:  High temp 396 with highTemperatureThreshold 380 pkg:com.instagram.android reason: extra-second-dex
06-26 17:08:03.532  3449  4992 D ActivityTaskManager: The isLandscapeFullscreenEnabled is: com.instagram.android/.activity.MainTabActivity
06-26 17:08:03.535  3449  4992 D ActivityTaskManager: setAppVisibility(Token{bbc2c53 ActivityRecord{76800959 u0 com.android.launcher/.Launcher t2}}, visible=false):  visible=true mVisibleRequested=true
06-26 17:08:03.535  3449  4992 D ActivityTaskManager: setVisibility(Token{bbc2c53 ActivityRecord{76800959 u0 com.android.launcher/.Launcher t2}}, visible=false) defer commitVisibility for transition collecting
06-26 17:08:03.536  3449  4992 D RefreshRate: boostRefreshId choose max:currentRefreshRate:120.00001 targetRefreshRate:90.0 mCurrentPickRate:120.00001
06-26 17:08:03.536  3449  4992 D RefreshRate: Trigger app switch boost, ar=ActivityRecord{234464429 u0 com.instagram.android/.activity.MainTabActivity t41529},currDisplayRate=120.00001,boostId=3
06-26 17:08:03.536  3449  4992 D RefreshRate: setDisplayConfigSpecs complete: targetMode={id=1, width=1264, height=2780, fps=120.00001, vsync=120.00001, synthetic=false, alternativeRefreshRates=[60.000004, 90.0], supportedHdrTypes=[1, 2, 3, 4]},srcMode={id=1, width=1264, height=2780, fps=120.00001, vsync=120.00001, synthetic=false, alternativeRefreshRates=[60.000004, 90.0], supportedHdrTypes=[1, 2, 3, 4]},sfModId=0,rate=120.00001
06-26 17:08:03.536  3449  4992 D RefreshRate: startAppSwitchBoost targetMode={id=1, width=1264, height=2780, fps=120.00001, vsync=120.00001, synthetic=false, alternativeRefreshRates=[60.000004, 90.0], supportedHdrTypes=[1, 2, 3, 4]} record=ActivityRecord{234464429 u0 com.instagram.android/.activity.MainTabActivity t41529}: votes=PRIORITY_START_ANIMATION_BOOST -> Vote{mRefreshRate=120.0, mMinRefreshRate=120.0, mRequestSource=null};PRIORITY_WINDOW_REQUEST -> Vote{mRefreshRate=120.0, mMinRefreshRate=120.0, mRequestSource=null};
06-26 17:08:03.537  3449  3820 D RefreshRate: do setDisplayConfigSpecs  
06-26 17:08:03.537  3449  4809 D JobSchedulerServiceExtImpl: updateOsenseRestrictMode for 1 true false
06-26 17:08:03.537  3449  4992 D ActivityTaskManager: setAppVisibility(Token{4778748 ActivityRecord{234464429 u0 com.instagram.android/.activity.MainTabActivity t41529}}, visible=true):  visible=false mVisibleRequested=false
06-26 17:08:03.537  3449  4992 D WindowManager: NFW_setClientVisible:ActivityRecord{234464429 u0 com.instagram.android/.activity.MainTabActivity t41529} clientVisible:true
06-26 17:08:03.537  3449  4992 D ActivityTaskManager: setVisibility(Token{4778748 ActivityRecord{234464429 u0 com.instagram.android/.activity.MainTabActivity t41529}}, visible=true) defer commitVisibility for transition collecting
06-26 17:08:03.538  3449  5346 D NativeFreezeManager: freezeForAppSwitchScene mAppLaunchFzDxEnable enter, mFgAppPkgname com.instagram.android
06-26 17:08:03.538  3449  4992 D ActivityTaskManager: onWindowFocusChanged Task{bcab373 #41529 type=standard A=10361:com.instagram.android} would transfer to compact
06-26 17:08:03.538  3449  3752 I UserAwareMgr: handleTopAppChanged: com.instagram.android, pid: 26301, uid: 10361
06-26 17:08:03.538  3449  4992 D ActivityTaskManager: NFW_setLastResumedActivityUncheckLocked:true r:ActivityRecord{234464429 u0 com.instagram.android/.activity.MainTabActivity t41529} currentFocus:Window{26cee7f u0 com.android.launcher/com.android.launcher.Launcher}
06-26 17:08:03.538  3449  4992 D WindowManager: NFW_findFocusedWindowIfNeeded:null mCurrentFocus:Window{26cee7f u0 com.android.launcher/com.android.launcher.Launcher}
06-26 17:08:03.538  3449  4992 V WindowManager: Changing focus from Window{26cee7f u0 com.android.launcher/com.android.launcher.Launcher} to null,diplayid=0
06-26 17:08:03.539  3449  4992 D WindowManager: NFW_findFocusedWindowIfNeeded:null mCurrentFocus:null
06-26 17:08:03.539  3449  4992 D FlexibleTaskController: onTaskFocusChanged prevTask:Task{c605442 #2 type=home I=com.android.launcher/.Launcher} ,currentTask:Task{bcab373 #41529 type=standard A=10361:com.instagram.android}, reason: resumeTopActivity - onActivityStateChanged
06-26 17:08:03.539  3449  4992 D OplusFlexibleDCSManager: onNextPkgChanged pkg = com.instagram.android
06-26 17:08:03.540  3449  4992 D ActivityTaskManager: The isLandscapeFullscreenEnabled is: com.instagram.android/.activity.MainTabActivity
06-26 17:08:03.540  3449  4992 D ActivityTaskManager: The isLandscapeFullscreenEnabled is: com.instagram.android/.activity.MainTabActivity
06-26 17:08:03.540  3449  4992 D FlexibleTaskController: isFullToFlexibleAnimating: false
06-26 17:08:03.540  3449  4992 D WindowManager: rotation(ROTATION_0) no changed  displayId = 0, lastOrientation = 1
06-26 17:08:03.540  3449  4992 D ActivityTaskManager: The isLandscapeFullscreenEnabled is: com.instagram.android/.activity.MainTabActivity
06-26 17:08:03.540  3449  4992 D ActivityTaskManager: The isLandscapeFullscreenEnabled is: com.instagram.android/.activity.MainTabActivity
06-26 17:08:03.540  3449  4992 D ActivityTaskManager: The isLandscapeFullscreenEnabled is: com.instagram.android/.activity.MainTabActivity
06-26 17:08:03.540  3449  4992 D ActivityTaskManager: The isLandscapeFullscreenEnabled is: com.instagram.android/.activity.MainTabActivity
06-26 17:08:03.540  3449  4992 D ActivityTaskManager: The isLandscapeFullscreenEnabled is: com.instagram.android/.activity.MainTabActivity
06-26 17:08:03.540  3449  4992 D ActivityTaskManager: The isLandscapeFullscreenEnabled is: com.instagram.android/.activity.MainTabActivity
06-26 17:08:03.540  3449  4992 D ActivityTaskManager: The isLandscapeFullscreenEnabled is: com.instagram.android/.activity.MainTabActivity
06-26 17:08:03.540  3449  4992 D ActivityTaskManager: The isLandscapeFullscreenEnabled is: com.instagram.android/.activity.MainTabActivity
06-26 17:08:03.540  3449  4992 D ActivityTaskManager: The isLandscapeFullscreenEnabled is: com.instagram.android/.activity.MainTabActivity
06-26 17:08:03.540  3449  3820 D DisplayModeDirector: setAppRequest displayId : 0  modeId: 1  requestedRefreshRate: 120.00001  requestedMinRefreshRateRange: 120.00001  requestedMaxRefreshRateRange: 120.00001
06-26 17:08:03.541  3449  4992 D OplusFeatureColorMode: ColorMode getColorMode =0
06-26 17:08:03.541  3449  4992 D ColorDisplayServiceExtImpl: getWCGVersion1App, packageName=com.instagram.android, sSupportWCG1 = true, sSupportWCG3 = false, nRet = 0
06-26 17:08:03.541  3449  4992 D ActivityTaskManager: The isLandscapeFullscreenEnabled is: com.instagram.android/.activity.MainTabActivity
06-26 17:08:03.541  3449  4992 D ActivityRecordExtImpl:  setIsWaitingForAppResume for ActivityRecord{234464429 u0 com.instagram.android/.activity.MainTabActivity t41529} isWaiting true
06-26 17:08:03.541  3449  4992 D WindowManager: attachImeScreenshotOnTargetIfNeeded, mImeHiding = false, requestedVisibleTypes = -9
06-26 17:08:03.541  3449  4992 D ActivityTaskManager: validateStartingWindowTheme:  Pkg=com.instagram.android, Translucent=false, Floating=false, ShowWallpaper=false, Disable=false, LaunchSource=2, Prev=null, LaunchedFromPackage=com.android.launcher
06-26 17:08:03.541  3449  4992 D ActivityTaskManager: addStartingWindow for ActivityRecord{234464429 u0 com.instagram.android/.activity.MainTabActivity t41529}, mainWin=Window{43b4623 u0 com.instagram.android/com.instagram.android.activity.MainTabActivity}, mVisible=false, mVisibleRequested=true, drawn=false, mDestroying=false, state=RESUMED, isKeyguardLocked=false, isKeyguardGoingAway=false
06-26 17:08:03.541  3449  4992 D ActivityTaskManager: getStartingWindowType: , newTask=false, taskSwitch=true, processRunning=true, allowTaskSnapshot=true, activityCreated=true, activityAllDrawn=false, snapshot exist: true, TopActivityComponent: ComponentInfo{com.instagram.android/com.instagram.mainactivity.InstagramMainActivity}
06-26 17:08:03.541  3449  4992 D ActivityTaskManager: The isLandscapeFullscreenEnabled is: com.instagram.android/.activity.MainTabActivity
06-26 17:08:03.541  3449  4992 D ActivityTaskManager: isSnapshotCompatible: w=1264, h=2780, taskSize=Point(1264, 2780)
06-26 17:08:03.541  3449  4992 D ActivityRecordExtImpl: handleStartingWindowForCompactWindow origin type:1, adjustType : 1
06-26 17:08:03.542  3449  4992 D ActivityTaskManager: The isLandscapeFullscreenEnabled is: com.instagram.android/.activity.MainTabActivity
06-26 17:08:03.542  3449  4992 D ActivityTaskManager: The isLandscapeFullscreenEnabled is: com.instagram.android/.activity.MainTabActivity
06-26 17:08:03.542  3449  4992 D ActivityTaskManager: The isLandscapeFullscreenEnabled is: com.instagram.android/.activity.MainTabActivity
06-26 17:08:03.542  3449  4992 D OplusDexSceneManager:  High temp 396 with highTemperatureThreshold 380 pkg:com.instagram.android reason: extra-second-dex
06-26 17:08:03.544  3449  4992 D OplusDexSceneManager:  High temp 396 with highTemperatureThreshold 380 pkg:com.instagram.android reason: extra-second-dex
06-26 17:08:03.545  3449  3752 W UserAwareMgr: can not find match thread: UiThreadHelper for process system_server Pid: 3449
06-26 17:08:03.546  5213  5262 V WindowManagerShell: Transition requested (#203): android.os.BinderProxy@bde5c3f TransitionRequestInfo { type = TO_FRONT, triggerTask = TaskInfo{userId=0 taskId=41529 effectiveUid=10361 displayId=0 isRunning=true baseIntent=Intent { act=android.intent.action.MAIN cat=[android.intent.category.LAUNCHER] flg=0x10200000 cmp=com.instagram.android/.activity.MainTabActivity mCallingUid=10231 } baseActivity=ComponentInfo{com.instagram.android/com.instagram.mainactivity.InstagramMainActivity} topActivity=ComponentInfo{com.instagram.android/com.instagram.mainactivity.InstagramMainActivity} origActivity=ComponentInfo{com.instagram.android/com.instagram.android.activity.MainTabActivity} realActivity=ComponentInfo{com.instagram.android/com.instagram.mainactivity.InstagramMainActivity}
06-26 17:08:03.546  5213  5262 V WindowManagerShell:  numActivities=1 lastActiveTime=10520067 supportsSplitScreenMultiWindow=true supportsMultiWindow=true supportsPocketStudioMultiWindow=true isInFlexibleEmbedded = false uid = 10361 pid = 26301 resizeMode=2 isResizeable=true minWidth=-1 minHeight=-1 defaultMinSize=220 token=WCT{android.window.IWindowContainerToken$Stub$Proxy@582a90c} topActivityType=1 pictureInPictureParams=null shouldDockBigOverlays=false launchIntoPipHostTaskId=-1 lastParentTaskIdBeforePip=-1 displayCutoutSafeInsets=Rect(0, 0 - 0, 0)
06-26 17:08:03.546  5213  5262 V WindowManagerShell:  topActivityInfo=ActivityInfo{36bd255 com.instagram.android.activity.MainTabActivity} launchCookies=[android.os.BinderProxy@d9c61d4] positionInParent=Point(0, 0) parentTaskId=-1 isFocused=true isVisible=false isVisibleRequested=true isTopActivityNoDisplay=false isSleeping=false locusId=null displayAreaFeatureId=1 isTopActivityTransparent=false isActivityStackTransparent=false lastNonFullscreenBounds=Rect(323, 800 - 941, 2064) capturedLink=null capturedLinkTimestamp=0 requestedVisibleTypes=-9 topActivityRequestOpenInBrowserEducationTimestamp=0
06-26 17:08:03.546  5213  5262 V WindowManagerShell:  appCompatTaskInfo=AppCompatTaskInfo { topActivityInSizeCompat=false topActivityInOplusCompatMode=false eligibleForLetterboxEducation= false isLetterboxEducationEnabled= false isLetterboxDoubleTapEnabled= false eligibleForUserAspectRatioButton= false topActivityBoundsLetterboxed= false isFromLetterboxDoubleTap= false topActivityLetterboxVerticalPosition= -1 topActivityLetterboxHorizontalPosition= -1 topActivityLetterboxWidth=-1 topActivityLetterboxHeight=-1 topActivityAppBounds=Rect(0, 0 - 1264, 2780) isUserFullscreenOverrideEnabled=false isSystemFullscreenOverrideEnabled=false hasMinAspectRatioOverride=false topActivityLetterboxBounds=null cameraCompatTaskInfo=CameraCompatTaskInfo { freeformCameraCompatMode=inactive}} topActivityMainWindowFrame=null topActivityLetterboxInsets=Rect(0, 0 - 0, 0)
06-26 17:08:03.546  5213  5262 V WindowManagerShell:  mOplusExtraBundle = Bundle[mParcelledData.dataSize=1840]}, pipChange = null, remoteTransition = RemoteTransition { remoteTransition = android.window.IRemoteTransition$Stub$Proxy@1bca46a, appThread = android.app.IApplicationThread$Stub$Proxy@b667d5b, debugName = QuickstepLaunch }, displayChange = null, flags = 0, debugId = 203 }
06-26 17:08:03.546  5213  5262 D ShellSplitScreen: logExit: no-op, mLoggerSessionId is null
06-26 17:08:03.546  5213  5262 V WindowManagerShell: RemoteTransition directly requested for (#203) android.os.BinderProxy@bde5c3f: RemoteTransition { remoteTransition = android.window.IRemoteTransition$Stub$Proxy@1bca46a, appThread = android.app.IApplicationThread$Stub$Proxy@b667d5b, debugName = QuickstepLaunch }
06-26 17:08:03.546  3449  4992 D osense.compress: notifyActivityLaunched pkgName = com.instagram.android, userId = 0
06-26 17:08:03.546  5213  5262 V WindowManagerShell: Transition (#203): request handled by DefaultMixedHandler
06-26 17:08:03.546  3449  4992 D DisplayModeDirector: setAppRequest displayId : 17  modeId: 0  requestedRefreshRate: 0.0  requestedMinRefreshRateRange: 0.0  requestedMaxRefreshRateRange: 0.0
06-26 17:08:03.547  3449  4992 D DisplayModeDirector: setAppRequest displayId : 0  modeId: 1  requestedRefreshRate: 0.0  requestedMinRefreshRateRange: 0.0  requestedMaxRefreshRateRange: 120.00001
06-26 17:08:03.547  3449  3820 D VRR [OPlusRefreshRateService]:  setDirectorStates [flag: 1, state: 1, directorStateOff: 1]
06-26 17:08:03.548  3449  4992 I TaskOrganizerController: onTaskInfoChanged taskid 1 config { mBounds=Rect(0, 0 - 1264, 2780) mAppBounds=Rect(0, 0 - 1264, 2780) mMaxBounds=Rect(0, 0 - 1264, 2780) mDisplayRotation=ROTATION_0 mWindowingMode=fullscreen mActivityType=home mAlwaysOnTop=undefined mRotation=ROTATION_0}
06-26 17:08:03.548  3449  4992 D OplusVisibleTasks:  notifyTaskFocusChange no need.
06-26 17:08:03.548  3449  4992 D OplusFlexibleDragToSplitAnimController: visibleFlexibleTaskInfos delete:1
06-26 17:08:03.548  3449  4992 E FlexibleWindowManagerService: notifyTaskObserverToAttachController not need to notify!
06-26 17:08:03.548  3449  4992 I FlexibleWindowManagerService: onFlexibleWindowTaskInfoChanged, return for cur task not embedded
06-26 17:08:03.548  3449  4992 I TaskOrganizerController: onTaskInfoChanged taskid 41529 config { mBounds=Rect(0, 0 - 1264, 2780) mAppBounds=Rect(0, 0 - 1264, 2780) mMaxBounds=Rect(0, 0 - 1264, 2780) mDisplayRotation=ROTATION_0 mWindowingMode=fullscreen mActivityType=standard mAlwaysOnTop=undefined mRotation=ROTATION_0}
06-26 17:08:03.548  3449  4992 D OplusFlexibleDragToSplitAnimController: visibleFlexibleTaskInfos delete:41529
06-26 17:08:03.548  3449  4992 E FlexibleWindowManagerService: notifyTaskObserverToAttachController not need to notify!
06-26 17:08:03.548  3449  4992 I FlexibleWindowManagerService: onFlexibleWindowTaskInfoChanged, return for cur task not embedded
06-26 17:08:03.549  3449  5493 V WindowManager: Relayout Window{6e38752 u0 KHCD.09Bh.X.09Bh@269e284}: viewVisibility=0, oldvis=8, req=1x2584 , apr = 0, 
06-26 17:08:03.549  3449  5493 I WindowManager: Window{6e38752 u0 KHCD.09Bh.X.09Bh@269e284} state from NO_SURFACE to DRAW_PENDING; reason: resetDrawState
06-26 17:08:03.549  3449  3752 W QosSceneRecognizer[SmartWindowScene]: updateWindowState fail! invalid window type: -1
06-26 17:08:03.550  3449  5493 D DisplayModeDirector: setAppRequest displayId : 17  modeId: 0  requestedRefreshRate: 0.0  requestedMinRefreshRateRange: 0.0  requestedMaxRefreshRateRange: 0.0
06-26 17:08:03.551  3449  3752 W QosSceneRecognizer[SmartWindowScene]: updateWindowState fail! invalid window type: -1
06-26 17:08:03.551  3449  5493 D DisplayModeDirector: setAppRequest displayId : 0  modeId: 1  requestedRefreshRate: 0.0  requestedMinRefreshRateRange: 0.0  requestedMaxRefreshRateRange: 120.00001
06-26 17:08:03.551  3449  5493 D WindowManager: NFW_findFocusedWindowIfNeeded:null mCurrentFocus:null
06-26 17:08:03.551  3449  5493 D WindowManager: NFW_findFocusedWindowIfNeeded:null mCurrentFocus:null
06-26 17:08:03.552  3449  5493 D ActivityTaskManager: The isLandscapeFullscreenEnabled is: com.instagram.android/.activity.MainTabActivity
06-26 17:08:03.552  3449  5493 D ActivityTaskManager: The isLandscapeFullscreenEnabled is: com.instagram.android/.activity.MainTabActivity
06-26 17:08:03.552  3449  4992 I OplusJoystickManager: handleApplicationSwitch deprecated!
06-26 17:08:03.552  3449  4992 I GameManagerServiceExt-GameManagerServiceExt: on FG change: com.android.launcher|com.instagram.android
06-26 17:08:03.553  3449  4992 I OplusAppSwitchManagerService: com.instagram.android notifyGcSupression , firstStart = false
06-26 17:08:03.553  5213  5262 D WindowManagerShell: setLauncherKeepClearAreaHeight: visible=false, height=280
06-26 17:08:03.555  3449  3743 D DisplayModeDirector: setAppRequest displayId : 17  modeId: 0  requestedRefreshRate: 0.0  requestedMinRefreshRateRange: 0.0  requestedMaxRefreshRateRange: 0.0
06-26 17:08:03.556  3449  3743 D DisplayModeDirector: setAppRequest displayId : 0  modeId: 1  requestedRefreshRate: 0.0  requestedMinRefreshRateRange: 0.0  requestedMaxRefreshRateRange: 120.00001
06-26 17:08:03.556  3449  5482 D OplusEapManager: mTargetExitName :com.android.launcher
06-26 17:08:03.557  3449  3820 D VRR [OPlusRefreshRateService]: handleFrontAppChange pkgName: null
06-26 17:08:03.557  3449  3743 D OplusTransitionController: tryFinishAheadIfNeed transition 203 , SyncGroup: com.android.server.wm.BLASTSyncEngine$SyncGroup@837f915
06-26 17:08:03.557  3449  3743 D ActivityTaskManager: commitVisibility: ActivityRecord{234464429 u0 com.instagram.android/.activity.MainTabActivity t41529}: visible=true visibleRequested=true, isInTransition=true 
06-26 17:08:03.559  3449  3818 D OplusAppSwitchListener: App Activity Change
06-26 17:08:03.559  3449  3743 D OplusTransitionAnimationManager: activityRecordCount0fullScreenArBeHindStartingWindow null
06-26 17:08:03.559  3449  3743 D OplusTransitionAnimationManager: activityRecordCount0fullScreenArBeHindStartingWindow null
06-26 17:08:03.559  3449  3743 D OplusTransitionAnimationManager: markCanUseSpringSlideAnim for TransitionRecord{7f1e21b id=203 track=0 type=TO_FRONT flags=0x0 state=2 c=[
06-26 17:08:03.559  3449  3743 D OplusTransitionAnimationManager:    ChangeInfo{c3afb8 container=Task{1ce2d9f #1 type=home} flags=0x10}
06-26 17:08:03.559  3449  3743 D OplusTransitionAnimationManager:    ChangeInfo{32c1191 container=ActivityRecord{76800959 u0 com.android.launcher/.Launcher t2} flags=0x0}
06-26 17:08:03.559  3449  3743 D OplusTransitionAnimationManager:    ChangeInfo{e43d8f6 container=WallpaperWindowToken{81730f1 showWhenLocked=false} flags=0x0}
06-26 17:08:03.559  3449  3743 D OplusTransitionAnimationManager:    ChangeInfo{34284f7 container=Display{#0 state=ON size=1264x2780 ROTATION_0} flags=0x0}
06-26 17:08:03.559  3449  3743 D OplusTransitionAnimationManager:    ChangeInfo{5e00f64 container=WallpaperWindowToken{9024f69 showWhenLocked=true} flags=0x0}
06-26 17:08:03.559  3449  3743 D OplusTransitionAnimationManager:    ChangeInfo{6f35cd container=DefaultTaskDisplayArea@193165965 flags=0x0}
06-26 17:08:03.559  3449  3743 D OplusTransitionAnimationManager:    ChangeInfo{b4c8e82 container=Task{bcab373 #41529 type=standard A=10361:com.instagram.android} flags=0x30}
06-26 17:08:03.559  3449  3743 D OplusTransitionAnimationManager:    ChangeInfo{d907993 container=Task{c605442 #2 type=home I=com.android.launcher/.Launcher} flags=0x10}
06-26 17:08:03.559  3449  3743 D OplusTransitionAnimationManager:    ChangeInfo{640bdd0 container=ActivityRecord{234464429 u0 com.instagram.android/.activity.MainTabActivity t41529} flags=0x0}
06-26 17:08:03.559  3449  3743 D OplusTransitionAnimationManager: ]
06-26 17:08:03.559  3449  3743 D OplusTransitionAnimationManager: }
06-26 17:08:03.560  3449  5482 D OplusAppSwitchRuleInfo: generateAppEnterInfo - launch_source_type = launcherRecentTask , launch_source_traceid = 
06-26 17:08:03.560  3449  5482 D ActivityTaskManager: The isLandscapeFullscreenEnabled is: com.instagram.android/.activity.MainTabActivity
06-26 17:08:03.560  3449  5482 D ActivityTaskManager: The isLandscapeFullscreenEnabled is: com.instagram.android/.activity.MainTabActivity
06-26 17:08:03.560  3449  3743 D QuickBackInputPolicy: resetInputInterceptState for remoteTransition: true
06-26 17:08:03.560  3449  3742 D BatteryStatsImplExtImpl: pausedBatteryLevel:50 activityFocusedTimeInMin:0
06-26 17:08:03.560  3449  5482 D OplusEapManager: mTargetEnterName :com.instagram.android
06-26 17:08:03.561  3449  3820 D VRR [OPlusRefreshRateService]: handleFrontAppChange pkgName: com.instagram.android
06-26 17:08:03.561  3449  3820 D VRR [OPlusSAManager]: updateAutoMinfps for 4630946652107814787 with nits: 198.26663, mHistOK true, mAmbientOK true, mCctOK true, mIrOK true, mBrightnessOK true, isPkgOK true, SA min fps: 119
06-26 17:08:03.561  5213  7641 V WindowManagerShell: onTransitionReady(transaction=14813342251797)
06-26 17:08:03.561  5213  5262 V WindowManagerShell: onTransitionReady (#203) android.os.BinderProxy@bde5c3f: {id=203 t=TO_FRONT f=0x0 trk=0 r=[0@Point(0, 0)] c=[
06-26 17:08:03.561  5213  5262 V WindowManagerShell:         {m=TO_FRONT f=MOVE_TO_TOP leash=Surface(name=Task=41529)/@0x43749f8 sb=Rect(0, 0 - 1264, 2780) eb=Rect(0, 0 - 1264, 2780) epz=Point(1264, 2780) d=0 taskParent=-1},
06-26 17:08:03.561  5213  5262 V WindowManagerShell:         {m=TO_BACK f=SHOW_WALLPAPER leash=Surface(name=Task=1)/@0x1e43ed1 sb=Rect(0, 0 - 1264, 2780) eb=Rect(0, 0 - 1264, 2780) epz=Point(1264, 2780) d=0 taskParent=-1}
06-26 17:08:03.561  5213  5262 V WindowManagerShell:     ] 
06-26 17:08:03.561  5213  5262 V WindowManagerShell: extendInfo=[
06-26 17:08:03.561  5213  5262 V WindowManagerShell:  OplusTransitionExtendedInfo{mTmpFinishT=null, mInOplusCompatMode=false, mIsProcessRunning=true, mHasMismatchBoundsTarget=false, mRecentsController=null, mRemoteTransition=null, mIsTranslucentActivityToHome=false, mAvoidInterceptKeyEventToHome=false, mIsFromHome=true, mParentLeash=null, mBackAnimClosingLeash=null, mReparentToRecentsSurface=null, mIsOplusAnimRes=false, mKeepBgForContinuous=false, mIsBalAllow=false, mTaskNotInRecent=false, mIsPredictiveBackAnim=false, mIsMergedWithPredictive=false, mIsLaunchFromSpruce=false, mIsLaunchFromDrive=false, mGlobalSearchPageSwitch=false, mNeedNoAlphaGlobalSearchScene=false, mAssistScreenShowing=false, mSwipeUpBrowserScreenShowing=false, mUserIdTransition=0
