06-26 17:08:04.046  3449  5493 I OplusAppSwitchManagerService: appswitch registerAppSwitchObserver pName = com@@oplus@@mediaturbo_258738696 observer = com.oplus.app.IOplusAppSwitchObserver$Stub$Proxy@5904b3 config = OplusAppSwitchConfig = {  observerFingerPrint = 253031339}
06-26 17:08:04.046  3449  5493 I OplusAppSwitchStateDispatcher: registerAppSwitchObserver addDynamicListener OK, info = OplusAppSwitchRuleInfo = {  observer = com.oplus.app.IOplusAppSwitchObserver$Stub$Proxy@5904b3 observerFingerPrint = 253031339} rule size =0
06-26 17:08:04.094  3449  3752 W QosScheduler: executeSceneQosStrategy failed! qos feature no enable
06-26 17:08:04.094  3449  3752 W QosScheduler: executeSceneQosStrategy failed! qos feature no enable
06-26 17:08:04.095  3449  5493 E AppOps  : attributionTag  not declared in manifest of com.instagram.android
06-26 17:08:04.095  3449  5814 E AppOps  : attributionTag  not declared in manifest of com.instagram.android
06-26 17:08:04.098  3449  4906 D OAppNetControlService: Hans update:[10178=false][0|0] blackList:[10377, 10198, 10439, 10315, 10171, 10214, 10272, 10217, 10332, 10428, 10172, 10322, 10180, 10440, 10325, 10323, 10363, 10324, 10328, 10327, 10446, 10427, 10294, 10119, 10182, 10138, 10354]
06-26 17:08:04.112  3449  5346 D BroadcastQueue: setDeferPolicy processName: {com.google.android.youtube} uid: 10178 policy: 1 defer: false
06-26 17:08:04.113  3449  5346 D BroadcastQueue: setDeferPolicy processName: {com.facebook.katana} uid: 10321 policy: 1 defer: false
06-26 17:08:04.114  3449  4906 D OAppNetControlService: Hans update:[10327=false][0|0] blackList:[10377, 10198, 10439, 10315, 10171, 10214, 10272, 10217, 10332, 10428, 10172, 10322, 10180, 10440, 10325, 10323, 10363, 10324, 10328, 10446, 10427, 10294, 10119, 10182, 10138, 10354]
06-26 17:08:04.114  3449  4906 D OAppNetControlService: Hans update:[10427=false][0|0] blackList:[10377, 10198, 10439, 10315, 10171, 10214, 10272, 10217, 10332, 10428, 10172, 10322, 10180, 10440, 10325, 10323, 10363, 10324, 10328, 10446, 10294, 10119, 10182, 10138, 10354]
06-26 17:08:04.115  3449  4906 D OAppNetControlService: Hans update:[10446=false][0|0] blackList:[10377, 10198, 10439, 10315, 10171, 10214, 10272, 10217, 10332, 10428, 10172, 10322, 10180, 10440, 10325, 10323, 10363, 10324, 10328, 10294, 10119, 10182, 10138, 10354]
06-26 17:08:04.121  3449  5346 D BroadcastQueue: setDeferPolicy processName: {com.google.android.apps.youtube.music} uid: 10327 policy: 1 defer: false
06-26 17:08:04.132  3449  5346 D BroadcastQueue: setDeferPolicy processName: {com.zenithflows.ims} uid: 10427 policy: 1 defer: false
06-26 17:08:04.135  3449  5346 D BroadcastQueue: setDeferPolicy processName: {com.nis.app} uid: 10446 policy: 1 defer: false
06-26 17:08:04.293  3449  4842 E Osense-HmbirdSceneRecogManager: unexpected error java.lang.NullPointerException: Attempt to invoke virtual method 'java.lang.String com.android.server.oplus.osense.feature.uaf.scene.hmbirdscene.HmbirdScene.getHmbirdWindowPkgName(java.lang.String)' on a null object reference
06-26 17:08:04.456  3449  3820 D VRR [OPlusSAManager]: updateAutoMinfps for 4630946652107814787 with nits: 198.26663, mHistOK true, mAmbientOK true, mCctOK true, mIrOK true, mBrightnessOK true, isPkgOK true, SA min fps: 89
06-26 17:08:05.529  3449  3752 W QosScheduler: executeSceneQosStrategy failed! qos feature no enable
06-26 17:08:06.476  3449  3818 D ProximityEventHandler: MSG_PROXIMITY_CHANGED, event = ProximityEvent{event:NEAR id:0}
06-26 17:08:06.650  3449 10553 D PowerManagerService: userActivityNoUpdateLocked: groupId=0, eventTime=7214509, event=touch, flags=0x0, uid=1000
06-26 17:08:06.652  3449 10553 D PowerManagerService: userActivityNoUpdateLocked: groupId=0, eventTime=7214509, event=touch, flags=0x0, uid=1000
06-26 17:08:06.653  3449  3752 W UserAwareMgr: can not find match thread: GaussianBlur for process com.android.systemui Pid: 5213
06-26 17:08:06.669  3449  3752 I UserAwareMgr: handleTopAppChanged: com.android.systemui, pid: 5213, uid: 10235
06-26 17:08:06.671  3449  3752 W QosScheduler: executeSceneQosStrategy failed! qos feature no enable
06-26 17:08:06.673  3449  4583 D SystemGestures: detectSwipe: 1
06-26 17:08:06.676  3449  8419 D CoreBackPreview: Window{e6d507d u0 NotificationShade}: Setting back callback OnBackInvokedCallbackInfo{mCallback=android.window.IOnBackInvokedCallback$Stub$Proxy@c861a8a, mPriority=0, mIsAnimationCallback=false, mOverrideBehavior=0}
06-26 17:08:06.684  3449  8419 D OplusUserManagerServiceEnhance: getMultiSystemUserId  res = -10000
06-26 17:08:06.686  3449  5814 I VibratorManagerServiceExtImpl: cancelVibrate uid=1000, pid=3449, usageFilter=-15, token=257280315
06-26 17:08:06.687  3449  4605 E HandwritingModeController: Cannot get requestId: Handwriting was not initialized.
06-26 17:08:06.693  3449  8419 V WindowManager: Relayout Window{e6d507d u0 NotificationShade}: viewVisibility=0, oldvis=4, req=1264x2780 , apr = 0, , x=0, y=0
06-26 17:08:06.693  3449  8419 I WindowManager: Window{e6d507d u0 NotificationShade} state from NO_SURFACE to DRAW_PENDING; reason: resetDrawState
06-26 17:08:06.695  3449  8419 D DisplayModeDirector: setAppRequest displayId : 17  modeId: 0  requestedRefreshRate: 0.0  requestedMinRefreshRateRange: 0.0  requestedMaxRefreshRateRange: 0.0
06-26 17:08:06.697  3449  8419 D DisplayModeDirector: setAppRequest displayId : 0  modeId: 3  requestedRefreshRate: 0.0  requestedMinRefreshRateRange: 0.0  requestedMaxRefreshRateRange: 90.0
06-26 17:08:06.698  3449  8419 D WindowManager: NFW_findFocusedWindowIfNeeded:Window{e6d507d u0 NotificationShade} mCurrentFocus:Window{43b4623 u0 com.instagram.android/com.instagram.android.activity.MainTabActivity}
06-26 17:08:06.699  3449  8419 V WindowManager: Changing focus from Window{43b4623 u0 com.instagram.android/com.instagram.android.activity.MainTabActivity} to Window{e6d507d u0 NotificationShade},diplayid=0
06-26 17:08:06.700  3449  3820 D VRR [OPlusSurfaceFlingerController]:  setComplexSceneEnable : false
06-26 17:08:06.701  3449  3752 W QosScheduler: executeSceneQosStrategy failed! qos feature no enable
06-26 17:08:06.701  3449  8419 D WindowManager: NFW_findFocusedWindowIfNeeded:null mCurrentFocus:null
06-26 17:08:06.701  3449  8419 D ActivityTaskManager: The isLandscapeFullscreenEnabled is: com.instagram.android/.activity.MainTabActivity
06-26 17:08:06.701  5213  5213 W VRI[NotificationShade]: updateBlastSurfaceIfNeeded, surfaceSize:Point(1264, 2780), lastSurfaceSize:Point(1264, 2780), format:-3, blastBufferQueue:null
06-26 17:08:06.709  3449  4447 D OplusStartingWindowManager: updateRecordSurfaceViewState windowToken = android.os.BinderProxy@76f9427, surfaceState = true, attachedToWindow = true, inList = false, win = Window{e6d507d u0 NotificationShade}
06-26 17:08:06.719  3449  8420 D DisplayModeDirector: setAppRequest displayId : 17  modeId: 0  requestedRefreshRate: 0.0  requestedMinRefreshRateRange: 0.0  requestedMaxRefreshRateRange: 0.0
06-26 17:08:06.720  3449  8420 D DisplayModeDirector: setAppRequest displayId : 0  modeId: 3  requestedRefreshRate: 0.0  requestedMinRefreshRateRange: 0.0  requestedMaxRefreshRateRange: 90.0
06-26 17:08:06.731  3449  8420 I WindowManager: Window{e6d507d u0 NotificationShade} state from DRAW_PENDING to COMMIT_DRAW_PENDING; reason: finishDrawingLocked
06-26 17:08:06.732  3449  3743 D DisplayModeDirector: setAppRequest displayId : 17  modeId: 0  requestedRefreshRate: 0.0  requestedMinRefreshRateRange: 0.0  requestedMaxRefreshRateRange: 0.0
06-26 17:08:06.733  3449  3743 I WindowManager: Window{e6d507d u0 NotificationShade} state from COMMIT_DRAW_PENDING to READY_TO_SHOW; reason: commitFinishDrawingLocked
06-26 17:08:06.733  3449  3743 I WindowManager: Window{e6d507d u0 NotificationShade} state from READY_TO_SHOW to HAS_DRAWN; reason: performShowLocked
06-26 17:08:06.733  3449  3743 D VRR [OPlusRefreshRatePolicy]: setRefreshRatePolicy policy=POLICY_SYSTEM, refreshRate=90, statusOn=false
06-26 17:08:06.733  3449  3743 D VRR [OPlusRefreshRatePolicy]: setRefreshRatePolicy policy=POLICY_SYSTEM, refreshRate=120, statusOn=true
06-26 17:08:06.734  3449  3743 D RefreshRate: Refresh rate changing from 90.0 to 120.00001,maxRefreshRate=120.00001 FOR:{
06-26 17:08:06.734  3449  3743 D RefreshRate:     | COURSE[;control panel:3,data= RateData{PreferredRefreshRateData{mPreferredRefreshRateId=[3, 1, 2, 3],isAnimBoost=true}}]
06-26 17:08:06.734  3449  3743 D RefreshRate:     | VOTES[PRIORITY_WINDOW_REQUEST -> Vote{mRefreshRate=120.0, mMinRefreshRate=120.0, mRequestSource=null};]
06-26 17:08:06.734  3449  3743 D RefreshRate:     | TIME:2026-06-26 11:38:06}
06-26 17:08:06.734  3449  3743 D DisplayModeDirector: setAppRequest displayId : 0  modeId: 1  requestedRefreshRate: 0.0  requestedMinRefreshRateRange: 0.0  requestedMaxRefreshRateRange: 120.00001
06-26 17:08:06.736  5213  6334 V OplusCustomizeCacheManager: queryCache name: cache_key.system_server.common_customize_cache11011 param: null
06-26 17:08:06.742  5213  6334 V OplusCustomizeCacheManager: queryCache name: cache_key.system_server.common_customize_cache11010 param: null
06-26 17:08:06.742  3449  3752 I UserAwareMgr: handleFgAppChanged, pkgName: com.android.systemui, pid: 5213, isVisible: true, fgAppType: FG2
06-26 17:08:06.742  3449  3752 I UserAwareMgr: fg app status not changed, beforeVisible: true, currentVisible: true
06-26 17:08:06.745 26301 26301 W VRI[MainTabActivity]: handleResized abandoned!
06-26 17:08:06.745 26301 26301 W VRI[09Bh@269e284]: handleResized abandoned!
06-26 17:08:06.753  3449  3742 D DisplayManagerServiceExtImpl: scheduleTraversalLocked intraversal=false
06-26 17:08:06.753  3449  3742 D DisplayManagerService: MSG_REQUEST_TRAVERSAL pendingCompleted=false
06-26 17:08:06.753  3449  3743 D DisplayModeDirector: setAppRequest displayId : 17  modeId: 0  requestedRefreshRate: 0.0  requestedMinRefreshRateRange: 0.0  requestedMaxRefreshRateRange: 0.0
06-26 17:08:06.754  3449  3743 D DisplayModeDirector: setAppRequest displayId : 0  modeId: 1  requestedRefreshRate: 0.0  requestedMinRefreshRateRange: 0.0  requestedMaxRefreshRateRange: 120.00001
06-26 17:08:06.754  3449  3743 D DisplayManagerService: performTraversalInternal pendingTraversal
06-26 17:08:06.754  3449  3743 D DisplayDevice: setLayerStackLocked id=local:4630946652107814787 token=android.os.BinderProxy@263e8f stack=0->0
06-26 17:08:06.754  3449  3743 D DisplayDevice: setLayerStackLocked id=virtual:com.android.shell,2000,studio.screen.sharing:0,14 token=android.os.BinderProxy@cc608ff stack=17->17
06-26 17:08:06.755  3449  3820 D LocalDisplayAdapter: setDesiredDisplayModeSpecsAsync: display unique id = local:4630946652107814787, display mode specs = defaultMode=0 allowGroupSwitching=false primaryRanges=physical: (0.0 120.0) render:  (0.0 120.0) appRequestRanges=physical: (0.0 120.0) render:  (0.0 120.0) idleScreenRefreshRate=null
06-26 17:08:06.755  5213  5213 W VRI[StatusBar]: handleResized abandoned!
06-26 17:08:06.755  5213  5213 W VRI[NotificationShade]: handleResized abandoned!
06-26 17:08:06.755  5213  5213 W VRI[NavigationBar_displayId_0]: handleResized abandoned!
06-26 17:08:06.755  3449  3818 D OplusFeatureDMR[display=0]: onConfigChanged threadId=66 threadName=OplusDisplayWorkHandler physicalDisplayId=4630946652107814787 modeId=2  
06-26 17:08:06.756  5213  5741 W VRI[ScreenDecorOverlay]: handleResized abandoned!
06-26 17:08:06.757  5213  5741 W VRI[ScreenDecorOverlayBottom]: handleResized abandoned!
06-26 17:08:06.763  5213  6334 V OplusCustomizeCacheManager: queryCache name: cache_key.system_server.common_customize_cache18013 param: null
06-26 17:08:06.764  5213  6334 V OplusCustomizeCacheManager: queryCache name: cache_key.system_server.common_customize_cache18014 param: null
06-26 17:08:06.764  5213  6334 V OplusCustomizeCacheManager: queryCache name: cache_key.system_server.common_customize_cache18017 param: Bundle[{SETTING=BLOCK, BUSINESS=NCT-DATA}]
06-26 17:08:06.765  5213  6334 V OplusCustomizeCacheManager: queryCache name: cache_key.system_server.common_customize_cache18025 param: null
06-26 17:08:06.767  3449  4707 V NetworkPolicy: updateNetworkEnabledNL() return
06-26 17:08:06.767  3449  4707 V NetworkPolicy: updateNotificationsNL not process
06-26 17:08:06.767  5213  6334 V OplusCustomizeCacheManager: queryCache name: cache_key.system_server.common_customize_cache18026 param: null
06-26 17:08:06.769  3449  3742 I DisplayDeviceRepository: Display device changed render timings: "Built-in Screen", renderFrameRate=120.00001, presentationDeadlineNanos=14329999, appVsyncOffsetNanos=6336667, frameRateOverrides=[]
06-26 17:08:06.769  3449  3742 D DisplayManagerService: Delivering display event: displayId=0, event=EVENT_DISPLAY_REFRESH_RATE_CHANGED
06-26 17:08:06.771  3449  3740 D WindowManager: DeferredDisplayUpdater: partially applying DisplayInfo(1264 x 2780) immediately
06-26 17:08:06.772  3449  3740 D OplusVFXScreenEffectFeature: notifySFCompatWindowStateChange entered false
06-26 17:08:06.772  3449  3740 D FSS_FoldScreenBlackCoverController: displayChangeToOn, dc:Display{#0 state=ON size=1264x2780 ROTATION_0}
06-26 17:08:06.772  3449  3740 D DisplayModeDirector: setAppRequest displayId : 17  modeId: 0  requestedRefreshRate: 0.0  requestedMinRefreshRateRange: 0.0  requestedMaxRefreshRateRange: 0.0
06-26 17:08:06.773  3449  8420 D LockSettingsService: [getStrongAuthForUser]  userId = 0
06-26 17:08:06.774  3449  3740 D DisplayModeDirector: setAppRequest displayId : 0  modeId: 1  requestedRefreshRate: 0.0  requestedMinRefreshRateRange: 0.0  requestedMaxRefreshRateRange: 120.00001
06-26 17:08:06.774  3449  3818 D OplusFeatureDMR[display=0]: onConfigChanged threadId=66 threadName=OplusDisplayWorkHandler physicalDisplayId=4630946652107814787 modeId=0  
06-26 17:08:06.776  5213  6334 V OplusCustomizeCacheManager: queryCache name: cache_key.system_server.common_customize_cache11010 param: null
06-26 17:08:06.778  3449  3752 W UserAwareMgr: can not find match thread: GLPhoto for process com.heytap.colorfulengine Pid: 5164
06-26 17:08:06.778  3449  3752 W UserAwareMgr: can not find match thread: VideoCodec for process com.heytap.colorfulengine Pid: 5164
06-26 17:08:06.778  3449  3752 W UserAwareMgr: can not find match thread: Loader:Progress for process com.heytap.colorfulengine Pid: 5164
06-26 17:08:06.778  3449  3752 W UserAwareMgr: can not find match thread: MediaCodec_looper for process com.heytap.colorfulengine Pid: 5164
06-26 17:08:06.797  3449  8565 E TaskPersister: File error accessing recents directory (directory doesn't exist?).
06-26 17:08:06.805  3449  3756 I ActivityManager: Start proc 26294:com.peerup/u0a429 for broadcast {com.peerup/io.invertase.firebase.messaging.ReactNativeFirebaseMessagingReceiver}
06-26 17:08:06.806  3449  3740 I ActivityManager: ProcessObserver broadcast disabled
06-26 17:08:06.809  3449  4451 I MemoryOperationUtils: add 26294 to com.peerup
06-26 17:08:06.824  3449  3820 D VRR [OPlusRefreshRateService]: handleConfigIdChange physicalDisplayId: 4630946652107814787 configId: 0 renderPeriod: 8333333
06-26 17:08:06.826  3449  3820 D VRR [OPlusGameStatusManager]: updateGameState mOSyncFeatureSwitch: false mIsGamePolicy: false
06-26 17:08:06.826  3449  3820 D VRR [OPlusGameStatusManager]: updateGameAccelerationStatus pkgName: com.instagram.android mOSyncFeatureSwitch: false mIsGamePolicy: false mHeartStop: false mHasFlickerRisk: false mForceAcceleration: false mToastReady: false enable: false
06-26 17:08:06.845  3449  5814 D ActivityTaskManagerServiceExtImpl: preBindApplication record is null
06-26 17:08:06.877  3449  3820 D VRR [OPlusSAManager]: updateAutoMinfps for 4630946652107814787 with nits: 198.26663, mHistOK true, mAmbientOK true, mCctOK true, mIrOK true, mBrightnessOK true, isPkgOK true, SA min fps: 119
06-26 17:08:06.880 26294 26294 V Configuration: Updating configuration, locales updated from [] to [en_GB]
06-26 17:08:06.912  3449  3799 D ProcessCpuTrackerExtImpl: mContext is already set, return now! 
06-26 17:08:06.951 26294 26294 D ResourcesManagerExtImpl: applyConfigurationToAppResourcesLocked app.getDisplayId() return callback.displayId:-1
06-26 17:08:07.049  3449 10553 D PowerManagerService: userActivityNoUpdateLocked: groupId=0, eventTime=7214911, event=touch, flags=0x0, uid=1000
06-26 17:08:07.052  3449 10553 D PowerManagerService: userActivityNoUpdateLocked: groupId=0, eventTime=7214911, event=touch, flags=0x0, uid=1000
06-26 17:08:07.091  3449  8420 D DpcExtImpl[display=0]: setTemporaryAutoBrightnessAdjustment = 2180.0
06-26 17:08:07.093  3449  3810 D DpcExtImpl[display=0]: MSG_SET_TEMPORARY_BRIGHTNESS 2180.0 to 2180.0 displayId=0
06-26 17:08:07.093  3449  3810 D OplusBiometricsDisplayHelper: isFold: false, isUnblockByFp: null
06-26 17:08:07.093  3449  3810 D OplusBiometricsDisplayHelper: isFold: false, isUnblockByFp: null
06-26 17:08:07.099  3449  3810 D DpcExtImpl[display=0]: MSG_SET_TEMPORARY_BRIGHTNESS 1500.0 to 1500.0 displayId=0
06-26 17:08:07.099  3449  5814 D DpcExtImpl[display=0]: setTemporaryAutoBrightnessAdjustment = 1500.0
06-26 17:08:07.100  3449  5814 I VibratorManagerServiceExtImpl: vibrate is uid=10235, pid=0, opPkg=com.android.systemui, effect=Mono{mEffect=Composed{segments=[OplusVibrationEffectSegment{mEffectId=152, mEffectStrength=-1, mRingtonePath=''}], repeat=-1}}, attributes=VibrationAttributes{mUsage=TOUCH, mAudioUsage= USAGE_UNKNOWN, mFlags=0}, reason=performHapticFeedback(constant=305): ViewRootImpl#performHapticFeedback, token=33625729
06-26 17:08:07.102  3449  3810 I DisplayBrightnessStrategySelector: Changing the DisplayBrightnessStrategy from AutomaticBrightnessStrategy to TemporaryBrightnessStrategy for display 0
06-26 17:08:07.102  3449  4575 W VibrationScaler: Got unexpected vibration intensity: 2400
06-26 17:08:07.102  3449  3810 D RampAnimator: setAnimationTarget:: rate = 3200.0, mRate = 3200.0 , @ isPrimaryAnimator = true
06-26 17:08:07.102  3449  3810 D OplusFeatureReduceBrightness: setAnimating : animating = true
06-26 17:08:07.102  3449  4575 D VibrationThread: Perform OplusPrebakedSegment{mEffectId=152, mWaveformId=105, mDuration=66, mEffectStrength=2400, mDefaultUsage=TOUCH} on vibrator 0
06-26 17:08:07.103  3449  3810 D OplusBrightnessAmbientAdapter: setAnimating: from false to true
06-26 17:08:07.103  3449  3810 D RampAnimator: setAnimationTarget:: rate = 3200.0, mRate = 3200.0 , @ isPrimaryAnimator = false
06-26 17:08:07.106  3449  3810 D DpcExtImpl[display=0]: Animating brightness: hdrBrightness target=2180.0->1500.0,sdrBrightness target=2180.0->1500.0,rate=640->3200,rate type = automatic->automatic,byUser=true local:4630946652107814787 , brightness from dpc = 1500.0
06-26 17:08:07.106  3449  3810 D OplusBiometricsDisplayHelper: isFold: false, isUnblockByFp: null
06-26 17:08:07.108  3449  3810 D OplusBiometricsDisplayHelper: isFold: false, isUnblockByFp: null
06-26 17:08:07.108  3449  5553 D DpcExtImpl[display=0]: setTemporaryAutoBrightnessAdjustment = 643.0
06-26 17:08:07.110  3449  4447 I VibratorManagerServiceExtImpl: vibrate is uid=10235, pid=0, opPkg=com.android.systemui, effect=Mono{mEffect=Composed{segments=[OplusVibrationEffectSegment{mEffectId=152, mEffectStrength=-1, mRingtonePath=''}], repeat=-1}}, attributes=VibrationAttributes{mUsage=TOUCH, mAudioUsage= USAGE_UNKNOWN, mFlags=0}, reason=performHapticFeedback(constant=305): ViewRootImpl#performHapticFeedback, token=33625729
06-26 17:08:07.112  3449  3810 D DpcExtImpl[display=0]: MSG_SET_TEMPORARY_BRIGHTNESS 643.0 to 643.0 displayId=0
06-26 17:08:07.114  3449  3810 D RampAnimator: setAnimationTarget:: rate = 3200.0, mRate = 3200.0 , @ isPrimaryAnimator = true
06-26 17:08:07.114  3449  3810 D RampAnimator: setAnimationTarget:: rate = 3200.0, mRate = 3200.0 , @ isPrimaryAnimator = false
06-26 17:08:07.115  3449  3810 D DpcExtImpl[display=0]: Animating brightness: hdrBrightness target=1500.0->643.0,sdrBrightness target=1500.0->643.0,rate=3200->3200,rate type = automatic->automatic,byUser=true local:4630946652107814787 , brightness from dpc = 643.0
06-26 17:08:07.115  3449  3810 D OplusBiometricsDisplayHelper: isFold: false, isUnblockByFp: null
06-26 17:08:07.116  3449  4447 I ActivityManager: Flag disabled. Ignoring finishAttachApplication from uid: 10429. pid: 26294
06-26 17:08:07.116  3449  5814 D DpcExtImpl[display=0]: setTemporaryAutoBrightnessAdjustment = 2.0
06-26 17:08:07.116  3449  4447 I VibratorManagerServiceExtImpl: vibrate is uid=10235, pid=0, opPkg=com.android.systemui, effect=Mono{mEffect=Composed{segments=[OplusVibrationEffectSegment{mEffectId=154, mEffectStrength=-1, mRingtonePath=''}], repeat=-1}}, attributes=VibrationAttributes{mUsage=TOUCH, mAudioUsage= USAGE_UNKNOWN, mFlags=0}, reason=performHapticFeedback(constant=306): ViewRootImpl#performHapticFeedback, token=33625729
06-26 17:08:07.118  3449  3810 D OplusBiometricsDisplayHelper: isFold: false, isUnblockByFp: null
06-26 17:08:07.119  3449  3810 D DpcExtImpl[display=0]: MSG_SET_TEMPORARY_BRIGHTNESS 2.0 to 2.0 displayId=0
06-26 17:08:07.119  3449  3810 D RampAnimator: setAnimationTarget:: rate = 3200.0, mRate = 3200.0 , @ isPrimaryAnimator = true
06-26 17:08:07.119  3449  3810 D RampAnimator: setAnimationTarget:: rate = 3200.0, mRate = 3200.0 , @ isPrimaryAnimator = false
06-26 17:08:07.120  3449  3810 D DpcExtImpl[display=0]: Animating brightness: hdrBrightness target=643.0->2.0,sdrBrightness target=643.0->2.0,rate=3200->3200,rate type = automatic->automatic,byUser=true local:4630946652107814787 , brightness from dpc = 2.0
06-26 17:08:07.120  3449  3810 D OplusBiometricsDisplayHelper: isFold: false, isUnblockByFp: null
06-26 17:08:07.120  3449  3810 D OplusBiometricsDisplayHelper: isFold: false, isUnblockByFp: null
06-26 17:08:07.120  3449  3810 D OplusBiometricsDisplayHelper: isFold: false, isUnblockByFp: null
06-26 17:08:07.120  3449  3810 D OplusBiometricsDisplayHelper: isFold: false, isUnblockByFp: null
06-26 17:08:07.123  3449  5346 D BroadcastQueue: setDeferPolicy processName: {com.facebook.katana} uid: 10321 policy: 1 defer: true
06-26 17:08:07.123  3449  5346 D BroadcastQueue: setDeferPolicy processName: {com.google.android.apps.youtube.music} uid: 10327 policy: 1 defer: true
06-26 17:08:07.124  3449  5346 D BroadcastQueue: setDeferPolicy processName: {com.zenithflows.ims} uid: 10427 policy: 1 defer: true
06-26 17:08:07.125  3449  5346 D BroadcastQueue: setDeferPolicy processName: {com.nis.app} uid: 10446 policy: 1 defer: true
06-26 17:08:07.135  3449  3820 D VRR [OPlusSAManager]: updateAutoMinfps for 4630946652107814787 with nits: 187.23836, mHistOK true, mAmbientOK true, mCctOK true, mIrOK true, mBrightnessOK true, isPkgOK true, SA min fps: 119
06-26 17:08:07.140  3449  4906 D OAppNetControlService: Hans update:[10327=true][0|0] blackList:[10377, 10198, 10439, 10315, 10171, 10214, 10272, 10217, 10332, 10428, 10172, 10322, 10180, 10440, 10325, 10323, 10363, 10324, 10328, 10294, 10119, 10182, 10138, 10354, 10327]
06-26 17:08:07.143  3449  3820 D VRR [OPlusSAManager]: updateAutoMinfps for 4630946652107814787 with nits: 176.99841, mHistOK true, mAmbientOK true, mCctOK true, mIrOK true, mBrightnessOK true, isPkgOK true, SA min fps: 119
06-26 17:08:07.143  3449  4906 D OAppNetControlService: Hans update:[10427=true][0|0] blackList:[10377, 10198, 10439, 10315, 10171, 10214, 10272, 10217, 10332, 10428, 10172, 10322, 10180, 10440, 10325, 10323, 10363, 10324, 10328, 10294, 10119, 10182, 10138, 10354, 10327, 10427]
06-26 17:08:07.145  3449  4906 D OAppNetControlService: Hans update:[10446=true][0|0] blackList:[10377, 10198, 10439, 10315, 10171, 10214, 10272, 10217, 10332, 10428, 10172, 10322, 10180, 10440, 10325, 10323, 10363, 10324, 10328, 10294, 10119, 10182, 10138, 10354, 10327, 10427, 10446]
06-26 17:08:07.154  3449 16358 D PowerManagerService: userActivityNoUpdateLocked: groupId=0, eventTime=7215016, event=touch, flags=0x0, uid=1000
06-26 17:08:07.156  3449 16358 D PowerManagerService: userActivityNoUpdateLocked: groupId=0, eventTime=7215016, event=touch, flags=0x0, uid=1000
06-26 17:08:07.166  3449  3820 D VRR [OPlusSAManager]: updateAutoMinfps for 4630946652107814787 with nits: 162.20425, mHistOK true, mAmbientOK true, mCctOK true, mIrOK true, mBrightnessOK true, isPkgOK true, SA min fps: 119
06-26 17:08:07.170  3449  3810 D OplusBrightnessAmbientAdapter: DargInfo:19.11 2.016 48.19171 44.17409
06-26 17:08:07.171  3449  3810 D OplusBrightnessAmbientAdapter[StabilityProcess]: lux:19.11 nit:48.19171 -> 2.016 feeling:3.8957251423504453 -> 1.10393146089668 Coefficient:NaN
06-26 17:08:07.171  3449  3810 D OplusBrightnessAmbientAdapter: drag is abnormal, reset spline later, check threshold:0.65377915
06-26 17:08:07.177  3449  4842 W HmbirdWinInfoManager: addActivityToSet: invalid parameters
06-26 17:08:07.177  3449  4842 D HmbirdWinInfoManager: hmbirdFullWinInfos.size() != 1
06-26 17:08:07.177  3449  4575 W VibrationScaler: Got unexpected vibration intensity: 2400
06-26 17:08:07.178  3449  4575 D VibrationThread: Perform OplusPrebakedSegment{mEffectId=154, mWaveformId=107, mDuration=146, mEffectStrength=2400, mDefaultUsage=TOUCH} on vibrator 0
06-26 17:08:07.193  3449  3820 D VRR [OPlusSAManager]: updateAutoMinfps for 4630946652107814787 with nits: 148.08678, mHistOK true, mAmbientOK true, mCctOK true, mIrOK true, mBrightnessOK true, isPkgOK true, SA min fps: 119
06-26 17:08:07.218  3449  3820 D VRR [OPlusSAManager]: updateAutoMinfps for 4630946652107814787 with nits: 134.64572, mHistOK true, mAmbientOK true, mCctOK true, mIrOK true, mBrightnessOK true, isPkgOK true, SA min fps: 119
06-26 17:08:07.242  3449  3820 D VRR [OPlusSAManager]: updateAutoMinfps for 4630946652107814787 with nits: 121.87857, mHistOK true, mAmbientOK true, mCctOK true, mIrOK true, mBrightnessOK true, isPkgOK true, SA min fps: 119
06-26 17:08:07.267  3449  3820 D VRR [OPlusSAManager]: updateAutoMinfps for 4630946652107814787 with nits: 109.78573, mHistOK true, mAmbientOK true, mCctOK true, mIrOK true, mBrightnessOK true, isPkgOK true, SA min fps: 119
06-26 17:08:07.280  3449  5346 D BroadcastQueue: setDeferPolicy processName: {com.whatsapp} uid: 99910353 policy: 1 defer: true
06-26 17:08:07.292  3449  5814 D NotificationService--OplusNotificationFixHelper: fixAppIcon: pkg=com.peerup
06-26 17:08:07.292  3449  5814 D NotificationService--OplusNotificationFixHelper: fixAppIcon: appIcon = null, pkg = com.peerup
06-26 17:08:07.293  3449  3820 D VRR [OPlusSAManager]: updateAutoMinfps for 4630946652107814787 with nits: 98.36691, mHistOK true, mAmbientOK true, mCctOK true, mIrOK true, mBrightnessOK true, isPkgOK true, SA min fps: 119
06-26 17:08:07.319  3449  3820 D VRR [OPlusSAManager]: updateAutoMinfps for 4630946652107814787 with nits: 87.623215, mHistOK true, mAmbientOK true, mCctOK true, mIrOK true, mBrightnessOK true, isPkgOK true, SA min fps: 11
06-26 17:08:07.326  3449  5346 D BroadcastQueue: setDeferPolicy processName: {com.facebook.katana} uid: 10321 policy: 1 defer: false
06-26 17:08:07.327  3449  3820 D VRR [OPlusSurfaceFlingerController]:  setAvtBackLightConfig : false
06-26 17:08:07.343  3449  3820 D VRR [OPlusSAManager]: updateAutoMinfps for 4630946652107814787 with nits: 77.502335, mHistOK true, mAmbientOK true, mCctOK true, mIrOK true, mBrightnessOK true, isPkgOK true, SA min fps: 11
06-26 17:08:07.378  3449  3820 D VRR [OPlusSAManager]: updateAutoMinfps for 4630946652107814787 with nits: 65.13247, mHistOK true, mAmbientOK true, mCctOK true, mIrOK true, mBrightnessOK true, isPkgOK true, SA min fps: 11
06-26 17:08:07.380  3449  3820 D VRR [OPlusSAManager]: updateAutoMinfps for 4630946652107814787 with nits: 65.13247, mHistOK true, mAmbientOK true, mCctOK true, mIrOK true, mBrightnessOK true, isPkgOK true, SA min fps: 11
06-26 17:08:07.410  3449  3820 D VRR [OPlusSAManager]: updateAutoMinfps for 4630946652107814787 with nits: 53.968056, mHistOK true, mAmbientOK true, mCctOK true, mIrOK true, mBrightnessOK true, isPkgOK true, SA min fps: 11
06-26 17:08:07.450  3449  3820 D VRR [OPlusSAManager]: updateAutoMinfps for 4630946652107814787 with nits: 41.70283, mHistOK true, mAmbientOK true, mCctOK true, mIrOK true, mBrightnessOK true, isPkgOK true, SA min fps: 3
06-26 17:08:07.491  3449  3820 D VRR [OPlusSAManager]: updateAutoMinfps for 4630946652107814787 with nits: 31.302773, mHistOK true, mAmbientOK true, mCctOK true, mIrOK true, mBrightnessOK true, isPkgOK true, SA min fps: 3
06-26 17:08:07.541  3449  3820 D VRR [OPlusSAManager]: updateAutoMinfps for 4630946652107814787 with nits: 21.239613, mHistOK true, mAmbientOK true, mCctOK true, mIrOK true, mBrightnessOK true, isPkgOK true, SA min fps: 3
06-26 17:08:07.614  3449 13785 D PowerManagerService: userActivityNoUpdateLocked: groupId=0, eventTime=7215475, event=touch, flags=0x0, uid=1000
06-26 17:08:07.615  3449 13785 D PowerManagerService: userActivityNoUpdateLocked: groupId=0, eventTime=7215475, event=touch, flags=0x0, uid=1000
06-26 17:08:07.617  3449  3820 D VRR [OPlusSAManager]: updateAutoMinfps for 4630946652107814787 with nits: 10.858397, mHistOK true, mAmbientOK true, mCctOK true, mIrOK true, mBrightnessOK true, isPkgOK true, SA min fps: 0
06-26 17:08:07.712  3449  3449 D NotificationGroupType: maybeUngroupOplus:after all cleared
06-26 17:08:07.792  3449  3810 D OplusFeatureReduceBrightness: setAnimating : animating = false
06-26 17:08:07.792  3449  3810 D OplusBrightnessAmbientAdapter: setAnimating: from true to false
06-26 17:08:07.792  3449  3810 D RampAnimatorExtImpl[display=0][Primary]: onAnimationEnd id[0]=[true],changed=[2180->643->2],duration:690,phaseCounts=[0, 0, 0]
06-26 17:08:07.794  3449  3810 D OplusBiometricsDisplayHelper: isFold: false, isUnblockByFp: null
06-26 17:08:07.798  3449  3818 D ProximityEventHandler: MSG_PROXIMITY_CHANGED, event = ProximityEvent{event:FAR id:1}
06-26 17:08:07.800  3449  3449 I ServiceConnector.Impl: unbindJobThread: connection = ServiceConnector@599(Intent { act=android.service.autofill.AutofillService xflg=0x4 cmp=com.google.android.gms/.autofill.service.AutofillService mCallingUid=1000 }, user: 0)[Unbinding...]service = android.service.autofill.IAutoFillService$Stub$Proxy@efee43c mBinding = false
06-26 17:08:07.893  3449  8419 W ActivityManager: pid 26294 com.peerup sent binder code 1 with flags 2 to frozen apps and got error -2147483646
06-26 17:08:07.893 26294 30746 D ActivityThread: Too many transaction errors, throttling freezer binder callback.
06-26 17:08:07.895  3449  4573 W ActivityManager: pid 13995 received async transactions while frozen
06-26 17:08:07.895  3449  4573 W ActivityManager: pid 14166 received async transactions while frozen
06-26 17:08:07.896  3449  4573 W ActivityManager: pid 18951 received async transactions while frozen
06-26 17:08:07.896  3449  4573 W ActivityManager: pid 19599 received async transactions while frozen
06-26 17:08:07.896  3449  4573 W ActivityManager: pid 25281 received async transactions while frozen
06-26 17:08:07.896  3449  4573 W ActivityManager: pid 31798 received async transactions while frozen
06-26 17:08:07.897  3449  3755 I ActivityManager: Killing 26348:com.google.android.adservices.api/u0a308 (adj 955): Sync transaction while frozen
06-26 17:08:07.932  3449  8419 I ActivityManager: Death received, pid = 26348, processName = com.google.android.adservices.api for thread android.os.BinderProxy@2134c27
06-26 17:08:07.976  3449  4573 D ActivityManager: reportOneUidFrozenStateChanged uid 10308 frozen = false
06-26 17:08:08.159  3449  3810 D AnimationProvider[display=0][Primary][AnimationDuration]: putStringForUser updateDurationInfo [2180,4508,10329361,2119,200.0,49]->[2,0,10329361,2119,200.0,49]
06-26 17:08:08.159  3449  3810 D AnimationProvider[display=0][NonPrimary][AnimationDuration]: putStringForUser updateDurationInfo [2,0,10329361,2119,200.0,49]->[2,0,10329361,2119,200.0,49]
06-26 17:08:08.159  3449  3810 D PowerManagerServiceExtImpl: handleAodChanged
06-26 17:08:08.159  3449  3810 D PowerManagerService: updateSettingsLocked: mScreenOffTimeoutSetting=1800000
06-26 17:08:08.160  3449  3810 I DisplayBrightnessStrategySelector: Changing the DisplayBrightnessStrategy from TemporaryBrightnessStrategy to AutomaticBrightnessStrategy for display 0
06-26 17:08:08.160  3449  3810 D OplusBiometricsDisplayHelper: isFold: false, isUnblockByFp: null
06-26 17:08:08.187  3449 28183 D PowerManagerService: userActivityNoUpdateLocked: groupId=0, eventTime=7216048, event=touch, flags=0x0, uid=1000
06-26 17:08:08.189  3449 28183 D PowerManagerService: userActivityNoUpdateLocked: groupId=0, eventTime=7216048, event=touch, flags=0x0, uid=1000
06-26 17:08:08.289  3449 10553 D PowerManagerService: userActivityNoUpdateLocked: groupId=0, eventTime=7216152, event=touch, flags=0x0, uid=1000
06-26 17:08:08.290  3449 10553 D PowerManagerService: userActivityNoUpdateLocked: groupId=0, eventTime=7216152, event=touch, flags=0x0, uid=1000
06-26 17:08:08.671  5213  5213 W VRI[NotificationShade]: updateBlastSurfaceIfNeeded, surfaceSize:Point(1264, 2780), lastSurfaceSize:Point(1264, 2780), format:-3, blastBufferQueue:android.graphics.BLASTBufferQueue@2543b9e
06-26 17:08:08.671  3449  5814 V WindowManager: Relayout Window{e6d507d u0 NotificationShade}: viewVisibility=0, oldvis=0, req=1264x2780 , apr = 0, , x=0, y=0
06-26 17:08:08.672  3449  5814 D DisplayModeDirector: setAppRequest displayId : 17  modeId: 0  requestedRefreshRate: 0.0  requestedMinRefreshRateRange: 0.0  requestedMaxRefreshRateRange: 0.0
06-26 17:08:08.672  3449  5814 D VRR [OPlusRefreshRatePolicy]: setRefreshRatePolicy policy=POLICY_SYSTEM, refreshRate=120, statusOn=false
06-26 17:08:08.673  3449  5814 D VRR [OPlusRefreshRatePolicy]: setRefreshRatePolicy policy=POLICY_SYSTEM, refreshRate=90, statusOn=true
06-26 17:08:08.673  3449  5814 D RefreshRate: Refresh rate changing from 120.00001 to 90.0,maxRefreshRate=90.0 FOR:{
06-26 17:08:08.673  3449  5814 D RefreshRate:     | COURSE[; Win preferred rateId=1, appReqFirst=false, data= RateData{PreferredRefreshRateData{mPreferredRefreshRateId=[1, 1, 2, 3],isAnimBoost=true}} ;win name:com.instagram.android/com.instagram.android.activity.MainTabActivity]
06-26 17:08:08.673  3449  5814 D RefreshRate:     | VOTES[PRIORITY_WINDOW_REQUEST -> Vote{mRefreshRate=90.0, mMinRefreshRate=90.0, mRequestSource=null};]
06-26 17:08:08.673  3449  5814 D RefreshRate:     | TIME:2026-06-26 11:38:08}
06-26 17:08:08.673  3449  5814 D DisplayModeDirector: setAppRequest displayId : 0  modeId: 3  requestedRefreshRate: 0.0  requestedMinRefreshRateRange: 0.0  requestedMaxRefreshRateRange: 90.0
06-26 17:08:08.673  3449  5814 D WindowManager: NFW_findFocusedWindowIfNeeded:Window{43b4623 u0 com.instagram.android/com.instagram.android.activity.MainTabActivity} mCurrentFocus:Window{e6d507d u0 NotificationShade}
06-26 17:08:08.673  3449  5814 V WindowManager: Changing focus from Window{e6d507d u0 NotificationShade} to Window{43b4623 u0 com.instagram.android/com.instagram.android.activity.MainTabActivity},diplayid=0
06-26 17:08:08.674  3449  3820 D VRR [OPlusSurfaceFlingerController]:  setComplexSceneEnable : false
06-26 17:08:08.676  3449  3742 D DisplayManagerServiceExtImpl: scheduleTraversalLocked intraversal=false
06-26 17:08:08.676  3449  3742 D DisplayManagerService: MSG_REQUEST_TRAVERSAL pendingCompleted=false
06-26 17:08:08.676  3449  5814 D WindowManager: NFW_findFocusedWindowIfNeeded:null mCurrentFocus:null
06-26 17:08:08.676  3449  5814 D ActivityTaskManager: The isLandscapeFullscreenEnabled is: com.instagram.android/.activity.MainTabActivity
06-26 17:08:08.677  3449  3752 W QosScheduler: executeSceneQosStrategy failed! qos feature no enable
06-26 17:08:08.680  3449  5814 D DisplayModeDirector: setAppRequest displayId : 17  modeId: 0  requestedRefreshRate: 0.0  requestedMinRefreshRateRange: 0.0  requestedMaxRefreshRateRange: 0.0
06-26 17:08:08.681  3449  5814 D DisplayModeDirector: setAppRequest displayId : 0  modeId: 3  requestedRefreshRate: 0.0  requestedMinRefreshRateRange: 0.0  requestedMaxRefreshRateRange: 90.0
06-26 17:08:08.681  3449  5814 D DisplayManagerService: performTraversalInternal pendingTraversal
06-26 17:08:08.681  3449  5814 D DisplayDevice: setLayerStackLocked id=local:4630946652107814787 token=android.os.BinderProxy@263e8f stack=0->0
06-26 17:08:08.681  3449  5814 D DisplayDevice: setLayerStackLocked id=virtual:com.android.shell,2000,studio.screen.sharing:0,14 token=android.os.BinderProxy@cc608ff stack=17->17
06-26 17:08:08.682  3449  3820 D LocalDisplayAdapter: setDesiredDisplayModeSpecsAsync: display unique id = local:4630946652107814787, display mode specs = defaultMode=2 allowGroupSwitching=false primaryRanges=physical: (0.0 120.0) render:  (0.0 90.0) appRequestRanges=physical: (0.0 120.0) render:  (0.0 90.0) idleScreenRefreshRate=null
06-26 17:08:08.682  3449  3818 D OplusFeatureDMR[display=0]: onConfigChanged threadId=66 threadName=OplusDisplayWorkHandler physicalDisplayId=4630946652107814787 modeId=0  
06-26 17:08:08.687  3449  5553 D CoreBackPreview: Window{e6d507d u0 NotificationShade}: Setting back callback null
06-26 17:08:08.689  3449  5553 D OplusStartingWindowManager: updateRecordSurfaceViewState windowToken = android.os.BinderProxy@76f9427, surfaceState = false, attachedToWindow = true, inList = false, win = Window{e6d507d u0 NotificationShade}
06-26 17:08:08.703  3449  8419 V WindowManager: Relayout Window{e6d507d u0 NotificationShade}: viewVisibility=4, oldvis=0, req=1264x2780 , apr = 0, , x=0, y=0
06-26 17:08:08.703  3449  8419 I WindowManager: Window{e6d507d u0 NotificationShade} state from HAS_DRAWN to NO_SURFACE; reason: destroySurface
06-26 17:08:08.704  3449  3752 I UserAwareMgr: handleFgAppChanged, pkgName: com.android.systemui, pid: 5213, isVisible: false, fgAppType: FG2
06-26 17:08:08.704  3449  3752 I UserAwareMgr: fg app status not changed, beforeVisible: true, currentVisible: true
06-26 17:08:08.704  3449  8419 D DisplayModeDirector: setAppRequest displayId : 17  modeId: 0  requestedRefreshRate: 0.0  requestedMinRefreshRateRange: 0.0  requestedMaxRefreshRateRange: 0.0
06-26 17:08:08.705  3449  8419 D DisplayModeDirector: setAppRequest displayId : 0  modeId: 3  requestedRefreshRate: 0.0  requestedMinRefreshRateRange: 0.0  requestedMaxRefreshRateRange: 90.0
06-26 17:08:08.705  3449  8419 D WindowManager: NFW_findFocusedWindowIfNeeded:Window{43b4623 u0 com.instagram.android/com.instagram.android.activity.MainTabActivity} mCurrentFocus:Window{43b4623 u0 com.instagram.android/com.instagram.android.activity.MainTabActivity}
06-26 17:08:08.705  3449  8419 D WindowManager: NFW_findFocusedWindowIfNeeded:null mCurrentFocus:null
06-26 17:08:08.705  3449  8419 D ActivityTaskManager: The isLandscapeFullscreenEnabled is: com.instagram.android/.activity.MainTabActivity
06-26 17:08:08.709  3449  3742 I DisplayDeviceRepository: Display device changed render timings: "Built-in Screen", renderFrameRate=90.0, presentationDeadlineNanos=14111110, appVsyncOffsetNanos=6555557, frameRateOverrides=[]
06-26 17:08:08.709  3449  3742 D DisplayManagerService: Delivering display event: displayId=0, event=EVENT_DISPLAY_REFRESH_RATE_CHANGED
06-26 17:08:08.709  3449  3740 D WindowManager: DeferredDisplayUpdater: partially applying DisplayInfo(1264 x 2780) immediately
06-26 17:08:08.713  3449  3740 D OplusVFXScreenEffectFeature: notifySFCompatWindowStateChange entered false
06-26 17:08:08.713  3449  3740 D FSS_FoldScreenBlackCoverController: displayChangeToOn, dc:Display{#0 state=ON size=1264x2780 ROTATION_0}
06-26 17:08:08.713  3449  3740 D DisplayModeDirector: setAppRequest displayId : 17  modeId: 0  requestedRefreshRate: 0.0  requestedMinRefreshRateRange: 0.0  requestedMaxRefreshRateRange: 0.0
06-26 17:08:08.713  3449  3818 D OplusFeatureDMR[display=0]: onConfigChanged threadId=66 threadName=OplusDisplayWorkHandler physicalDisplayId=4630946652107814787 modeId=2  
06-26 17:08:08.714  3449  3740 D DisplayModeDirector: setAppRequest displayId : 0  modeId: 3  requestedRefreshRate: 0.0  requestedMinRefreshRateRange: 0.0  requestedMaxRefreshRateRange: 90.0
06-26 17:08:08.717  3449  3752 W UserAwareMgr: can not find match thread: GLPhoto for process com.heytap.colorfulengine Pid: 5164
06-26 17:08:08.717  3449  3752 W UserAwareMgr: can not find match thread: VideoCodec for process com.heytap.colorfulengine Pid: 5164
06-26 17:08:08.717  3449  3752 W UserAwareMgr: can not find match thread: Loader:Progress for process com.heytap.colorfulengine Pid: 5164
06-26 17:08:08.717  3449  3752 W UserAwareMgr: can not find match thread: MediaCodec_looper for process com.heytap.colorfulengine Pid: 5164
06-26 17:08:08.721  3449  8419 W PackageConfigPersister: App-specific configuration not found for packageName: com.instagram.android and userId: 0
06-26 17:08:08.744  3449  4707 V NetworkPolicy: updateNetworkEnabledNL() return
06-26 17:08:08.744  3449  4707 V NetworkPolicy: updateNotificationsNL not process
06-26 17:08:08.764  3449  3820 D VRR [OPlusRefreshRateService]: handleConfigIdChange physicalDisplayId: 4630946652107814787 configId: 2 renderPeriod: 11111111
06-26 17:08:08.765  3449  3752 W UserAwareMgr: event can not be released, id: 1014, count: 3, releasePid: 3449
06-26 17:08:08.765  3449  3820 D VRR [OPlusGameStatusManager]: updateGameState mOSyncFeatureSwitch: false mIsGamePolicy: false
06-26 17:08:08.765  3449  3820 D VRR [OPlusGameStatusManager]: updateGameAccelerationStatus pkgName: com.instagram.android mOSyncFeatureSwitch: false mIsGamePolicy: false mHeartStop: false mHasFlickerRisk: false mForceAcceleration: false mToastReady: false enable: false
06-26 17:08:08.765  3449  3820 D VRR [OPlusExternalRefreshRateManager]:  Display refreshrate :90 , Switch to OTI-HW 
06-26 17:08:08.815  3449  3820 D VRR [OPlusSAManager]: updateAutoMinfps for 4630946652107814787 with nits: 10.858397, mHistOK true, mAmbientOK true, mCctOK true, mIrOK true, mBrightnessOK true, isPkgOK true, SA min fps: 0
06-26 17:08:08.955  3449  3756 I ActivityManager: Start proc 30843:com.google.android.adservices.api/u0a308 for service {com.google.android.adservices.api/com.android.adservices.adid.AdIdService}
06-26 17:08:08.955  3449  3740 I ActivityManager: ProcessObserver broadcast disabled
06-26 17:08:08.957  3449  4451 I MemoryOperationUtils: add 30843 to inactive
06-26 17:08:08.985  3449  5553 D ActivityTaskManagerServiceExtImpl: preBindApplication record is null
06-26 17:08:09.022 30843 30843 V Configuration: Updating configuration, locales updated from [] to [en_GB]
06-26 17:08:09.043 30843 30843 D ResourcesManagerExtImpl: applyConfigurationToAppResourcesLocked app.getDisplayId() return callback.displayId:-1
06-26 17:08:09.047  3449  4992 I ActivityManager: Flag disabled. Ignoring finishAttachApplication from uid: 10308. pid: 30843
06-26 17:08:09.051  3449  4992 E SettingsState: invalid override flag name fledge_custom_audience_max_ads_size_b
06-26 17:08:09.051  3449  4992 E SettingsState: invalid override flag name enable_tablet_region_fix
06-26 17:08:09.051  3449  4992 E SettingsState: invalid override flag name topics_disable_direct_app_calls
06-26 17:08:09.051  3449  4992 E SettingsState: invalid override flag name app_name_api_error_cobalt_logging_enabled
06-26 17:08:09.051  3449  4992 E SettingsState: invalid override flag name fledge_background_fetch_enabled
06-26 17:08:09.051  3449  4992 E SettingsState: invalid override flag name ui_toggle_speed_bump_enabled
06-26 17:08:09.051  3449  4992 E SettingsState: invalid override flag name enrollment_blocklist_ids
06-26 17:08:09.051  3449  4992 E SettingsState: invalid override flag name measurement_registration_input_event_valid_window_ms
06-26 17:08:09.051  3449  4992 E SettingsState: invalid override flag name fledge_ad_counter_histogram_absolute_max_per_buyer_event_count
06-26 17:08:09.051  3449  4992 E SettingsState: invalid override flag name fledge_auction_server_enable_debug_reporting
06-26 17:08:09.051  3449  4992 E SettingsState: invalid override flag name key_fledge_custom_audience_max_bidding_logic_uri_size_b
06-26 17:08:09.051  3449  4992 E SettingsState: invalid override flag name fledge_background_fetch_eligible_update_base_interval_s
06-26 17:08:09.051  3449  4992 E SettingsState: invalid override flag name measurement_reporting_job_service_enabled
06-26 17:08:09.051  3449  4992 E SettingsState: invalid override flag name measurement_enable_ara_deduplication_alignment_v1
06-26 17:08:09.051  3449  4992 E SettingsState: invalid override flag name fledge_frequency_cap_filtering_metrics_enabled
06-26 17:08:09.051  3449  4992 E SettingsState: invalid override flag name fledge_ad_selection_from_outcomes_overall_timeout_ms
06-26 17:08:09.051  3449  4992 E SettingsState: invalid override flag name fledge_data_version_header_enabled
06-26 17:08:09.051  3449  4992 E SettingsState: invalid override flag name measurement_register_source_request_permits_per_second
06-26 17:08:09.051  3449  4992 E SettingsState: invalid override flag name fledge_fetch_custom_audience_max_retry_after_value_ms
06-26 17:08:09.051  3449  4992 E SettingsState: invalid override flag name ui_dialogs_feature_enabled
06-26 17:08:09.051  3449  4992 E SettingsState: invalid override flag name measurement_receiver_delete_packages_kill_switch
06-26 17:08:09.051  3449  4992 E SettingsState: invalid override flag name measurement_register_sources_request_permits_per_second
06-26 17:08:09.051  3449  4992 E SettingsState: invalid override flag name consent_already_interacted_fix_enable
06-26 17:08:09.051  3449  4992 E SettingsState: invalid override flag name classifier_type
06-26 17:08:09.051  3449  4992 E SettingsState: invalid override flag name fledge_auction_server_kill_switch
06-26 17:08:09.051  3449  4992 E SettingsState: invalid override flag name pas_ux_enabled
06-26 17:08:09.051  3449  4992 E SettingsState: invalid override flag name Fledge__enable_prod_debug_in_auction_server
06-26 17:08:09.051  3449  4992 E SettingsState: invalid override flag name is_eea_device
06-26 17:08:09.051  3449  4992 E SettingsState: invalid override flag name measurement_enable_source_debug_report
06-26 17:08:09.051  3449  4992 E SettingsState: invalid override flag name Spe__mdd_maintenance_job_policy
06-26 17:08:09.051  3449  4992 E SettingsState: invalid override flag name measurement_async_registration_job_trigger_min_delay_ms
06-26 17:08:09.051  3449  4992 E SettingsState: invalid override flag name fledge_kanon_register_client_parameters_url
06-26 17:08:09.051  3449  4992 E SettingsState: invalid override flag name fledge_auction_server_background_key_fetch_job_flex_ms
06-26 17:08:09.051  3449  4992 E SettingsState: invalid override flag name fledge_kanon_get_tokens_url
06-26 17:08:09.051  3449  4992 E SettingsState: invalid override flag name kanon_fetch_parameters_url
06-26 17:08:09.051  3449  4992 E SettingsState: invalid override flag name measurement_debug_reporting_fallback_job_required_network_type
06-26 17:08:09.051  3449  4992 E SettingsState: invalid override flag name enable_u18_appsearch_migration
06-26 17:08:09.051  3449  4992 E SettingsState: invalid override flag name ppapi_app_signature_allow_list
06-26 17:08:09.051  3449  4992 E SettingsState: invalid override flag name measurement_enable_ara_parsing_alignment_v1
06-26 17:08:09.051  3449  4992 E SettingsState: invalid override flag name fledge_event_level_debug_report_send_immediately
06-26 17:08:09.051  3449  4992 E SettingsState: invalid override flag name measurement_aggregate_fallback_reporting_job_required_network_type
06-26 17:08:09.051  3449  4992 E SettingsState: invalid override flag name ui_eea_countries
06-26 17:08:09.051  3449  4992 E SettingsState: invalid override flag name fledge_auction_server_auction_key_sharding
06-26 17:08:09.051  3449  4992 E SettingsState: invalid override flag name measurement_debug_reporting_job_required_network_type
06-26 17:08:09.051  3449  4992 E SettingsState: invalid override flag name key_fledge_custom_audience_max_daily_update_uri_size_b
06-26 17:08:09.051  3449  4992 E SettingsState: invalid override flag name Spe__count_unique_reporting_job_policy
06-26 17:08:09.051  3449  4992 E SettingsState: invalid override flag name fledge_fetch_custom_audience_max_user_bidding_signals_size_b
06-26 17:08:09.051  3449  4992 E SettingsState: invalid override flag name measurement_flex_api_max_information_gain_event
06-26 17:08:09.051  3449  4992 E SettingsState: invalid override flag name app_config_returns_enabled_by_detault
06-26 17:08:09.051  3449  4992 E SettingsState: invalid override flag name measurement_flex_api_max_information_gain_navigation
06-26 17:08:09.051  3449  4992 E SettingsState: invalid override flag name measurement_aggregation_coordination_origin_enabled
06-26 17:08:09.051  3449  4992 E SettingsState: invalid override flag name fledge_custom_audience_max_user_bidding_signals_size_b
06-26 17:08:09.051  3449  4992 E SettingsState: invalid override flag name protected_signals_periodic_encoding_enabled
06-26 17:08:09.051  3449  4992 E SettingsState: invalid override flag name fledge_fetch_custom_audience_min_retry_after_value_ms
06-26 17:08:09.051  3449  4992 E SettingsState: invalid override flag name enable_test_param
06-26 17:08:09.051  3449  4992 E SettingsState: invalid override flag name measurement_event_reporting_job_required_network_type
06-26 17:08:09.051  3449  4992 E SettingsState: invalid override flag name topics_encryption_metrics_enabled
06-26 17:08:09.051  3449  4992 E SettingsState: invalid override flag name fledge_report_impression_registered_ad_beacons_max_interaction_key_size_b
06-26 17:08:09.051  3449  4992 E SettingsState: invalid override flag name fledge_custom_audience_max_trusted_bidding_data_size_b
06-26 17:08:09.051  3449  4992 E SettingsState: invalid override flag name fledge_report_interaction_request_permits_per_second
06-26 17:08:09.051  3449  4992 E SettingsState: invalid override flag name fledge_auction_server_ad_id_fetcher_timeout_ms
