06-26 17:08:36.637  3449  3743 I WindowManager: Window{197d6ad u0 com.google.android.dialer/com.android.dialer.incall.activity.ui.InCallActivity} state from READY_TO_SHOW to HAS_DRAWN; reason: performShowLocked
06-26 17:08:36.636  5213  5282 D OplusShellStartingWindowManager: removeWindow: removeInfo=StartingWindowRemovalInfo{taskId=41536 frame=Rect(0, 0 - 1264, 2780) playRevealAnimation=true roundedCornerRadius=0.0 deferRemoveMode=0 windowlessSurface=false removeImmediately=false}, immediately=false, caller=com.android.wm.shell.startingsurface.StartingSurfaceDrawer.removeStartingWindow:45 com.android.wm.shell.startingsurface.StartingWindowController.lambda$removeStartingWindow$4:3 com.android.wm.shell.startingsurface.StartingWindowController.$r8$lambda$8pv6D_aeTFXal9JJiwpSxrQ6R6U:1 com.android.wm.shell.startingsurface.StartingWindowController$$ExternalSyntheticLambda6.run:18 android.os.Handler.handleCallback:1001 android.os.Handler.dispatchMessage:109 
06-26 17:08:36.637  3449  3743 D DisplayModeDirector: setAppRequest displayId : 0  modeId: 1  requestedRefreshRate: 0.0  requestedMinRefreshRateRange: 0.0  requestedMaxRefreshRateRange: 120.00001
06-26 17:08:36.637  3449  3743 D DisplayModeDirector: setAppRequest displayId : 17  modeId: 0  requestedRefreshRate: 0.0  requestedMinRefreshRateRange: 0.0  requestedMaxRefreshRateRange: 0.0
06-26 17:08:36.637  3449  3743 D DisplayModeDirector: setAppRequest displayId : 0  modeId: 1  requestedRefreshRate: 0.0  requestedMinRefreshRateRange: 0.0  requestedMaxRefreshRateRange: 120.00001
06-26 17:08:36.638  3449  3743 D CoreBackPreview:  return markWindowHasDrawn mComposed: false  mWaitTransition: false
06-26 17:08:36.652  3449  5513 D ActivityTaskManager: Requested Orientation r = ActivityRecord{129449304 u0 com.google.android.dialer/com.android.dialer.incall.activity.ui.InCallActivity t41536}, requestedOrientation = SCREEN_ORIENTATION_USER (2)
06-26 17:08:36.652  3449  5513 D ActivityTaskManager: The isLandscapeFullscreenEnabled is: com.google.android.dialer/com.android.dialer.incall.activity.ui.InCallActivity
06-26 17:08:36.652  3449  5513 D ActivityTaskManager: The isLandscapeFullscreenEnabled is: com.google.android.dialer/com.android.dialer.incall.activity.ui.InCallActivity
06-26 17:08:36.652  3449  5513 D ActivityTaskManager: The isLandscapeFullscreenEnabled is: com.google.android.dialer/com.android.dialer.incall.activity.ui.InCallActivity
06-26 17:08:36.652  3449  5513 D OplusRotationAnimationManager: block ActivityRecord{129449304 u0 com.google.android.dialer/com.android.dialer.incall.activity.ui.InCallActivity t41536} requested orientation 2 when remote from SpruceLauncher/SysUI playing
06-26 17:08:36.671 13536 13536 D VRI[InCallActivity]: relayoutWindow result, sizeChanged:false, surfaceControlChanged:false, transformHintChanged:false, mSurfaceSize:Point(1264, 2780), mLastSurfaceSize:Point(1264, 2780), mWidth:1264, mHeight:2780, requestedWidth:1264, requestedHeight:2780, transformHint:0, installOrientation:0, displayRotation:0, isSurfaceValid:true, attr.flag:-2120122112, tmpFrames:ClientWindowFrames{frame=[0,0][1264,2780] display=[0,0][1264,2780] parentFrame=[0,0][1264,2780]}, relayoutResult:0, relayoutAsync:true, mSyncSeqId:0
06-26 17:08:36.671 13536 13536 W VRI[InCallActivity]: updateBlastSurfaceIfNeeded, surfaceSize:Point(1264, 2780), lastSurfaceSize:Point(1264, 2780), format:-3, blastBufferQueue:android.graphics.BLASTBufferQueue@a9100b6
06-26 17:08:36.671  3449  5814 V WindowManager: Relayout Window{197d6ad u0 com.google.android.dialer/com.android.dialer.incall.activity.ui.InCallActivity}: viewVisibility=0, oldvis=0, req=1264x2780 , apr = 0, , x=0, y=0
06-26 17:08:36.671  3449  5814 D DisplayModeDirector: setAppRequest displayId : 17  modeId: 0  requestedRefreshRate: 0.0  requestedMinRefreshRateRange: 0.0  requestedMaxRefreshRateRange: 0.0
06-26 17:08:36.672  3449  5814 D DisplayModeDirector: setAppRequest displayId : 0  modeId: 1  requestedRefreshRate: 0.0  requestedMinRefreshRateRange: 0.0  requestedMaxRefreshRateRange: 120.00001
06-26 17:08:36.672  3449  5814 D ActivityTaskManager: The isLandscapeFullscreenEnabled is: com.google.android.dialer/com.android.dialer.incall.activity.ui.InCallActivity
06-26 17:08:36.672  3449  5814 D ActivityTaskManager: The isLandscapeFullscreenEnabled is: com.google.android.dialer/com.android.dialer.incall.activity.ui.InCallActivity
06-26 17:08:36.675 13536 13536 W VRI[InCallActivity]: handleResized, msg:, frameChanged:false, configChanged:false, displayChanged:false, attachedFrameChanged:false, compatScaleChanged:false, pendingDragResizing=false
06-26 17:08:36.684  3449  4605 D InputMethodManagerService: isSecurity: attribute.packageName = com.google.android.dialer mCurMethodId = com.google.android.inputmethod.latin/com.android.inputmethod.latin.LatinIME isSecurity = false ( enable = false needShow = false inBlackList = false isExist = true )
06-26 17:08:36.687  3449  3743 D DisplayModeDirector: setAppRequest displayId : 17  modeId: 0  requestedRefreshRate: 0.0  requestedMinRefreshRateRange: 0.0  requestedMaxRefreshRateRange: 0.0
06-26 17:08:36.687  3449  3743 D DisplayModeDirector: setAppRequest displayId : 0  modeId: 1  requestedRefreshRate: 0.0  requestedMinRefreshRateRange: 0.0  requestedMaxRefreshRateRange: 120.00001
06-26 17:08:36.690  3449  5660 D ActivityTaskManager: Requested Orientation r = ActivityRecord{129449304 u0 com.google.android.dialer/com.android.dialer.incall.activity.ui.InCallActivity t41536}, requestedOrientation = SCREEN_ORIENTATION_PORTRAIT (1)
06-26 17:08:36.690  3449  5660 D ActivityTaskManager: The isLandscapeFullscreenEnabled is: com.google.android.dialer/com.android.dialer.incall.activity.ui.InCallActivity
06-26 17:08:36.690  3449  5660 D ActivityTaskManager: The isLandscapeFullscreenEnabled is: com.google.android.dialer/com.android.dialer.incall.activity.ui.InCallActivity
06-26 17:08:36.690  3449  5660 D ActivityTaskManager: The isLandscapeFullscreenEnabled is: com.google.android.dialer/com.android.dialer.incall.activity.ui.InCallActivity
06-26 17:08:36.690  3449  5660 D OplusRotationAnimationManager: block ActivityRecord{129449304 u0 com.google.android.dialer/com.android.dialer.incall.activity.ui.InCallActivity t41536} requested orientation 1 when remote from SpruceLauncher/SysUI playing
06-26 17:08:36.692  3449  3743 D DisplayModeDirector: setAppRequest displayId : 17  modeId: 0  requestedRefreshRate: 0.0  requestedMinRefreshRateRange: 0.0  requestedMaxRefreshRateRange: 0.0
06-26 17:08:36.692  3449  3743 D DisplayModeDirector: setAppRequest displayId : 0  modeId: 1  requestedRefreshRate: 0.0  requestedMinRefreshRateRange: 0.0  requestedMaxRefreshRateRange: 120.00001
06-26 17:08:36.694  3449  4809 D JobSchedulerServiceExtImpl: updateOsenseRestrictMode for 1 false false
06-26 17:08:36.729  3449  6038 W PackageConfigPersister: App-specific configuration not found for packageName: com.google.android.dialer and userId: 0
06-26 17:08:36.742  3449  3752 W UserAwareMgr: event can not be released, id: 1014, count: 3, releasePid: 3449
06-26 17:08:36.778  3449 12181 D SoundTriggerHelper: mIsDetached = false,state = DISABLE,mDeviceState = ENABLE
06-26 17:08:36.779  3449  3505 V WindowManager: Relayout Window{197d6ad u0 com.google.android.dialer/com.android.dialer.incall.activity.ui.InCallActivity}: viewVisibility=0, oldvis=0, req=1264x2780 , apr = 0, , x=0, y=0
06-26 17:08:36.779  3449  3505 D DisplayModeDirector: setAppRequest displayId : 17  modeId: 0  requestedRefreshRate: 0.0  requestedMinRefreshRateRange: 0.0  requestedMaxRefreshRateRange: 0.0
06-26 17:08:36.783  3449  3505 D DisplayModeDirector: setAppRequest displayId : 0  modeId: 1  requestedRefreshRate: 0.0  requestedMinRefreshRateRange: 0.0  requestedMaxRefreshRateRange: 120.00001
06-26 17:08:36.784  3449  3505 D ActivityTaskManager: The isLandscapeFullscreenEnabled is: com.google.android.dialer/com.android.dialer.incall.activity.ui.InCallActivity
06-26 17:08:36.784  3449  3505 D ActivityTaskManager: The isLandscapeFullscreenEnabled is: com.google.android.dialer/com.android.dialer.incall.activity.ui.InCallActivity
06-26 17:08:36.810  3449  3505 I ActivityManager: Background started FGS: Allowed [callingPackage: com.google.android.dialer; callingUid: 10286; uidState: TOP ; uidBFSL: [BFSL]; intent: Intent { act=android.telecom.InCallService cmp=com.google.android.dialer/com.android.incallui.InCallServiceImpl mCallingUid=1000 }; code:PROC_STATE_TOP; tempAllowListReason:<setPendingIntentAllowlistDuration,reason:NotificationManagerService,pendingintent:u0a235:com.android.dialer.incall.statusbarnotification.buttonintentANSWER,reasonCode:NOTIFICATION_SERVICE,duration:30000,callingUid:10235>; allowWiu:12; targetSdkVersion:36; callerTargetSdkVersion:36; startForegroundCount:1; bindFromPackage:null: isBindService:false]
06-26 17:08:36.814  3449  4993 D OplusAONSmartDim: onWakeLockReleaseLocked: lock=67257126, flags=0x1a, packageName=com.android.server.telecom, tag="InCallWakeLockController", ws=null, uid=1000, pid=3449
06-26 17:08:36.820  3449  3449 D OplusPowerManagerServiceFeature: onCallStateChanged: state = 2
06-26 17:08:36.827  3449  3755 D NotificationService--OplusNotificationFixHelper: fixAppIcon: pkg=com.google.android.dialer
06-26 17:08:36.827  3449  3755 D NotificationService--OplusNotificationFixHelper: fixAppIcon: appIcon = null, pkg = com.google.android.dialer
06-26 17:08:36.827  3449  3752 W UserAwareMgr: event can not be released, id: 8052, count: 2, releasePid: 5289
06-26 17:08:36.828  3449  4993 D SystemServerTiming: getUserSwitchability-0
06-26 17:08:36.828  3449  4993 D SystemServerTiming: TM.isInCall
06-26 17:08:36.829  3449  4993 D SystemServerTiming: hasUserRestriction-DISALLOW_USER_SWITCH
06-26 17:08:36.829  3449  4993 D SystemServerTiming: getInt-ALLOW_USER_SWITCHING_WHEN_SYSTEM_USER_LOCKED
06-26 17:08:36.829  3449  4993 D SystemServerTiming: isUserUnlocked-USER_SYSTEM
06-26 17:08:36.839  3449  3755 I OplusStatusBarManagerServiceEnhance:  getTopIsFullscreen mTopIsFullscreen: false
06-26 17:08:36.839  3449  3449 D NotificationService--OplusNotificationManagerServiceExtImpl: isForwardToAssistants: true, case : Is local notification
06-26 17:08:36.839  3449  3449 D NotificationService: This application enqueue notifications is need postDelayed mcsAssistantDelayTime: 200
06-26 17:08:36.857  3449  3505 D WindowManager: NFW_setClientVisible:ActivityRecord{146681841 u0 com.google.android.dialer/com.android.dialer.incall.activity.ui.InCallActivity clientVisible:true
06-26 17:08:36.858  3449  3505 D FlexibleTaskController: isSupportFlexibleWindow target = com.google.android.dialer/com.android.dialer.incall.activity.ui.InCallActivity callPkg = FlexibleTaskController support = false ,caller = 3449
06-26 17:08:36.858  3449  3505 I AppSnapshotController: init, sysSupport = true, mActivitySupport = false, activityRecord = ActivityRecord{146681841 u0 com.google.android.dialer/com.android.dialer.incall.activity.ui.InCallActivity t-1}
06-26 17:08:36.860  3449  3505 D FlexibleWindowManagerService: isIgnoreAppearedAcrossTask:false
06-26 17:08:36.860  3449  4582 D StartingSurfacePreviewController: checkSupportSurfacePreview, token=com.google.android.dialer/com.android.dialer.incall.activity.ui.InCallActivity, enableSurfacePreview=false, supportMultiLayout=false, unsupportedSkipViewAnimLv=null, disableSurfacePreviewAnimLv=null, ignoreFileExistAnimLv=null
06-26 17:08:36.860  3449  3505 D ActivityStarterExtImpl: setForceUpdateWindow, targetTask = Task{a9b2f96 #41536 type=standard A=10286:com.google.android.dialer} r = ActivityRecord{146681841 u0 com.google.android.dialer/com.android.dialer.incall.activity.ui.InCallActivity t-1} notFinish =false
06-26 17:08:36.861  3449  3505 D FlexibleWindowManagerService: isIgnoreAppearedAcrossTask:false
06-26 17:08:36.861  3449  3505 D FlexibleTaskController: adjustOptionsForFlexibleTask not allow options follow process task's options, reason:9 ,reusedOptions:null
06-26 17:08:36.861  3449  3505 I TaskFragmentExtImpl: reset pause in recents anim for mTaskFragment: Task{a9b2f96 #41536 type=standard A=10286:com.google.android.dialer}
06-26 17:08:36.861  3449  3505 D FlexibleTaskController: isSupportFlexibleWindow target = com.google.android.dialer/com.android.dialer.incall.activity.ui.InCallActivity callPkg = FlexibleTaskController support = false ,caller = 3449
06-26 17:08:36.861  3449  3505 D FlexibleTaskController: shouldKeepFlexibleTask flexibleTask not active.
06-26 17:08:36.862  3449  3505 D ActivityStarterExtImpl: isLaunchingRootActivity = true
06-26 17:08:36.863  3449  3505 D OplusDexSceneManager:  High temp 409 with highTemperatureThreshold 380 pkg:com.google.android.dialer reason: extra-second-dex
06-26 17:08:36.863  3449  3505 D ActivityTaskManager: The isLandscapeFullscreenEnabled is: com.google.android.dialer/com.android.dialer.incall.activity.ui.InCallActivity
06-26 17:08:36.863  3449  3505 D OplusDexSceneManager:  High temp 409 with highTemperatureThreshold 380 pkg:com.google.android.dialer reason: extra-second-dex
06-26 17:08:36.863  3449  3505 D ActivityTaskManager: The isLandscapeFullscreenEnabled is: com.google.android.dialer/com.android.dialer.incall.activity.ui.InCallActivity
06-26 17:08:36.868  3449  3505 E Transition: Aborting Transition mSyncId=206, caller=com.android.server.wm.OplusTransitionUtil.abortTransitionImmediately:109 com.android.server.wm.OplusTransitionController.abortTransitionImmediately:123 com.android.server.wm.ActivityStarterExtImpl.abortTransitionImmediately:1850 
06-26 17:08:36.868  3449  3505 D OplusTransitionController: hookOnAbort, transition: TransitionRecord{73e5cc3 id=206 track=0 type=OPEN flags=0x0 state=0 c=[
06-26 17:08:36.868  3449  3505 D OplusTransitionController:    ChangeInfo{7a31940 container=ActivityRecord{146681841 u0 com.google.android.dialer/com.android.dialer.incall.activity.ui.InCallActivity t-1} flags=0x0}
06-26 17:08:36.868  3449  3505 D OplusTransitionController: ]
06-26 17:08:36.868  3449  3505 D OplusTransitionController: }
06-26 17:08:36.868  3449  3505 E OplusAppQuickStart_AppQuickStartController: not start from launcher transition:206
06-26 17:08:36.868  3449  3505 D KEYLOG_PhoneWindowManager: setKeyguardOccludedLw occluded=true,false,true
06-26 17:08:36.868  3449  3505 D KEYLOG_PhoneWindowManager: setKeyguardOccludedLw occluded=true,true,false
06-26 17:08:36.869  3449  3505 I ActivityTaskManager: START u0 {act=android.intent.action.MAIN flg=0x10040000 xflg=0x4 cmp=com.google.android.dialer/com.android.dialer.incall.activity.ui.InCallActivity (has extras) mCallingUid=10286} with LAUNCH_SINGLE_TASK from uid 10286 (BAL_ALLOW_VISIBLE_WINDOW (callingUid has visible window)) result code=3
06-26 17:08:36.870  5213  5262 D WindowManagerShell: onActivityRestartAttempt: topActivity=ComponentInfo{com.google.android.dialer/com.android.dialer.incall.activity.ui.InCallActivity}, wasVisible=true
06-26 17:08:36.875 13536 13536 D ActivityThread: ComponentInfo{com.google.android.dialer/com.android.dialer.incall.activity.ui.InCallActivity} checkFinished=false 4
06-26 17:08:36.875 13536 13536 D ResourcesManagerExtImpl: applyConfigurationToAppResourcesLocked app.getDisplayId() return callback.displayId:0
06-26 17:08:36.883 13536 13536 D VRI[InCallActivity]: relayoutWindow result, sizeChanged:false, surfaceControlChanged:false, transformHintChanged:false, mSurfaceSize:Point(1264, 2780), mLastSurfaceSize:Point(1264, 2780), mWidth:1264, mHeight:2780, requestedWidth:1264, requestedHeight:2780, transformHint:0, installOrientation:0, displayRotation:0, isSurfaceValid:true, attr.flag:-2120122112, tmpFrames:ClientWindowFrames{frame=[0,0][1264,2780] display=[0,0][1264,2780] parentFrame=[0,0][1264,2780]}, relayoutResult:0, relayoutAsync:true, mSyncSeqId:0
06-26 17:08:36.883 13536 13536 W VRI[InCallActivity]: updateBlastSurfaceIfNeeded, surfaceSize:Point(1264, 2780), lastSurfaceSize:Point(1264, 2780), format:-3, blastBufferQueue:android.graphics.BLASTBufferQueue@a9100b6
06-26 17:08:36.883  3449  4768 V WindowManager: Relayout Window{197d6ad u0 com.google.android.dialer/com.android.dialer.incall.activity.ui.InCallActivity}: viewVisibility=0, oldvis=0, req=1264x2780 , apr = 0, , x=0, y=0
06-26 17:08:36.883  3449  4768 D DisplayModeDirector: setAppRequest displayId : 17  modeId: 0  requestedRefreshRate: 0.0  requestedMinRefreshRateRange: 0.0  requestedMaxRefreshRateRange: 0.0
06-26 17:08:36.884  3449  4768 D DisplayModeDirector: setAppRequest displayId : 0  modeId: 1  requestedRefreshRate: 0.0  requestedMinRefreshRateRange: 0.0  requestedMaxRefreshRateRange: 120.00001
06-26 17:08:36.884  3449  4768 D ActivityTaskManager: The isLandscapeFullscreenEnabled is: com.google.android.dialer/com.android.dialer.incall.activity.ui.InCallActivity
06-26 17:08:36.884  3449  4768 D ActivityTaskManager: The isLandscapeFullscreenEnabled is: com.google.android.dialer/com.android.dialer.incall.activity.ui.InCallActivity
06-26 17:08:36.898  3449  4993 I BLASTSyncEngine: onCommitted syncId: 206, timeout: false ran: false
06-26 17:08:36.909  3449  4993 V WindowManager: Relayout Window{cba0407 u0 Splash Screen com.google.android.dialer}: viewVisibility=8, oldvis=0, req=1264x2780 , apr = 0, 
06-26 17:08:36.910  3449  4993 D DisplayModeDirector: setAppRequest displayId : 17  modeId: 0  requestedRefreshRate: 0.0  requestedMinRefreshRateRange: 0.0  requestedMaxRefreshRateRange: 0.0
06-26 17:08:36.911  3449  4993 D DisplayModeDirector: setAppRequest displayId : 0  modeId: 1  requestedRefreshRate: 0.0  requestedMinRefreshRateRange: 0.0  requestedMaxRefreshRateRange: 120.00001
06-26 17:08:36.911  3449  4993 D WindowManager: NFW_findFocusedWindowIfNeeded:Window{197d6ad u0 com.google.android.dialer/com.android.dialer.incall.activity.ui.InCallActivity} mCurrentFocus:Window{197d6ad u0 com.google.android.dialer/com.android.dialer.incall.activity.ui.InCallActivity}
06-26 17:08:36.911  3449  4993 D WindowManager: NFW_findFocusedWindowIfNeeded:null mCurrentFocus:null
06-26 17:08:36.911  3449  3755 D NotificationService--OplusNotificationFixHelper: fixAppIcon: pkg=com.google.android.dialer
06-26 17:08:36.911  3449  3755 D NotificationService--OplusNotificationFixHelper: fixAppIcon: appIcon = null, pkg = com.google.android.dialer
06-26 17:08:36.911  3449  4993 D ActivityTaskManager: The isLandscapeFullscreenEnabled is: com.google.android.dialer/com.android.dialer.incall.activity.ui.InCallActivity
06-26 17:08:36.911  3449  4993 D ActivityTaskManager: The isLandscapeFullscreenEnabled is: com.google.android.dialer/com.android.dialer.incall.activity.ui.InCallActivity
06-26 17:08:36.912  3449  3755 I OplusStatusBarManagerServiceEnhance:  getTopIsFullscreen mTopIsFullscreen: false
06-26 17:08:36.912  3449  3449 D NotificationService--OplusNotificationManagerServiceExtImpl: isForwardToAssistants: true, case : Is local notification
06-26 17:08:36.912  3449  3449 D NotificationService: This application enqueue notifications is need postDelayed mcsAssistantDelayTime: 200
06-26 17:08:36.912  3449  5783 D WindowManager: NFW_findFocusedWindowIfNeeded:Window{197d6ad u0 com.google.android.dialer/com.android.dialer.incall.activity.ui.InCallActivity} mCurrentFocus:Window{197d6ad u0 com.google.android.dialer/com.android.dialer.incall.activity.ui.InCallActivity}
06-26 17:08:36.912  3449  5783 D WindowManager: NFW_findFocusedWindowIfNeeded:null mCurrentFocus:null
06-26 17:08:36.912  3449  5783 D DisplayModeDirector: setAppRequest displayId : 17  modeId: 0  requestedRefreshRate: 0.0  requestedMinRefreshRateRange: 0.0  requestedMaxRefreshRateRange: 0.0
06-26 17:08:36.912  3449  3744 D SurfaceAnimationRunner: onAnimationStart:Surface(name=Surface(name=cba0407 Splash Screen com.google.android.dialer)/@0x2a9aa22 - animation-leash of window_animation)/@0xd30bba5
06-26 17:08:36.913  3449  5783 D DisplayModeDirector: setAppRequest displayId : 0  modeId: 1  requestedRefreshRate: 0.0  requestedMinRefreshRateRange: 0.0  requestedMaxRefreshRateRange: 120.00001
06-26 17:08:36.913  3449  3743 D DisplayModeDirector: setAppRequest displayId : 17  modeId: 0  requestedRefreshRate: 0.0  requestedMinRefreshRateRange: 0.0  requestedMaxRefreshRateRange: 0.0
06-26 17:08:36.913  3449  3743 D DisplayModeDirector: setAppRequest displayId : 0  modeId: 1  requestedRefreshRate: 0.0  requestedMinRefreshRateRange: 0.0  requestedMaxRefreshRateRange: 120.00001
06-26 17:08:36.929  3449  5553 D SystemServerTiming: getUserSwitchability-0
06-26 17:08:36.929  3449  5553 D SystemServerTiming: TM.isInCall
06-26 17:08:36.930  3449  5553 D SystemServerTiming: hasUserRestriction-DISALLOW_USER_SWITCH
06-26 17:08:36.930  3449  5553 D SystemServerTiming: getInt-ALLOW_USER_SWITCHING_WHEN_SYSTEM_USER_LOCKED
06-26 17:08:36.930  3449  5553 D SystemServerTiming: isUserUnlocked-USER_SYSTEM
06-26 17:08:36.938  3449  3755 D NotificationService--OplusNotificationFixHelper: fixAppIcon: pkg=com.google.android.dialer
06-26 17:08:36.938  3449  3755 D NotificationService--OplusNotificationFixHelper: fixAppIcon: appIcon = null, pkg = com.google.android.dialer
06-26 17:08:36.939  3449  3755 I OplusStatusBarManagerServiceEnhance:  getTopIsFullscreen mTopIsFullscreen: false
06-26 17:08:36.939  3449  3449 D NotificationService--OplusNotificationManagerServiceExtImpl: isForwardToAssistants: true, case : Is local notification
06-26 17:08:36.939  3449  3449 D NotificationService: This application enqueue notifications is need postDelayed mcsAssistantDelayTime: 200
06-26 17:08:37.014  3449  4842 W HmbirdWinInfoManager: addActivityToSet: invalid parameters
06-26 17:08:37.016  3449  4842 D HmbirdWinInfoManager: hmbirdFullWinInfos.size() != 1
06-26 17:08:37.059  5213  5262 V WindowManagerShell: Transition animation finished (aborted=false), notifying core (#205) android.os.BinderProxy@8f9178@0
06-26 17:08:37.059  5213  5262 D SplitScreen-->AppLockManager: setStartFromSafeControl mStartFromSafeControl=false
06-26 17:08:37.059  3449  4993 D CoreBackPreview: Window{e762bfe u0 SeedlingCard}: Setting back callback null
06-26 17:08:37.061  3449  5553 D Transition: finishTransition ar ActivityRecord{129449304 u0 com.google.android.dialer/com.android.dialer.incall.activity.ui.InCallActivity t41536}, isVisibleRequested=true, state=RESUMED, visibleAtTransitionEndTokens={ActivityRecord{129449304 u0 com.google.android.dialer/com.android.dialer.incall.activity.ui.InCallActivity t41536}}, this=TransitionRecord{834c991 id=205 track=0 type=OPEN flags=0x0 state=2 c=[
06-26 17:08:37.061  3449  5553 D Transition:    ChangeInfo{b0a30f6 container=ActivityRecord{129449304 u0 com.google.android.dialer/com.android.dialer.incall.activity.ui.InCallActivity t41536} flags=0x0}
06-26 17:08:37.061  3449  5553 D Transition:    ChangeInfo{285fcf7 container=Task{7d4c520 #41535 type=standard A=10353:com.whatsapp} flags=0x10}
06-26 17:08:37.061  3449  5553 D Transition:    ChangeInfo{42a2764 container=Display{#0 state=ON size=1264x2780 ROTATION_0} flags=0x0}
06-26 17:08:37.061  3449  5553 D Transition:    ChangeInfo{94b6dcd container=ActivityRecord{157811165 u0 com.whatsapp/.Conversation t41535} flags=0x0}
06-26 17:08:37.061  3449  5553 D Transition:    ChangeInfo{a206682 container=Task{a9b2f96 #41536 type=standard A=10286:com.google.android.dialer} flags=0x10}
06-26 17:08:37.061  3449  5553 D Transition:    ChangeInfo{9937193 container=DefaultTaskDisplayArea@193165965 flags=0x0}
06-26 17:08:37.061  3449  5553 D Transition: ]
06-26 17:08:37.061  3449  5553 D Transition: }
06-26 17:08:37.061  3449  5553 D Transition: finishTransition ar ActivityRecord{157811165 u0 com.whatsapp/.Conversation t41535}, isVisibleRequested=false, state=PAUSED, visibleAtTransitionEndTokens={ActivityRecord{129449304 u0 com.google.android.dialer/com.android.dialer.incall.activity.ui.InCallActivity t41536}}, this=TransitionRecord{834c991 id=205 track=0 type=OPEN flags=0x0 state=2 c=[
06-26 17:08:37.061  3449  5553 D Transition:    ChangeInfo{b0a30f6 container=ActivityRecord{129449304 u0 com.google.android.dialer/com.android.dialer.incall.activity.ui.InCallActivity t41536} flags=0x0}
06-26 17:08:37.061  3449  5553 D Transition:    ChangeInfo{285fcf7 container=Task{7d4c520 #41535 type=standard A=10353:com.whatsapp} flags=0x10}
06-26 17:08:37.061  3449  5553 D Transition:    ChangeInfo{42a2764 container=Display{#0 state=ON size=1264x2780 ROTATION_0} flags=0x0}
06-26 17:08:37.061  3449  5553 D Transition:    ChangeInfo{94b6dcd container=ActivityRecord{157811165 u0 com.whatsapp/.Conversation t41535} flags=0x0}
06-26 17:08:37.061  3449  5553 D Transition:    ChangeInfo{a206682 container=Task{a9b2f96 #41536 type=standard A=10286:com.google.android.dialer} flags=0x10}
06-26 17:08:37.061  3449  5553 D Transition:    ChangeInfo{9937193 container=DefaultTaskDisplayArea@193165965 flags=0x0}
06-26 17:08:37.061  3449  5553 D Transition: ]
06-26 17:08:37.061  3449  5553 D Transition: }
06-26 17:08:37.061  3449  5553 D ActivityTaskManager: commitVisibility: ActivityRecord{157811165 u0 com.whatsapp/.Conversation t41535}: visible=false visibleRequested=false, isInTransition=false 
06-26 17:08:37.061  3449  5553 D WindowManager: NFW_setClientVisible:ActivityRecord{157811165 u0 com.whatsapp/.Conversation t41535} clientVisible:false
06-26 17:08:37.062  3449  5553 I WindowManager: Window{71fcb3f u0 com.whatsapp/com.whatsapp.Conversation} state from HAS_DRAWN to DRAW_PENDING; reason: resetDrawState
06-26 17:08:37.062  3449  5553 I OplusAppSwitchManagerService:  handleAppVisible , r = ActivityRecord{129449304 u0 com.google.android.dialer/com.android.dialer.incall.activity.ui.InCallActivity t41536}
06-26 17:08:37.062  3449  5553 D ActivityTaskManager: The isLandscapeFullscreenEnabled is: com.google.android.dialer/com.android.dialer.incall.activity.ui.InCallActivity
06-26 17:08:37.062  3449  5553 D ActivityTaskManager: The isLandscapeFullscreenEnabled is: com.google.android.dialer/com.android.dialer.incall.activity.ui.InCallActivity
06-26 17:08:37.062  3449  5553 D OplusTransitionController: finishTransition, transition: TransitionRecord{834c991 id=205 track=0 type=OPEN flags=0x0 state=4 c=[
06-26 17:08:37.062  3449  5553 D OplusTransitionController:    ChangeInfo{b0a30f6 container=ActivityRecord{129449304 u0 com.google.android.dialer/com.android.dialer.incall.activity.ui.InCallActivity t41536} flags=0x0}
06-26 17:08:37.062  3449  5553 D OplusTransitionController:    ChangeInfo{285fcf7 container=Task{7d4c520 #41535 type=standard A=10353:com.whatsapp} flags=0x10}
06-26 17:08:37.062  3449  5553 D OplusTransitionController:    ChangeInfo{42a2764 container=Display{#0 state=ON size=1264x2780 ROTATION_0} flags=0x0}
06-26 17:08:37.062  3449  5553 D OplusTransitionController:    ChangeInfo{94b6dcd container=ActivityRecord{157811165 u0 com.whatsapp/.Conversation t41535} flags=0x0}
06-26 17:08:37.062  3449  5553 D OplusTransitionController:    ChangeInfo{a206682 container=Task{a9b2f96 #41536 type=standard A=10286:com.google.android.dialer} flags=0x10}
06-26 17:08:37.062  3449  5553 D OplusTransitionController:    ChangeInfo{9937193 container=DefaultTaskDisplayArea@193165965 flags=0x0}
06-26 17:08:37.062  3449  5553 D OplusTransitionController: ]
06-26 17:08:37.062  3449  5553 D OplusTransitionController: }
06-26 17:08:37.062  3449  5553 D ActivityTaskManager: The isLandscapeFullscreenEnabled is: com.google.android.dialer/com.android.dialer.incall.activity.ui.InCallActivity
06-26 17:08:37.063  3449  5553 D ActivityTaskManager: The isLandscapeFullscreenEnabled is: com.google.android.dialer/com.android.dialer.incall.activity.ui.InCallActivity
06-26 17:08:37.063  3449  5553 D ActivityTaskManager: The isLandscapeFullscreenEnabled is: com.google.android.dialer/com.android.dialer.incall.activity.ui.InCallActivity
06-26 17:08:37.063  3449  5553 D ActivityTaskManager: The isLandscapeFullscreenEnabled is: com.google.android.dialer/com.android.dialer.incall.activity.ui.InCallActivity
06-26 17:08:37.063  3449  5553 D ActivityTaskManager: The isLandscapeFullscreenEnabled is: com.google.android.dialer/com.android.dialer.incall.activity.ui.InCallActivity
06-26 17:08:37.063  3449  5553 D ActivityTaskManager: The isLandscapeFullscreenEnabled is: com.google.android.dialer/com.android.dialer.incall.activity.ui.InCallActivity
06-26 17:08:37.063  3449  5553 D ActivityTaskManager: The isLandscapeFullscreenEnabled is: com.google.android.dialer/com.android.dialer.incall.activity.ui.InCallActivity
06-26 17:08:37.063  3449  5553 D ActivityTaskManager: The isLandscapeFullscreenEnabled is: com.google.android.dialer/com.android.dialer.incall.activity.ui.InCallActivity
06-26 17:08:37.063  3449  5553 D ActivityTaskManager: The isLandscapeFullscreenEnabled is: com.google.android.dialer/com.android.dialer.incall.activity.ui.InCallActivity
06-26 17:08:37.063  3449  5553 D ActivityTaskManager: The isLandscapeFullscreenEnabled is: com.google.android.dialer/com.android.dialer.incall.activity.ui.InCallActivity
06-26 17:08:37.063  3449  5553 D ActivityTaskManager: The isLandscapeFullscreenEnabled is: com.google.android.dialer/com.android.dialer.incall.activity.ui.InCallActivity
06-26 17:08:37.063  3449  5553 D FlexibleTaskController: isFullToFlexibleAnimating: false
06-26 17:08:37.063  3449  5553 D WindowManager: rotation(ROTATION_0) no changed  displayId = 0, lastOrientation = 1
06-26 17:08:37.063  3449  5553 D ActivityTaskManager: The isLandscapeFullscreenEnabled is: com.google.android.dialer/com.android.dialer.incall.activity.ui.InCallActivity
06-26 17:08:37.063  3449  5553 D FlexibleTaskTransitionController:  finishTransition pendingRecentToFlexibleTask:null,isRotationTransition:false ,pendingRecentToFlexible:null ,transition:TransitionRecord{834c991 id=205 track=0 type=OPEN flags=0x0 state=4 c=[
06-26 17:08:37.063  3449  5553 D FlexibleTaskTransitionController:    ChangeInfo{b0a30f6 container=ActivityRecord{129449304 u0 com.google.android.dialer/com.android.dialer.incall.activity.ui.InCallActivity t41536} flags=0x0}
06-26 17:08:37.063  3449  5553 D FlexibleTaskTransitionController:    ChangeInfo{285fcf7 container=Task{7d4c520 #41535 type=standard A=10353:com.whatsapp} flags=0x10}
06-26 17:08:37.063  3449  5553 D FlexibleTaskTransitionController:    ChangeInfo{42a2764 container=Display{#0 state=ON size=1264x2780 ROTATION_0} flags=0x0}
06-26 17:08:37.063  3449  5553 D FlexibleTaskTransitionController:    ChangeInfo{94b6dcd container=ActivityRecord{157811165 u0 com.whatsapp/.Conversation t41535} flags=0x0}
06-26 17:08:37.063  3449  5553 D FlexibleTaskTransitionController:    ChangeInfo{a206682 container=Task{a9b2f96 #41536 type=standard A=10286:com.google.android.dialer} flags=0x10}
06-26 17:08:37.063  3449  5553 D FlexibleTaskTransitionController:    ChangeInfo{9937193 container=DefaultTaskDisplayArea@193165965 flags=0x0}
06-26 17:08:37.063  3449  5553 D FlexibleTaskTransitionController: ]
06-26 17:08:37.063  3449  5553 D FlexibleTaskTransitionController: }
06-26 17:08:37.063  3449  4768 D Transition: finishTransaction-onCommitted syncId=205
06-26 17:08:37.064  3449  5553 D KEYLOG_PhoneWindowManager: setKeyguardOccludedLw occluded=true,true,false
06-26 17:08:37.064  3449  5553 D OplusKeyguardTransitionController: validateKeyguardOcclusion force apply keyguard occlude =false,mValidateKeyguardOcclusion = false
06-26 17:08:37.064  3449  5553 D KEYLOG_PhoneWindowManager: setKeyguardOccludedLw occluded=true,true,false
06-26 17:08:37.064  3449  5553 D TransitionControllerExtImpl: NFW_send RECOMPUTE_FOCUS in finishTransition
06-26 17:08:37.064  3449  3752 W UserAwareMgr: event can not be released, id: 5005, count: 2, releasePid: 3449
06-26 17:08:37.065  3449  4993 I WindowManager: Window{e762bfe u0 SeedlingCard} state from HAS_DRAWN to NO_SURFACE; reason: destroySurface
06-26 17:08:37.065  3449  3752 I UserAwareMgr: handleFgAppChanged, pkgName: com.android.systemui, pid: 5213, isVisible: false, fgAppType: FG2
06-26 17:08:37.065  3449  4993 D DisplayModeDirector: setAppRequest displayId : 17  modeId: 0  requestedRefreshRate: 0.0  requestedMinRefreshRateRange: 0.0  requestedMaxRefreshRateRange: 0.0
06-26 17:08:37.066  3449  4993 D DisplayModeDirector: setAppRequest displayId : 0  modeId: 1  requestedRefreshRate: 0.0  requestedMinRefreshRateRange: 0.0  requestedMaxRefreshRateRange: 120.00001
06-26 17:08:37.066  3449  4993 I TaskOrganizerController: onTaskInfoChanged taskid 41535 config { mBounds=Rect(0, 0 - 1264, 2780) mAppBounds=Rect(0, 0 - 1264, 2780) mMaxBounds=Rect(0, 0 - 1264, 2780) mDisplayRotation=ROTATION_0 mWindowingMode=fullscreen mActivityType=standard mAlwaysOnTop=undefined mRotation=ROTATION_0}
06-26 17:08:37.066  5213  5262 D ShellTaskOrganizer: onTransitionFinish, isRecent:false
06-26 17:08:37.066  3449  4993 D OplusFlexibleDragToSplitAnimController: visibleFlexibleTaskInfos delete:41535
06-26 17:08:37.066  3449  4993 E FlexibleWindowManagerService: notifyTaskObserverToAttachController not need to notify!
06-26 17:08:37.066  3449  4993 I FlexibleWindowManagerService: onFlexibleWindowTaskInfoChanged, return for cur task not embedded
06-26 17:08:37.066  3449  4993 D WindowManager: NFW_findFocusedWindowIfNeeded:Window{197d6ad u0 com.google.android.dialer/com.android.dialer.incall.activity.ui.InCallActivity} mCurrentFocus:Window{197d6ad u0 com.google.android.dialer/com.android.dialer.incall.activity.ui.InCallActivity}
06-26 17:08:37.066  3449  4993 D WindowManager: NFW_findFocusedWindowIfNeeded:null mCurrentFocus:null
06-26 17:08:37.066  5213  5262 V WindowManagerShell: Track 0 became idle
06-26 17:08:37.066  5213  5262 V WindowManagerShell: All active transition animations finished
06-26 17:08:37.069  3449  4993 V WindowManager: Relayout Window{71fcb3f u0 com.whatsapp/com.whatsapp.Conversation}: viewVisibility=8, oldvis=0, req=1264x2780 , apr = 0, 
06-26 17:08:37.069  3449  4993 D DisplayModeDirector: setAppRequest displayId : 17  modeId: 0  requestedRefreshRate: 0.0  requestedMinRefreshRateRange: 0.0  requestedMaxRefreshRateRange: 0.0
06-26 17:08:37.070  3449  4993 D DisplayModeDirector: setAppRequest displayId : 0  modeId: 1  requestedRefreshRate: 0.0  requestedMinRefreshRateRange: 0.0  requestedMaxRefreshRateRange: 120.00001
06-26 17:08:37.070  3449  4993 D WindowManager: NFW_findFocusedWindowIfNeeded:Window{197d6ad u0 com.google.android.dialer/com.android.dialer.incall.activity.ui.InCallActivity} mCurrentFocus:Window{197d6ad u0 com.google.android.dialer/com.android.dialer.incall.activity.ui.InCallActivity}
06-26 17:08:37.070  3449  4993 D WindowManager: NFW_findFocusedWindowIfNeeded:null mCurrentFocus:null
06-26 17:08:37.070  3449  4993 D ActivityTaskManager: The isLandscapeFullscreenEnabled is: com.google.android.dialer/com.android.dialer.incall.activity.ui.InCallActivity
06-26 17:08:37.070  3449  4993 D ActivityTaskManager: The isLandscapeFullscreenEnabled is: com.google.android.dialer/com.android.dialer.incall.activity.ui.InCallActivity
06-26 17:08:37.070  3449  3744 D SurfaceAnimationRunner: onAnimationEnd:Surface(name=Surface(name=cba0407 Splash Screen com.google.android.dialer)/@0x2a9aa22 - animation-leash of window_animation)/@0xd30bba5
06-26 17:08:37.070  3449  3743 I WindowStateExtImpl: onSurfaceShowChange show = false mPackageName = com.google.android.dialer parentPkgName = com.google.android.dialer
06-26 17:08:37.070 10303 10303 D VRI[Conversation]: relayoutWindow result, sizeChanged:false, surfaceControlChanged:true, transformHintChanged:false, mSurfaceSize:Point(1264, 2780), mLastSurfaceSize:Point(1264, 2780), mWidth:1264, mHeight:2780, requestedWidth:1264, requestedHeight:2780, transformHint:0, installOrientation:0, displayRotation:0, isSurfaceValid:false, attr.flag:-2122252032, tmpFrames:ClientWindowFrames{frame=[0,0][1264,2780] display=[0,0][1264,2780] parentFrame=[0,0][0,0]}, relayoutResult:2, relayoutAsync:false, mSyncSeqId:0
06-26 17:08:37.071  3449  3743 I WindowManager: Window{cba0407 u0 Splash Screen com.google.android.dialer EXITING} state from HAS_DRAWN to NO_SURFACE; reason: destroySurface
06-26 17:08:37.071  3449  3743 D DisplayModeDirector: setAppRequest displayId : 17  modeId: 0  requestedRefreshRate: 0.0  requestedMinRefreshRateRange: 0.0  requestedMaxRefreshRateRange: 0.0
06-26 17:08:37.072  3449  3743 D DisplayModeDirector: setAppRequest displayId : 0  modeId: 1  requestedRefreshRate: 0.0  requestedMinRefreshRateRange: 0.0  requestedMaxRefreshRateRange: 120.00001
06-26 17:08:37.074  3449  3742 D WindowManager: NFW_findFocusedWindowIfNeeded:Window{197d6ad u0 com.google.android.dialer/com.android.dialer.incall.activity.ui.InCallActivity} mCurrentFocus:Window{197d6ad u0 com.google.android.dialer/com.android.dialer.incall.activity.ui.InCallActivity}
06-26 17:08:37.074  3449  3742 D WindowManager: NFW_findFocusedWindowIfNeeded:null mCurrentFocus:null
06-26 17:08:37.076  3449  4768 D PresentationStatsEventLogger: Not setting no presentation reason because it already exists
06-26 17:08:37.076  3449  4768 W PresentationStatsEventLogger: Empty dataset. Autofill ignoring log
06-26 17:08:37.077  3449  3752 I UserAwareMgr: handleAppChangedToBg, pkgName: com.whatsapp, pid: 10303
06-26 17:08:37.080  3449  3742 D OplusFloorRefreshRateController: onSeedlingCardStateChange state=0
06-26 17:08:37.086  3449  5553 V WindowManager: Relayout Window{71fcb3f u0 com.whatsapp/com.whatsapp.Conversation}: viewVisibility=8, oldvis=8, req=1264x2780 , apr = 0, , x=0, y=0
06-26 17:08:37.086  3449  5553 D DisplayModeDirector: setAppRequest displayId : 17  modeId: 0  requestedRefreshRate: 0.0  requestedMinRefreshRateRange: 0.0  requestedMaxRefreshRateRange: 0.0
06-26 17:08:37.087  3449  5553 D DisplayModeDirector: setAppRequest displayId : 0  modeId: 1  requestedRefreshRate: 0.0  requestedMinRefreshRateRange: 0.0  requestedMaxRefreshRateRange: 120.00001
06-26 17:08:37.087  3449  5553 D ActivityTaskManager: The isLandscapeFullscreenEnabled is: com.google.android.dialer/com.android.dialer.incall.activity.ui.InCallActivity
06-26 17:08:37.087  3449  5553 D ActivityTaskManager: The isLandscapeFullscreenEnabled is: com.google.android.dialer/com.android.dialer.incall.activity.ui.InCallActivity
06-26 17:08:37.087 10303 10303 D VRI[Conversation]: relayoutWindow result, sizeChanged:false, surfaceControlChanged:true, transformHintChanged:false, mSurfaceSize:Point(1264, 2780), mLastSurfaceSize:Point(1264, 2780), mWidth:1264, mHeight:2780, requestedWidth:1264, requestedHeight:2780, transformHint:0, installOrientation:0, displayRotation:0, isSurfaceValid:false, attr.flag:-2122252032, tmpFrames:ClientWindowFrames{frame=[0,0][1264,2780] display=[0,0][1264,2780] parentFrame=[0,0][0,0]}, relayoutResult:2, relayoutAsync:false, mSyncSeqId:0
06-26 17:08:37.091  3449  6038 I WindowManager: Window{71fcb3f u0 com.whatsapp/com.whatsapp.Conversation} state from DRAW_PENDING to NO_SURFACE; reason: destroySurface
06-26 17:08:37.093  3449  6038 D OplusStartingWindowManager: skip remove starting window for activity = ActivityRecord{157811165 u0 com.whatsapp/.Conversation t41535} ,ar != topActivityContainsStartingWindow on activityStopped
06-26 17:08:37.094  3449  6596 D BackgroundInstallControlService: Package event received: 0
06-26 17:08:37.099  3449  3796 I UsbAlsaManager: Unknown type file(controlC1) added.
06-26 17:08:37.100  3449  4592 E WindowManager: Display reconfigured outside of a transition: Display{#0 state=ON size=1264x2780 ROTATION_0}
06-26 17:08:37.101  3449  4592 D DisplayManagerServiceExtImpl: scheduleTraversalLocked intraversal=false
06-26 17:08:37.101  3449  4592 I DisplayManagerServiceExtImpl: handle logical display changed logicalDisplay=id=0,stack=0,content=true,displayInfo{stack=0,type=1,id=0,uId=local:4630946652107814787,state=ON,pkg=null}
06-26 17:08:37.102  3449  4592 I DisplayManagerServiceExtImpl: handle logical display changed logicalDisplay=id=17,stack=17,content=false,displayInfo{stack=17,type=5,id=17,uId=virtual:com.android.shell,2000,studio.screen.sharing:0,14,state=ON,pkg=com.android.shell}
06-26 17:08:37.102  3449  3742 D DisplayManagerService: Delivering display event: displayId=0, event=BASIC_CHANGED
06-26 17:08:37.105  3449  3742 D DisplayManagerService: MSG_REQUEST_TRAVERSAL pendingCompleted=false
06-26 17:08:37.106  3449  3742 D DisplayManagerService: Delivering display event: displayId=17, event=BASIC_CHANGED
06-26 17:08:37.110  3449  4982 D UsbHostManager: usbDeviceRemoved(/dev/bus/usb/001/002) end
06-26 17:08:37.112  3449  3740 D WindowManager: DeferredDisplayUpdater: applying DisplayInfo(792 x 1742) immediately
06-26 17:08:37.112  3449  3742 E ModeChangeObserver: Changed display not found
06-26 17:08:37.112  3449  3740 V WindowManager: Content Recording: Display 17 state was (2), is now (2), so update recording?
06-26 17:08:37.112  3449  3740 D OplusVFXScreenEffectFeature: notifySFCompatWindowStateChange entered false
06-26 17:08:37.112  3449  3740 D FSS_FoldScreenBlackCoverController: displayChangeToOn, dc:Display{#17 state=ON size=792x1742 ROTATION_0}
06-26 17:08:37.113  3449  4982 D UsbHostManager: Removed device at /dev/bus/usb/001/002: USB Audio
06-26 17:08:37.113  3449  4982 I UsbAlsaManager: USB Audio Device Removed: UsbAlsaDevice: [card: 1, device: 0, name: USB Audio, hasOutput: true, hasInput: true]
06-26 17:08:37.113  3449  4982 I UsbAlsaManager: waitForAlsaDevice for device card=1, isAdded=false, found=false
06-26 17:08:37.113  3449  4982 I UsbAlsaDevice: OUTPUT JACK connected: true
06-26 17:08:37.117  3449  3752 W UserAwareMgr: can not find match thread: GLPhoto for process com.heytap.colorfulengine Pid: 5164
06-26 17:08:37.117  3449  3752 W UserAwareMgr: can not find match thread: VideoCodec for process com.heytap.colorfulengine Pid: 5164
06-26 17:08:37.117  3449  3752 W UserAwareMgr: can not find match thread: Loader:Progress for process com.heytap.colorfulengine Pid: 5164
06-26 17:08:37.117  3449  3752 W UserAwareMgr: can not find match thread: MediaCodec_looper for process com.heytap.colorfulengine Pid: 5164
06-26 17:08:37.122  3449  4740 I AS.AudioService: onUpdateContextualVolumes: absolute volume driving streams 0 avrcp supported: false
06-26 17:08:37.119  4917  4917 D CastManagerService: onDisplayChanged.
06-26 17:08:37.124  4917  4917 D CastManagerService: onDisplayChanged.
06-26 17:08:37.126  3449  4982 I UsbAlsaDevice: INPUT JACK connected: true
06-26 17:08:37.128  3449  4906 D OAppNetControlService: Hans update:[10327=false][0|0] blackList:[10377, 10198, 10439, 10315, 10171, 10217, 10332, 10428, 10172, 10322, 10180, 10440, 10325, 10323, 10363, 10328, 10294, 10119, 10354, 10212, 10182, 10138, 10178, 10427, 10446, 10429]
06-26 17:08:37.129  3449  4906 D OAppNetControlService: Hans update:[10427=false][0|0] blackList:[10377, 10198, 10439, 10315, 10171, 10217, 10332, 10428, 10172, 10322, 10180, 10440, 10325, 10323, 10363, 10328, 10294, 10119, 10354, 10212, 10182, 10138, 10178, 10446, 10429]
06-26 17:08:37.130  3449  4906 D OAppNetControlService: Hans update:[10446=false][0|0] blackList:[10377, 10198, 10439, 10315, 10171, 10217, 10332, 10428, 10172, 10322, 10180, 10440, 10325, 10323, 10363, 10328, 10294, 10119, 10354, 10212, 10182, 10138, 10178, 10429]
06-26 17:08:37.136  3449  3449 D OplusUsbDeviceFeature: USB interface status msubclass=1
06-26 17:08:37.136  3449  3449 D OplusUsbDeviceFeature: USB interface status msubclass=1
06-26 17:08:37.136  3449  3449 D OplusUsbDeviceFeature: USB interface status msubclass=1
06-26 17:08:37.136  3449  3449 D OplusUsbDeviceFeature: USB interface status msubclass=1
06-26 17:08:37.136  3449  3449 D OplusUsbDeviceFeature: USB interface status msubclass=1
06-26 17:08:37.136  3449  3449 D OplusUsbDeviceFeature: USB interface status msubclass=1
06-26 17:08:37.136  3449  3449 D OplusUsbDeviceFeature: USB interface status msubclass=3
06-26 17:08:37.136  3449  3449 D OplusUsbDeviceFeature: detach interface: Audio,Audio,Audio,Audio,Audio,Audio,HID
06-26 17:08:37.136  3449  3449 D OplusUsbDeviceFeature: Detached: 
06-26 17:08:37.136  3449  3449 D OplusUsbDeviceFeature: detached device!
06-26 17:08:37.137  3449  3739 I UsbDeviceManager: HOST_STATE connected:false
06-26 17:08:37.138  3449  3765 D BatteryStatsImplExtImpl: mActiveProcesses size = 88
06-26 17:08:37.138  3449  3765 D BatteryStatsImplExtImpl: rpmhStats is null or interval time is too short.
06-26 17:08:37.138  3449  4906 D OAppNetControlService: Hans update:[10138=false][0|0] blackList:[10377, 10198, 10439, 10315, 10171, 10217, 10332, 10428, 10172, 10322, 10180, 10440, 10325, 10323, 10363, 10328, 10294, 10119, 10354, 10212, 10182, 10178, 10429]
06-26 17:08:37.141  3449  4982 D UsbHostManager: usbDeviceRemoved(/dev/bus/usb/002/001) end
06-26 17:08:37.141  3449  4982 D UsbHostManager: Removed device at /dev/bus/usb/002/001 was already gone
06-26 17:08:37.142  3449  4982 D UsbHostManager: usbDeviceRemoved(/dev/bus/usb/001/001) end
06-26 17:08:37.142  3449  4982 D UsbHostManager: Removed device at /dev/bus/usb/001/001 was already gone
06-26 17:08:37.142  3449  3818 D OplusDisplayBrightnessBroadcastReceiver: onReceive action = android.intent.action.BATTERY_CHANGED , listeners = [com.android.server.display.feature.postprocess.OplusFeatureEdrEnhanceBrightness$PhoneInfoReceiver@952a1a5, com.android.server.display.feature.postprocess.OplusFeatureLowVoltageLimitBrightness$InstallVoltageBroadcastReceiver@d497a]
06-26 17:08:37.143  3449  5346 D BroadcastQueue: setDeferPolicy processName: {com.google.android.apps.youtube.music} uid: 10327 policy: 1 defer: false
06-26 17:08:37.145  3449  3507 I UsbPortManager: AIDL UsbDataStatus:1
06-26 17:08:37.145  3449  3507 I UsbPortManager: ClientCallback AIDL V1: port0
06-26 17:08:37.146  3449  6038 I UsbPortManager: AIDL UsbDataStatus:1
06-26 17:08:37.146  3449  6038 I UsbPortManager: ClientCallback AIDL V1: port0
06-26 17:08:37.153  3449  5346 D BroadcastQueue: setDeferPolicy processName: {com.zenithflows.ims} uid: 10427 policy: 1 defer: false
06-26 17:08:37.154  3449  3743 D DisplayModeDirector: setAppRequest displayId : 17  modeId: 0  requestedRefreshRate: 0.0  requestedMinRefreshRateRange: 0.0  requestedMaxRefreshRateRange: 0.0
06-26 17:08:37.155  3449  3739 I UsbPortManager: USB port changed: port=UsbPort{id=port0, supportedModes=dual, audio_acc, supportedContaminantProtectionModes=5, supportsEnableContaminantPresenceProtection=false, supportsEnableContaminantPresenceDetection=false, supportsComplianceWarnings=false, status=UsbPortStatus{connected=false, currentMode=none, currentPowerRole=no-power, currentDataRole=no-data, supportedRoleCombinations=[no-power:no-data], contaminantDetectionStatus=2, contaminantProtectionStatus=1, usbDataStatus=enabled, isPowerTransferLimited=false, powerBrickConnectionStatus=unknown, complianceWarnings=[], plugState=0, displayPortAltModeInfo=null}, canChangeMode=true, canChangePowerRole=false, canChangeDataRole=false, connectedAtMillis=0, lastConnectDurationMillis=2433657
06-26 17:08:37.155  3449  3739 E OplusUsbDeviceFeature: getVdmData: feature not supported
06-26 17:08:37.155  3449  3739 I OplusUsbDeviceFeature: notSupportAnalogHeadset isInitializing: false
06-26 17:08:37.155  3449  3739 D OplusUsbDeviceFeature: notSupportAnalogHeadset currentMode: none, mAnalogHeadset: false
06-26 17:08:37.158  3449  5346 D BroadcastQueue: setDeferPolicy processName: {com.nis.app} uid: 10446 policy: 1 defer: false
06-26 17:08:37.158  3449  3449 I UsbDeviceManager: updateHostState UsbPort{id=port0, supportedModes=dual, audio_acc, supportedContaminantProtectionModes=5, supportsEnableContaminantPresenceProtection=false, supportsEnableContaminantPresenceDetection=false, supportsComplianceWarnings=false status=UsbPortStatus{connected=false, currentMode=none, currentPowerRole=no-power, currentDataRole=no-data, supportedRoleCombinations=[no-power:no-data], contaminantDetectionStatus=2, contaminantProtectionStatus=1, usbDataStatus=enabled, isPowerTransferLimited=false, powerBrickConnectionStatus=unknown, complianceWarnings=[], plugState=0, displayPortAltModeInfo=null}
06-26 17:08:37.175  3449  5346 D BroadcastQueue: setDeferPolicy processName: {com.heytap.market} uid: 10138 policy: 1 defer: false
06-26 17:08:37.186  3449  3756 I ActivityManager: Start proc 31565:android.process.media/u0a78 for broadcast {com.android.mtp/com.android.mtp.UsbIntentReceiver}
06-26 17:08:37.186  3449  3740 I ActivityManager: ProcessObserver broadcast disabled
06-26 17:08:37.188  3449  4451 I MemoryOperationUtils: add 31565 to inactive
06-26 17:08:37.188  3449  3743 D DisplayModeDirector: setAppRequest displayId : 0  modeId: 1  requestedRefreshRate: 0.0  requestedMinRefreshRateRange: 0.0  requestedMaxRefreshRateRange: 120.00001
06-26 17:08:37.188  3449  3743 D DisplayManagerService: performTraversalInternal pendingTraversal
06-26 17:08:37.188  3449  3743 D DisplayDevice: setLayerStackLocked id=local:4630946652107814787 token=android.os.BinderProxy@263e8f stack=0->0
06-26 17:08:37.188  3449  3743 D DisplayDevice: setLayerStackLocked id=virtual:com.android.shell,2000,studio.screen.sharing:0,14 token=android.os.BinderProxy@cc608ff stack=17->17
06-26 17:08:37.188  3449  3507 V WindowManager: Relayout Window{9965b43 u0 StatusBar}: viewVisibility=0, oldvis=0, req=1264x140 , apr = 0, , x=0, y=0
06-26 17:08:37.188  3449  3507 D DisplayModeDirector: setAppRequest displayId : 17  modeId: 0  requestedRefreshRate: 0.0  requestedMinRefreshRateRange: 0.0  requestedMaxRefreshRateRange: 0.0
06-26 17:08:37.189  3449  3507 D DisplayModeDirector: setAppRequest displayId : 0  modeId: 1  requestedRefreshRate: 0.0  requestedMinRefreshRateRange: 0.0  requestedMaxRefreshRateRange: 120.00001
06-26 17:08:37.189  3449  3507 D ActivityTaskManager: The isLandscapeFullscreenEnabled is: com.google.android.dialer/com.android.dialer.incall.activity.ui.InCallActivity
06-26 17:08:37.189  3449  3507 D ActivityTaskManager: The isLandscapeFullscreenEnabled is: com.google.android.dialer/com.android.dialer.incall.activity.ui.InCallActivity
